Archive member included to satisfy reference by file (symbol)

C:/ST/STM32CubeIDE_1.13.1/STM32CubeIDE/plugins/com.st.stm32cube.ide.mcu.externaltools.gnu-tools-for-stm32.11.3.rel1.win32_1.1.0.202305231506/tools/bin/../lib/gcc/arm-none-eabi/11.3.1/../../../../arm-none-eabi/lib/thumb/v7-m/nofp\libc_nano.a(libc_a-exit.o)
                              C:/ST/STM32CubeIDE_1.13.1/STM32CubeIDE/plugins/com.st.stm32cube.ide.mcu.externaltools.gnu-tools-for-stm32.11.3.rel1.win32_1.1.0.202305231506/tools/bin/../lib/gcc/arm-none-eabi/11.3.1/../../../../arm-none-eabi/lib/thumb/v7-m/nofp/crt0.o (exit)
C:/ST/STM32CubeIDE_1.13.1/STM32CubeIDE/plugins/com.st.stm32cube.ide.mcu.externaltools.gnu-tools-for-stm32.11.3.rel1.win32_1.1.0.202305231506/tools/bin/../lib/gcc/arm-none-eabi/11.3.1/../../../../arm-none-eabi/lib/thumb/v7-m/nofp\libc_nano.a(libc_a-findfp.o)
                              C:/ST/STM32CubeIDE_1.13.1/STM32CubeIDE/plugins/com.st.stm32cube.ide.mcu.externaltools.gnu-tools-for-stm32.11.3.rel1.win32_1.1.0.202305231506/tools/bin/../lib/gcc/arm-none-eabi/11.3.1/../../../../arm-none-eabi/lib/thumb/v7-m/nofp\libc_nano.a(libc_a-exit.o) (__stdio_exit_handler)
C:/ST/STM32CubeIDE_1.13.1/STM32CubeIDE/plugins/com.st.stm32cube.ide.mcu.externaltools.gnu-tools-for-stm32.11.3.rel1.win32_1.1.0.202305231506/tools/bin/../lib/gcc/arm-none-eabi/11.3.1/../../../../arm-none-eabi/lib/thumb/v7-m/nofp\libc_nano.a(libc_a-fwalk.o)
                              C:/ST/STM32CubeIDE_1.13.1/STM32CubeIDE/plugins/com.st.stm32cube.ide.mcu.externaltools.gnu-tools-for-stm32.11.3.rel1.win32_1.1.0.202305231506/tools/bin/../lib/gcc/arm-none-eabi/11.3.1/../../../../arm-none-eabi/lib/thumb/v7-m/nofp\libc_nano.a(libc_a-findfp.o) (_fwalk_sglue)
C:/ST/STM32CubeIDE_1.13.1/STM32CubeIDE/plugins/com.st.stm32cube.ide.mcu.externaltools.gnu-tools-for-stm32.11.3.rel1.win32_1.1.0.202305231506/tools/bin/../lib/gcc/arm-none-eabi/11.3.1/../../../../arm-none-eabi/lib/thumb/v7-m/nofp\libc_nano.a(libc_a-stdio.o)
                              C:/ST/STM32CubeIDE_1.13.1/STM32CubeIDE/plugins/com.st.stm32cube.ide.mcu.externaltools.gnu-tools-for-stm32.11.3.rel1.win32_1.1.0.202305231506/tools/bin/../lib/gcc/arm-none-eabi/11.3.1/../../../../arm-none-eabi/lib/thumb/v7-m/nofp\libc_nano.a(libc_a-findfp.o) (__sread)
C:/ST/STM32CubeIDE_1.13.1/STM32CubeIDE/plugins/com.st.stm32cube.ide.mcu.externaltools.gnu-tools-for-stm32.11.3.rel1.win32_1.1.0.202305231506/tools/bin/../lib/gcc/arm-none-eabi/11.3.1/../../../../arm-none-eabi/lib/thumb/v7-m/nofp\libc_nano.a(libc_a-memset.o)
                              C:/ST/STM32CubeIDE_1.13.1/STM32CubeIDE/plugins/com.st.stm32cube.ide.mcu.externaltools.gnu-tools-for-stm32.11.3.rel1.win32_1.1.0.202305231506/tools/bin/../lib/gcc/arm-none-eabi/11.3.1/../../../../arm-none-eabi/lib/thumb/v7-m/nofp/crt0.o (memset)
C:/ST/STM32CubeIDE_1.13.1/STM32CubeIDE/plugins/com.st.stm32cube.ide.mcu.externaltools.gnu-tools-for-stm32.11.3.rel1.win32_1.1.0.202305231506/tools/bin/../lib/gcc/arm-none-eabi/11.3.1/../../../../arm-none-eabi/lib/thumb/v7-m/nofp\libc_nano.a(libc_a-closer.o)
                              C:/ST/STM32CubeIDE_1.13.1/STM32CubeIDE/plugins/com.st.stm32cube.ide.mcu.externaltools.gnu-tools-for-stm32.11.3.rel1.win32_1.1.0.202305231506/tools/bin/../lib/gcc/arm-none-eabi/11.3.1/../../../../arm-none-eabi/lib/thumb/v7-m/nofp\libc_nano.a(libc_a-stdio.o) (_close_r)
C:/ST/STM32CubeIDE_1.13.1/STM32CubeIDE/plugins/com.st.stm32cube.ide.mcu.externaltools.gnu-tools-for-stm32.11.3.rel1.win32_1.1.0.202305231506/tools/bin/../lib/gcc/arm-none-eabi/11.3.1/../../../../arm-none-eabi/lib/thumb/v7-m/nofp\libc_nano.a(libc_a-reent.o)
                              C:/ST/STM32CubeIDE_1.13.1/STM32CubeIDE/plugins/com.st.stm32cube.ide.mcu.externaltools.gnu-tools-for-stm32.11.3.rel1.win32_1.1.0.202305231506/tools/bin/../lib/gcc/arm-none-eabi/11.3.1/../../../../arm-none-eabi/lib/thumb/v7-m/nofp\libc_nano.a(libc_a-closer.o) (errno)
C:/ST/STM32CubeIDE_1.13.1/STM32CubeIDE/plugins/com.st.stm32cube.ide.mcu.externaltools.gnu-tools-for-stm32.11.3.rel1.win32_1.1.0.202305231506/tools/bin/../lib/gcc/arm-none-eabi/11.3.1/../../../../arm-none-eabi/lib/thumb/v7-m/nofp\libc_nano.a(libc_a-impure.o)
                              C:/ST/STM32CubeIDE_1.13.1/STM32CubeIDE/plugins/com.st.stm32cube.ide.mcu.externaltools.gnu-tools-for-stm32.11.3.rel1.win32_1.1.0.202305231506/tools/bin/../lib/gcc/arm-none-eabi/11.3.1/../../../../arm-none-eabi/lib/thumb/v7-m/nofp\libc_nano.a(libc_a-reent.o) (_impure_ptr)
C:/ST/STM32CubeIDE_1.13.1/STM32CubeIDE/plugins/com.st.stm32cube.ide.mcu.externaltools.gnu-tools-for-stm32.11.3.rel1.win32_1.1.0.202305231506/tools/bin/../lib/gcc/arm-none-eabi/11.3.1/../../../../arm-none-eabi/lib/thumb/v7-m/nofp\libc_nano.a(libc_a-lseekr.o)
[...]
Memory Configuration

Name             Origin             Length             Attributes
RAM              0x0000000020000000 0x0000000000005000 xrw
FLASH            0x0000000008008000 0x0000000000016000 xr
*default*        0x0000000000000000 0xffffffffffffffff

Linker script and memory map

LOAD C:/ST/STM32CubeIDE_1.13.1/STM32CubeIDE/plugins/com.st.stm32cube.ide.mcu.externaltools.gnu-tools-for-stm32.11.3.rel1.win32_1.1.0.202305231506/tools/bin/../lib/gcc/arm-none-eabi/11.3.1/thumb/v7-m/nofp/crti.o
LOAD C:/ST/STM32CubeIDE_1.13.1/STM32CubeIDE/plugins/com.st.stm32cube.ide.mcu.externaltools.gnu-tools-for-stm32.11.3.rel1.win32_1.1.0.202305231506/tools/bin/../lib/gcc/arm-none-eabi/11.3.1/thumb/v7-m/nofp/crtbegin.o
LOAD C:/ST/STM32CubeIDE_1.13.1/STM32CubeIDE/plugins/com.st.stm32cube.ide.mcu.externaltools.gnu-tools-for-stm32.11.3.rel1.win32_1.1.0.202305231506/tools/bin/../lib/gcc/arm-none-eabi/11.3.1/../../../../arm-none-eabi/lib/thumb/v7-m/nofp/crt0.o
LOAD ./Core/Src/5641as_display_driver.o
LOAD ./Core/Src/app_side_etx_ota.o
LOAD ./Core/Src/crc32_mpeg2.o
LOAD ./Core/Src/firmware_update_config.o
LOAD ./Core/Src/hm10_ble_driver.o
LOAD ./Core/Src/main.o
LOAD ./Core/Src/stm32f1xx_hal_msp.o
LOAD ./Core/Src/stm32f1xx_it.o
LOAD ./Core/Src/syscalls.o
LOAD ./Core/Src/sysmem.o
LOAD ./Core/Src/system_stm32f1xx.o
LOAD ./Core/Startup/startup_stm32f103c8tx.o
LOAD ./Drivers/STM32F1xx_HAL_Driver/Src/stm32f1xx_hal.o
LOAD ./Drivers/STM32F1xx_HAL_Driver/Src/stm32f1xx_hal_adc.o
LOAD ./Drivers/STM32F1xx_HAL_Driver/Src/stm32f1xx_hal_adc_ex.o
LOAD ./Drivers/STM32F1xx_HAL_Driver/Src/stm32f1xx_hal_cortex.o
LOAD ./Drivers/STM32F1xx_HAL_Driver/Src/stm32f1xx_hal_dma.o
LOAD ./Drivers/STM32F1xx_HAL_Driver/Src/stm32f1xx_hal_exti.o
LOAD ./Drivers/STM32F1xx_HAL_Driver/Src/stm32f1xx_hal_flash.o
LOAD ./Drivers/STM32F1xx_HAL_Driver/Src/stm32f1xx_hal_flash_ex.o
LOAD ./Drivers/STM32F1xx_HAL_Driver/Src/stm32f1xx_hal_gpio.o
LOAD ./Drivers/STM32F1xx_HAL_Driver/Src/stm32f1xx_hal_gpio_ex.o
LOAD ./Drivers/STM32F1xx_HAL_Driver/Src/stm32f1xx_hal_pwr.o
LOAD ./Drivers/STM32F1xx_HAL_Driver/Src/stm32f1xx_hal_rcc.o
LOAD ./Drivers/STM32F1xx_HAL_Driver/Src/stm32f1xx_hal_rcc_ex.o
LOAD ./Drivers/STM32F1xx_HAL_Driver/Src/stm32f1xx_hal_tim.o
LOAD ./Drivers/STM32F1xx_HAL_Driver/Src/stm32f1xx_hal_tim_ex.o
LOAD ./Drivers/STM32F1xx_HAL_Driver/Src/stm32f1xx_hal_uart.o
START GROUP
LOAD C:/ST/STM32CubeIDE_1.13.1/STM32CubeIDE/plugins/com.st.stm32cube.ide.mcu.externaltools.gnu-tools-for-stm32.11.3.rel1.win32_1.1.0.202305231506/tools/bin/../lib/gcc/arm-none-eabi/11.3.1/../../../../arm-none-eabi/lib/thumb/v7-m/nofp\libc_nano.a
LOAD C:/ST/STM32CubeIDE_1.13.1/STM32CubeIDE/plugins/com.st.stm32cube.ide.mcu.externaltools.gnu-tools-for-stm32.11.3.rel1.win32_1.1.0.202305231506/tools/bin/../lib/gcc/arm-none-eabi/11.3.1/../../../../arm-none-eabi/lib/thumb/v7-m/nofp\libm.a
END GROUP
START GROUP
LOAD C:/ST/STM32CubeIDE_1.13.1/STM32CubeIDE/plugins/com.st.stm32cube.ide.mcu.externaltools.gnu-tools-for-stm32.11.3.rel1.win32_1.1.0.202305231506/tools/bin/../lib/gcc/arm-none-eabi/11.3.1/thumb/v7-m/nofp\libgcc.a
LOAD C:/ST/STM32CubeIDE_1.13.1/STM32CubeIDE/plugins/com.st.stm32cube.ide.mcu.externaltools.gnu-tools-for-stm32.11.3.rel1.win32_1.1.0.202305231506/tools/bin/../lib/gcc/arm-none-eabi/11.3.1/../../../../arm-none-eabi/lib/thumb/v7-m/nofp\libc_nano.a
END GROUP
START GROUP
LOAD C:/ST/STM32CubeIDE_1.13.1/STM32CubeIDE/plugins/com.st.stm32cube.ide.mcu.externaltools.gnu-tools-for-stm32.11.3.rel1.win32_1.1.0.202305231506/tools/bin/../lib/gcc/arm-none-eabi/11.3.1/thumb/v7-m/nofp\libgcc.a
LOAD C:/ST/STM32CubeIDE_1.13.1/STM32CubeIDE/plugins/com.st.stm32cube.ide.mcu.externaltools.gnu-tools-for-stm32.11.3.rel1.win32_1.1.0.202305231506/tools/bin/../lib/gcc/arm-none-eabi/11.3.1/../../../../arm-none-eabi/lib/thumb/v7-m/nofp\libc_nano.a
LOAD C:/ST/STM32CubeIDE_1.13.1/STM32CubeIDE/plugins/com.st.stm32cube.ide.mcu.externaltools.gnu-tools-for-stm32.11.3.rel1.win32_1.1.0.202305231506/tools/bin/../lib/gcc/arm-none-eabi/11.3.1/../../../../arm-none-eabi/lib/thumb/v7-m/nofp\libnosys.a
END GROUP
START GROUP
LOAD C:/ST/STM32CubeIDE_1.13.1/STM32CubeIDE/plugins/com.st.stm32cube.ide.mcu.externaltools.gnu-tools-for-stm32.11.3.rel1.win32_1.1.0.202305231506/tools/bin/../lib/gcc/arm-none-eabi/11.3.1/thumb/v7-m/nofp\libgcc.a
LOAD C:/ST/STM32CubeIDE_1.13.1/STM32CubeIDE/plugins/com.st.stm32cube.ide.mcu.externaltools.gnu-tools-for-stm32.11.3.rel1.win32_1.1.0.202305231506/tools/bin/../lib/gcc/arm-none-eabi/11.3.1/../../../../arm-none-eabi/lib/thumb/v7-m/nofp\libc_nano.a
LOAD C:/ST/STM32CubeIDE_1.13.1/STM32CubeIDE/plugins/com.st.stm32cube.ide.mcu.externaltools.gnu-tools-for-stm32.11.3.rel1.win32_1.1.0.202305231506/tools/bin/../lib/gcc/arm-none-eabi/11.3.1/../../../../arm-none-eabi/lib/thumb/v7-m/nofp\libnosys.a
END GROUP
LOAD C:/ST/STM32CubeIDE_1.13.1/STM32CubeIDE/plugins/com.st.stm32cube.ide.mcu.externaltools.gnu-tools-for-stm32.11.3.rel1.win32_1.1.0.202305231506/tools/bin/../lib/gcc/arm-none-eabi/11.3.1/thumb/v7-m/nofp/crtend.o
LOAD C:/ST/STM32CubeIDE_1.13.1/STM32CubeIDE/plugins/com.st.stm32cube.ide.mcu.externaltools.gnu-tools-for-stm32.11.3.rel1.win32_1.1.0.202305231506/tools/bin/../lib/gcc/arm-none-eabi/11.3.1/thumb/v7-m/nofp/crtn.o
                0x0000000020005000                _estack = (ORIGIN (RAM) + LENGTH (RAM))
                0x0000000000000200                _Min_Heap_Size = 0x200
                0x0000000000000400                _Min_Stack_Size = 0x400

.isr_vector     0x0000000008008000      0x10c
                0x0000000008008000                . = ALIGN (0x4)
 *(.isr_vector)
 .isr_vector    0x0000000008008000      0x10c ./Core/Startup/startup_stm32f103c8tx.o
                0x0000000008008000                g_pfnVectors
                0x000000000800810c                . = ALIGN (0x4)

.text           0x0000000008008110     0x5e50
                0x0000000008008110                . = ALIGN (0x4)
 *(.text)
 .text          0x0000000008008110       0x40 C:/ST/STM32CubeIDE_1.13.1/STM32CubeIDE/plugins/com.st.stm32cube.ide.mcu.externaltools.gnu-tools-for-stm32.11.3.rel1.win32_1.1.0.202305231506/tools/bin/../lib/gcc/arm-none-eabi/11.3.1/thumb/v7-m/nofp/crtbegin.o
 .text          0x0000000008008150      0x378 C:/ST/STM32CubeIDE_1.13.1/STM32CubeIDE/plugins/com.st.stm32cube.ide.mcu.externaltools.gnu-tools-for-stm32.11.3.rel1.win32_1.1.0.202305231506/tools/bin/../lib/gcc/arm-none-eabi/11.3.1/thumb/v7-m/nofp\libgcc.a(_arm_addsubdf3.o)
                0x0000000008008150                __aeabi_drsub
                0x0000000008008158                __aeabi_dsub
                0x0000000008008158                __subdf3
                0x000000000800815c                __aeabi_dadd
                0x000000000800815c                __adddf3
                0x00000000080083d4                __floatunsidf
                0x00000000080083d4                __aeabi_ui2d
                0x00000000080083f4                __floatsidf
                0x00000000080083f4                __aeabi_i2d
                0x0000000008008418                __aeabi_f2d
                0x0000000008008418                __extendsfdf2
                0x000000000800845c                __floatundidf
                0x000000000800845c                __aeabi_ul2d
                0x000000000800846c                __floatdidf
                0x000000000800846c                __aeabi_l2d
 .text          0x00000000080084c8      0x424 C:/ST/STM32CubeIDE_1.13.1/STM32CubeIDE/plugins/com.st.stm32cube.ide.mcu.externaltools.gnu-tools-for-stm32.11.3.rel1.win32_1.1.0.202305231506/tools/bin/../lib/gcc/arm-none-eabi/11.3.1/thumb/v7-m/nofp\libgcc.a(_arm_muldivdf3.o)
                0x00000000080084c8                __aeabi_dmul
                0x00000000080084c8                __muldf3
                0x000000000800871c                __divdf3
                0x000000000800871c                __aeabi_ddiv
 .text          0x00000000080088ec      0x110 C:/ST/STM32CubeIDE_1.13.1/STM32CubeIDE/plugins/com.st.stm32cube.ide.mcu.externaltools.gnu-tools-for-stm32.11.3.rel1.win32_1.1.0.202305231506/tools/bin/../lib/gcc/arm-none-eabi/11.3.1/thumb/v7-m/nofp\libgcc.a(_arm_cmpdf2.o)
                0x00000000080088ec                __gtdf2
                0x00000000080088ec                __gedf2
                0x00000000080088f4                __ltdf2
                0x00000000080088f4                __ledf2
                0x00000000080088fc                __nedf2
                0x00000000080088fc                __eqdf2
                0x00000000080088fc                __cmpdf2
                0x0000000008008978                __aeabi_cdrcmple
                0x0000000008008988                __aeabi_cdcmpeq
                0x0000000008008988                __aeabi_cdcmple
                0x0000000008008998                __aeabi_dcmpeq
                0x00000000080089ac                __aeabi_dcmplt
                0x00000000080089c0                __aeabi_dcmple
                0x00000000080089d4                __aeabi_dcmpge
                0x00000000080089e8                __aeabi_dcmpgt
 .text          0x00000000080089fc       0xa0 C:/ST/STM32CubeIDE_1.13.1/STM32CubeIDE/plugins/com.st.stm32cube.ide.mcu.externaltools.gnu-tools-for-stm32.11.3.rel1.win32_1.1.0.202305231506/tools/bin/../lib/gcc/arm-none-eabi/11.3.1/thumb/v7-m/nofp\libgcc.a(_arm_truncdfsf2.o)
                0x00000000080089fc                __truncdfsf2
                0x00000000080089fc                __aeabi_d2f
 .text          0x0000000008008a9c      0x21c C:/ST/STM32CubeIDE_1.13.1/STM32CubeIDE/plugins/com.st.stm32cube.ide.mcu.externaltools.gnu-tools-for-stm32.11.3.rel1.win32_1.1.0.202305231506/tools/bin/../lib/gcc/arm-none-eabi/11.3.1/thumb/v7-m/nofp\libgcc.a(_arm_addsubsf3.o)
                0x0000000008008a9c                __aeabi_frsub
                0x0000000008008aa4                __subsf3
                0x0000000008008aa4                __aeabi_fsub
                0x0000000008008aa8                __aeabi_fadd
                0x0000000008008aa8                __addsf3
                0x0000000008008c08                __aeabi_ui2f
                0x0000000008008c08                __floatunsisf
                0x0000000008008c10                __aeabi_i2f
                0x0000000008008c10                __floatsisf
                0x0000000008008c2c                __aeabi_ul2f
                0x0000000008008c2c                __floatundisf
                0x0000000008008c3c                __aeabi_l2f
                0x0000000008008c3c                __floatdisf
 .text          0x0000000008008cb8      0x2a0 C:/ST/STM32CubeIDE_1.13.1/STM32CubeIDE/plugins/com.st.stm32cube.ide.mcu.externaltools.gnu-tools-for-stm32.11.3.rel1.win32_1.1.0.202305231506/tools/bin/../lib/gcc/arm-none-eabi/11.3.1/thumb/v7-m/nofp\libgcc.a(_arm_muldivsf3.o)
                0x0000000008008cb8                __mulsf3
                0x0000000008008cb8                __aeabi_fmul
                0x0000000008008e20                __aeabi_fdiv
                0x0000000008008e20                __divsf3
 .text          0x0000000008008f58       0xec C:/ST/STM32CubeIDE_1.13.1/STM32CubeIDE/plugins/com.st.stm32cube.ide.mcu.externaltools.gnu-tools-for-stm32.11.3.rel1.win32_1.1.0.202305231506/tools/bin/../lib/gcc/arm-none-eabi/11.3.1/thumb/v7-m/nofp\libgcc.a(_arm_cmpsf2.o)
                0x0000000008008f58                __gesf2
                0x0000000008008f58                __gtsf2
                0x0000000008008f60                __lesf2
                0x0000000008008f60                __ltsf2
                0x0000000008008f68                __nesf2
                0x0000000008008f68                __eqsf2
                0x0000000008008f68                __cmpsf2
                0x0000000008008fc8                __aeabi_cfrcmple
                0x0000000008008fd0                __aeabi_cfcmpeq
                0x0000000008008fd0                __aeabi_cfcmple
                0x0000000008008fe0                __aeabi_fcmpeq
                0x0000000008008ff4                __aeabi_fcmplt
                0x0000000008009008                __aeabi_fcmple
                0x000000000800901c                __aeabi_fcmpge
                0x0000000008009030                __aeabi_fcmpgt
 .text          0x0000000008009044       0x40 C:/ST/STM32CubeIDE_1.13.1/STM32CubeIDE/plugins/com.st.stm32cube.ide.mcu.externaltools.gnu-tools-for-stm32.11.3.rel1.win32_1.1.0.202305231506/tools/bin/../lib/gcc/arm-none-eabi/11.3.1/thumb/v7-m/nofp\libgcc.a(_arm_fixunssfsi.o)
                0x0000000008009044                __fixunssfsi
                0x0000000008009044                __aeabi_f2uiz
 *(.text*)
 .text.turn_off_all_5641as_display_terminals
                0x0000000008009084       0xac ./Core/Src/5641as_display_driver.o
 .text.show_custom_display_output
                0x0000000008009130       0xf0 ./Core/Src/5641as_display_driver.o
 .text.init_5641as_display_module
                0x0000000008009220       0x28 ./Core/Src/5641as_display_driver.o
                0x0000000008009220                init_5641as_display_module
 .text.start_5641as_display_module
                0x0000000008009248        0xc ./Core/Src/5641as_display_driver.o
                0x0000000008009248                start_5641as_display_module
 .text.stop_5641as_display_module
                0x0000000008009254        0xc ./Core/Src/5641as_display_driver.o
                0x0000000008009254                stop_5641as_display_module
 .text.set_5641as_display_output
                0x0000000008009260      0x194 ./Core/Src/5641as_display_driver.o
                0x0000000008009260                set_5641as_display_output
 .text.HAL_TIM_PeriodElapsedCallback
                0x00000000080093f4      0x528 ./Core/Src/5641as_display_driver.o
                0x00000000080093f4                HAL_TIM_PeriodElapsedCallback
 .text.etx_ota_send_resp.isra.0
                0x000000000800991c       0x70 ./Core/Src/app_side_etx_ota.o
 .text.init_firmware_update_module
                0x000000000800998c       0xd0 ./Core/Src/app_side_etx_ota.o
                0x000000000800998c                init_firmware_update_module
 .text.start_etx_ota
                0x0000000008009a5c       0x1c ./Core/Src/app_side_etx_ota.o
                0x0000000008009a5c                start_etx_ota
 .text.HAL_UART_RxCpltCallback
                0x0000000008009a78      0x428 ./Core/Src/app_side_etx_ota.o
                0x0000000008009a78                HAL_UART_RxCpltCallback
 .text.crc32_mpeg2
                0x0000000008009ea0       0x38 ./Core/Src/crc32_mpeg2.o
                0x0000000008009ea0                crc32_mpeg2
 .text.page_erase
                0x0000000008009ed8       0x60 ./Core/Src/firmware_update_config.o
 .text.firmware_update_configurations_init
                0x0000000008009f38       0xd4 ./Core/Src/firmware_update_config.o
                0x0000000008009f38                firmware_update_configurations_init
 .text.firmware_update_configurations_read
                0x000000000800a00c       0x64 ./Core/Src/firmware_update_config.o
                0x000000000800a00c                firmware_update_configurations_read
 .text.init_hm10_module
                0x000000000800a070        0xc ./Core/Src/hm10_ble_driver.o
                0x000000000800a070                init_hm10_module
 .text.send_hm10_reset_cmd
                0x000000000800a07c       0xb8 ./Core/Src/hm10_ble_driver.o
                0x000000000800a07c                send_hm10_reset_cmd
 .text.send_hm10_renew_cmd
                0x000000000800a134       0xb8 ./Core/Src/hm10_ble_driver.o
                0x000000000800a134                send_hm10_renew_cmd
 .text.set_hm10_name
                0x000000000800a1ec      0x288 ./Core/Src/hm10_ble_driver.o
                0x000000000800a1ec                set_hm10_name
 .text.set_hm10_role
                0x000000000800a474       0xd8 ./Core/Src/hm10_ble_driver.o
                0x000000000800a474                set_hm10_role
 .text.set_hm10_pin
                0x000000000800a54c      0x154 ./Core/Src/hm10_ble_driver.o
                0x000000000800a54c                set_hm10_pin
 .text.set_hm10_pin_code_mode
                0x000000000800a6a0       0xd8 ./Core/Src/hm10_ble_driver.o
                0x000000000800a6a0                set_hm10_pin_code_mode
 .text.set_hm10_module_work_mode
                0x000000000800a778       0xd8 ./Core/Src/hm10_ble_driver.o
                0x000000000800a778                set_hm10_module_work_mode
 .text.disconnect_hm10_from_bt_address
                0x000000000800a850       0xc0 ./Core/Src/hm10_ble_driver.o
                0x000000000800a850                disconnect_hm10_from_bt_address
 .text.send_hm10_ota_data
                0x000000000800a910       0x2c ./Core/Src/hm10_ble_driver.o
                0x000000000800a910                send_hm10_ota_data
 .text.get_hm10_ota_data
                0x000000000800a93c       0x2c ./Core/Src/hm10_ble_driver.o
                0x000000000800a93c                get_hm10_ota_data
 .text.convert_number_to_ASCII.constprop.1.isra.0
                0x000000000800a968      0x27c ./Core/Src/main.o
 *fill*         0x000000000800abe4        0x4 
 .text.update_current_cold_water_temperature
                0x000000000800abe8       0xd8 ./Core/Src/main.o
 .text.update_current_hot_water_temperature
                0x000000000800acc0       0xd8 ./Core/Src/main.o
 .text.SystemClock_Config
                0x000000000800ad98       0x70 ./Core/Src/main.o
                0x000000000800ad98                SystemClock_Config
 .text.startup.main
                0x000000000800ae08      0x97c ./Core/Src/main.o
                0x000000000800ae08                main
 .text.etx_ota_pre_transaction_handler
                0x000000000800b784        0x4 ./Core/Src/main.o
                0x000000000800b784                etx_ota_pre_transaction_handler
 .text.etx_ota_status_resp_handler
                0x000000000800b788      0x128 ./Core/Src/main.o
                0x000000000800b788                etx_ota_status_resp_handler
 .text.HAL_MspInit
                0x000000000800b8b0       0x30 ./Core/Src/stm32f1xx_hal_msp.o
                0x000000000800b8b0                HAL_MspInit
 .text.HAL_ADC_MspInit
                0x000000000800b8e0       0x64 ./Core/Src/stm32f1xx_hal_msp.o
                0x000000000800b8e0                HAL_ADC_MspInit
 .text.HAL_TIM_Base_MspInit
                0x000000000800b944       0x68 ./Core/Src/stm32f1xx_hal_msp.o
                0x000000000800b944                HAL_TIM_Base_MspInit
 .text.HAL_TIM_MspPostInit
                0x000000000800b9ac       0x54 ./Core/Src/stm32f1xx_hal_msp.o
                0x000000000800b9ac                HAL_TIM_MspPostInit
 .text.HAL_UART_MspInit
                0x000000000800ba00       0x88 ./Core/Src/stm32f1xx_hal_msp.o
                0x000000000800ba00                HAL_UART_MspInit
 .text.NMI_Handler
                0x000000000800ba88        0x4 ./Core/Src/stm32f1xx_it.o
                0x000000000800ba88                NMI_Handler
 .text.HardFault_Handler
                0x000000000800ba8c        0x4 ./Core/Src/stm32f1xx_it.o
                0x000000000800ba8c                HardFault_Handler
 .text.MemManage_Handler
                0x000000000800ba90        0x4 ./Core/Src/stm32f1xx_it.o
                0x000000000800ba90                MemManage_Handler
 .text.BusFault_Handler
                0x000000000800ba94        0x4 ./Core/Src/stm32f1xx_it.o
                0x000000000800ba94                BusFault_Handler
 .text.UsageFault_Handler
                0x000000000800ba98        0x4 ./Core/Src/stm32f1xx_it.o
                0x000000000800ba98                UsageFault_Handler
 .text.SVC_Handler
                0x000000000800ba9c        0x4 ./Core/Src/stm32f1xx_it.o
                0x000000000800ba9c                SVC_Handler
 .text.DebugMon_Handler
                0x000000000800baa0        0x4 ./Core/Src/stm32f1xx_it.o
                0x000000000800baa0                DebugMon_Handler
 .text.PendSV_Handler
                0x000000000800baa4        0x4 ./Core/Src/stm32f1xx_it.o
                0x000000000800baa4                PendSV_Handler
 .text.SysTick_Handler
                0x000000000800baa8        0x4 ./Core/Src/stm32f1xx_it.o
                0x000000000800baa8                SysTick_Handler
 .text.TIM2_IRQHandler
                0x000000000800baac        0xc ./Core/Src/stm32f1xx_it.o
                0x000000000800baac                TIM2_IRQHandler
 .text.USART3_IRQHandler
                0x000000000800bab8        0xc ./Core/Src/stm32f1xx_it.o
                0x000000000800bab8                USART3_IRQHandler
 .text.SystemInit
                0x000000000800bac4       0x10 ./Core/Src/system_stm32f1xx.o
                0x000000000800bac4                SystemInit
 .text.Reset_Handler
                0x000000000800bad4       0x48 ./Core/Startup/startup_stm32f103c8tx.o
                0x000000000800bad4                Reset_Handler
 .text.Default_Handler
                0x000000000800bb1c        0x2 ./Core/Startup/startup_stm32f103c8tx.o
                0x000000000800bb1c                RTC_Alarm_IRQHandler
                0x000000000800bb1c                EXTI2_IRQHandler
                0x000000000800bb1c                TIM1_CC_IRQHandler
                0x000000000800bb1c                PVD_IRQHandler
                0x000000000800bb1c                EXTI3_IRQHandler
                0x000000000800bb1c                EXTI0_IRQHandler
                0x000000000800bb1c                I2C2_EV_IRQHandler
                0x000000000800bb1c                ADC1_2_IRQHandler
                0x000000000800bb1c                SPI1_IRQHandler
                0x000000000800bb1c                TAMPER_IRQHandler
                0x000000000800bb1c                DMA1_Channel4_IRQHandler
                0x000000000800bb1c                RTC_IRQHandler
                0x000000000800bb1c                DMA1_Channel7_IRQHandler
                0x000000000800bb1c                CAN1_RX1_IRQHandler
                0x000000000800bb1c                TIM4_IRQHandler
                0x000000000800bb1c                I2C1_EV_IRQHandler
                0x000000000800bb1c                DMA1_Channel6_IRQHandler
                0x000000000800bb1c                TIM3_IRQHandler
                0x000000000800bb1c                RCC_IRQHandler
                0x000000000800bb1c                TIM1_TRG_COM_IRQHandler
                0x000000000800bb1c                DMA1_Channel1_IRQHandler
                0x000000000800bb1c                Default_Handler
                0x000000000800bb1c                EXTI15_10_IRQHandler
                0x000000000800bb1c                EXTI9_5_IRQHandler
                0x000000000800bb1c                SPI2_IRQHandler
                0x000000000800bb1c                DMA1_Channel5_IRQHandler
                0x000000000800bb1c                EXTI4_IRQHandler
                0x000000000800bb1c                USB_LP_CAN1_RX0_IRQHandler
                0x000000000800bb1c                USB_HP_CAN1_TX_IRQHandler
                0x000000000800bb1c                DMA1_Channel3_IRQHandler
                0x000000000800bb1c                TIM1_UP_IRQHandler
                0x000000000800bb1c                WWDG_IRQHandler
                0x000000000800bb1c                TIM1_BRK_IRQHandler
                0x000000000800bb1c                EXTI1_IRQHandler
                0x000000000800bb1c                USART2_IRQHandler
                0x000000000800bb1c                I2C2_ER_IRQHandler
                0x000000000800bb1c                DMA1_Channel2_IRQHandler
                0x000000000800bb1c                CAN1_SCE_IRQHandler
                0x000000000800bb1c                FLASH_IRQHandler
                0x000000000800bb1c                USART1_IRQHandler
                0x000000000800bb1c                I2C1_ER_IRQHandler
                0x000000000800bb1c                USBWakeUp_IRQHandler
 *fill*         0x000000000800bb1e        0x2 
 .text.HAL_InitTick
                0x000000000800bb20       0x48 ./Drivers/STM32F1xx_HAL_Driver/Src/stm32f1xx_hal.o
                0x000000000800bb20                HAL_InitTick
 .text.HAL_Init
                0x000000000800bb68       0x24 ./Drivers/STM32F1xx_HAL_Driver/Src/stm32f1xx_hal.o
                0x000000000800bb68                HAL_Init
 .text.HAL_IncTick
                0x000000000800bb8c       0x18 ./Drivers/STM32F1xx_HAL_Driver/Src/stm32f1xx_hal.o
                0x000000000800bb8c                HAL_IncTick
 .text.HAL_GetTick
                0x000000000800bba4        0xc ./Drivers/STM32F1xx_HAL_Driver/Src/stm32f1xx_hal.o
                0x000000000800bba4                HAL_GetTick
 .text.HAL_Delay
                0x000000000800bbb0       0x24 ./Drivers/STM32F1xx_HAL_Driver/Src/stm32f1xx_hal.o
                0x000000000800bbb0                HAL_Delay
 .text.HAL_ADC_Init
                0x000000000800bbd4      0x180 ./Drivers/STM32F1xx_HAL_Driver/Src/stm32f1xx_hal_adc.o
                0x000000000800bbd4                HAL_ADC_Init
 .text.HAL_ADC_Stop
                0x000000000800bd54       0x7c ./Drivers/STM32F1xx_HAL_Driver/Src/stm32f1xx_hal_adc.o
                0x000000000800bd54                HAL_ADC_Stop
 .text.HAL_ADC_PollForConversion
                0x000000000800bdd0      0x19c ./Drivers/STM32F1xx_HAL_Driver/Src/stm32f1xx_hal_adc.o
                0x000000000800bdd0                HAL_ADC_PollForConversion
 .text.HAL_ADC_GetValue
                0x000000000800bf6c        0x8 ./Drivers/STM32F1xx_HAL_Driver/Src/stm32f1xx_hal_adc.o
                0x000000000800bf6c                HAL_ADC_GetValue
 .text.HAL_ADC_ConfigChannel
                0x000000000800bf74      0x134 ./Drivers/STM32F1xx_HAL_Driver/Src/stm32f1xx_hal_adc.o
                0x000000000800bf74                HAL_ADC_ConfigChannel
 .text.ADC_Enable
                0x000000000800c0a8       0x88 ./Drivers/STM32F1xx_HAL_Driver/Src/stm32f1xx_hal_adc.o
                0x000000000800c0a8                ADC_Enable
 .text.HAL_ADC_Start
                0x000000000800c130       0xcc ./Drivers/STM32F1xx_HAL_Driver/Src/stm32f1xx_hal_adc.o
                0x000000000800c130                HAL_ADC_Start
 .text.HAL_NVIC_SetPriorityGrouping
                0x000000000800c1fc       0x24 ./Drivers/STM32F1xx_HAL_Driver/Src/stm32f1xx_hal_cortex.o
                0x000000000800c1fc                HAL_NVIC_SetPriorityGrouping
 .text.HAL_NVIC_SetPriority
                0x000000000800c220       0x7c ./Drivers/STM32F1xx_HAL_Driver/Src/stm32f1xx_hal_cortex.o
                0x000000000800c220                HAL_NVIC_SetPriority
 .text.HAL_NVIC_EnableIRQ
                0x000000000800c29c       0x1c ./Drivers/STM32F1xx_HAL_Driver/Src/stm32f1xx_hal_cortex.o
                0x000000000800c29c                HAL_NVIC_EnableIRQ
 .text.HAL_NVIC_SystemReset
                0x000000000800c2b8       0x24 ./Drivers/STM32F1xx_HAL_Driver/Src/stm32f1xx_hal_cortex.o
                0x000000000800c2b8                HAL_NVIC_SystemReset
 .text.HAL_SYSTICK_Config
                0x000000000800c2dc       0x30 ./Drivers/STM32F1xx_HAL_Driver/Src/stm32f1xx_hal_cortex.o
                0x000000000800c2dc                HAL_SYSTICK_Config
 .text.HAL_DMA_Abort
                0x000000000800c30c       0x48 ./Drivers/STM32F1xx_HAL_Driver/Src/stm32f1xx_hal_dma.o
                0x000000000800c30c                HAL_DMA_Abort
 .text.HAL_DMA_Abort_IT
                0x000000000800c354       0x98 ./Drivers/STM32F1xx_HAL_Driver/Src/stm32f1xx_hal_dma.o
                0x000000000800c354                HAL_DMA_Abort_IT
 .text.HAL_FLASH_Unlock
                0x000000000800c3ec       0x28 ./Drivers/STM32F1xx_HAL_Driver/Src/stm32f1xx_hal_flash.o
                0x000000000800c3ec                HAL_FLASH_Unlock
 .text.HAL_FLASH_Lock
                0x000000000800c414       0x14 ./Drivers/STM32F1xx_HAL_Driver/Src/stm32f1xx_hal_flash.o
                0x000000000800c414                HAL_FLASH_Lock
 .text.FLASH_WaitForLastOperation
                0x000000000800c428       0xac ./Drivers/STM32F1xx_HAL_Driver/Src/stm32f1xx_hal_flash.o
                0x000000000800c428                FLASH_WaitForLastOperation
 .text.HAL_FLASHEx_Erase
                0x000000000800c4d4       0xc4 ./Drivers/STM32F1xx_HAL_Driver/Src/stm32f1xx_hal_flash_ex.o
                0x000000000800c4d4                HAL_FLASHEx_Erase
 .text.HAL_GPIO_Init
                0x000000000800c598      0x21c ./Drivers/STM32F1xx_HAL_Driver/Src/stm32f1xx_hal_gpio.o
                0x000000000800c598                HAL_GPIO_Init
 .text.HAL_GPIO_ReadPin
                0x000000000800c7b4        0xc ./Drivers/STM32F1xx_HAL_Driver/Src/stm32f1xx_hal_gpio.o
                0x000000000800c7b4                HAL_GPIO_ReadPin
 .text.HAL_GPIO_WritePin
                0x000000000800c7c0        0x8 ./Drivers/STM32F1xx_HAL_Driver/Src/stm32f1xx_hal_gpio.o
                0x000000000800c7c0                HAL_GPIO_WritePin
 .text.HAL_RCC_OscConfig
                0x000000000800c7c8      0x3e0 ./Drivers/STM32F1xx_HAL_Driver/Src/stm32f1xx_hal_rcc.o
                0x000000000800c7c8                HAL_RCC_OscConfig
 .text.HAL_RCC_ClockConfig
                0x000000000800cba8      0x184 ./Drivers/STM32F1xx_HAL_Driver/Src/stm32f1xx_hal_rcc.o
                0x000000000800cba8                HAL_RCC_ClockConfig
 .text.HAL_RCC_GetPCLK1Freq
                0x000000000800cd2c       0x20 ./Drivers/STM32F1xx_HAL_Driver/Src/stm32f1xx_hal_rcc.o
                0x000000000800cd2c                HAL_RCC_GetPCLK1Freq
 .text.HAL_RCC_GetPCLK2Freq
                0x000000000800cd4c       0x20 ./Drivers/STM32F1xx_HAL_Driver/Src/stm32f1xx_hal_rcc.o
                0x000000000800cd4c                HAL_RCC_GetPCLK2Freq
 .text.HAL_RCCEx_PeriphCLKConfig
                0x000000000800cd6c      0x104 ./Drivers/STM32F1xx_HAL_Driver/Src/stm32f1xx_hal_rcc_ex.o
                0x000000000800cd6c                HAL_RCCEx_PeriphCLKConfig
 .text.HAL_RCCEx_GetPeriphCLKFreq
                0x000000000800ce70       0xd0 ./Drivers/STM32F1xx_HAL_Driver/Src/stm32f1xx_hal_rcc_ex.o
                0x000000000800ce70                HAL_RCCEx_GetPeriphCLKFreq
 .text.HAL_TIM_Base_Init
                0x000000000800cf40       0xdc ./Drivers/STM32F1xx_HAL_Driver/Src/stm32f1xx_hal_tim.o
                0x000000000800cf40                HAL_TIM_Base_Init
 .text.HAL_TIM_Base_Start_IT
                0x000000000800d01c       0x58 ./Drivers/STM32F1xx_HAL_Driver/Src/stm32f1xx_hal_tim.o
                0x000000000800d01c                HAL_TIM_Base_Start_IT
 .text.HAL_TIM_Base_Stop_IT
                0x000000000800d074       0x34 ./Drivers/STM32F1xx_HAL_Driver/Src/stm32f1xx_hal_tim.o
                0x000000000800d074                HAL_TIM_Base_Stop_IT
 .text.HAL_TIM_PWM_MspInit
                0x000000000800d0a8        0x4 ./Drivers/STM32F1xx_HAL_Driver/Src/stm32f1xx_hal_tim.o
                0x000000000800d0a8                HAL_TIM_PWM_MspInit
 .text.HAL_TIM_PWM_Init
                0x000000000800d0ac       0xdc ./Drivers/STM32F1xx_HAL_Driver/Src/stm32f1xx_hal_tim.o
                0x000000000800d0ac                HAL_TIM_PWM_Init
 .text.HAL_TIM_PWM_Start
                0x000000000800d188       0xb8 ./Drivers/STM32F1xx_HAL_Driver/Src/stm32f1xx_hal_tim.o
                0x000000000800d188                HAL_TIM_PWM_Start
 .text.HAL_TIM_PWM_ConfigChannel
                0x000000000800d240      0x200 ./Drivers/STM32F1xx_HAL_Driver/Src/stm32f1xx_hal_tim.o
                0x000000000800d240                HAL_TIM_PWM_ConfigChannel
 .text.HAL_TIM_ConfigClockSource
                0x000000000800d440      0x160 ./Drivers/STM32F1xx_HAL_Driver/Src/stm32f1xx_hal_tim.o
                0x000000000800d440                HAL_TIM_ConfigClockSource
 .text.HAL_TIM_OC_DelayElapsedCallback
                0x000000000800d5a0        0x4 ./Drivers/STM32F1xx_HAL_Driver/Src/stm32f1xx_hal_tim.o
                0x000000000800d5a0                HAL_TIM_OC_DelayElapsedCallback
 .text.HAL_TIM_IC_CaptureCallback
                0x000000000800d5a4        0x4 ./Drivers/STM32F1xx_HAL_Driver/Src/stm32f1xx_hal_tim.o
                0x000000000800d5a4                HAL_TIM_IC_CaptureCallback
 .text.HAL_TIM_PWM_PulseFinishedCallback
                0x000000000800d5a8        0x4 ./Drivers/STM32F1xx_HAL_Driver/Src/stm32f1xx_hal_tim.o
                0x000000000800d5a8                HAL_TIM_PWM_PulseFinishedCallback
 .text.HAL_TIM_TriggerCallback
                0x000000000800d5ac        0x4 ./Drivers/STM32F1xx_HAL_Driver/Src/stm32f1xx_hal_tim.o
                0x000000000800d5ac                HAL_TIM_TriggerCallback
 .text.HAL_TIM_IRQHandler
                0x000000000800d5b0      0x154 ./Drivers/STM32F1xx_HAL_Driver/Src/stm32f1xx_hal_tim.o
                0x000000000800d5b0                HAL_TIM_IRQHandler
 .text.HAL_TIMEx_MasterConfigSynchronization
                0x000000000800d704       0x64 ./Drivers/STM32F1xx_HAL_Driver/Src/stm32f1xx_hal_tim_ex.o
                0x000000000800d704                HAL_TIMEx_MasterConfigSynchronization
 .text.HAL_TIMEx_CommutCallback
                0x000000000800d768        0x4 ./Drivers/STM32F1xx_HAL_Driver/Src/stm32f1xx_hal_tim_ex.o
                0x000000000800d768                HAL_TIMEx_CommutCallback
 .text.HAL_TIMEx_BreakCallback
                0x000000000800d76c        0x4 ./Drivers/STM32F1xx_HAL_Driver/Src/stm32f1xx_hal_tim_ex.o
                0x000000000800d76c                HAL_TIMEx_BreakCallback
 .text.HAL_UART_Init
                0x000000000800d770       0xdc ./Drivers/STM32F1xx_HAL_Driver/Src/stm32f1xx_hal_uart.o
                0x000000000800d770                HAL_UART_Init
 .text.HAL_UART_Transmit
                0x000000000800d84c      0x144 ./Drivers/STM32F1xx_HAL_Driver/Src/stm32f1xx_hal_uart.o
                0x000000000800d84c                HAL_UART_Transmit
 .text.HAL_UART_Receive
                0x000000000800d990      0x110 ./Drivers/STM32F1xx_HAL_Driver/Src/stm32f1xx_hal_uart.o
                0x000000000800d990                HAL_UART_Receive
 .text.HAL_UART_Receive_IT
                0x000000000800daa0       0x4c ./Drivers/STM32F1xx_HAL_Driver/Src/stm32f1xx_hal_uart.o
                0x000000000800daa0                HAL_UART_Receive_IT
 .text.HAL_UART_TxCpltCallback
                0x000000000800daec        0x4 ./Drivers/STM32F1xx_HAL_Driver/Src/stm32f1xx_hal_uart.o
                0x000000000800daec                HAL_UART_TxCpltCallback
 .text.HAL_UART_ErrorCallback
                0x000000000800daf0        0x4 ./Drivers/STM32F1xx_HAL_Driver/Src/stm32f1xx_hal_uart.o
                0x000000000800daf0                HAL_UART_ErrorCallback
 .text.UART_DMAAbortOnError
                0x000000000800daf4       0x10 ./Drivers/STM32F1xx_HAL_Driver/Src/stm32f1xx_hal_uart.o
 .text.HAL_UARTEx_RxEventCallback
                0x000000000800db04        0x4 ./Drivers/STM32F1xx_HAL_Driver/Src/stm32f1xx_hal_uart.o
                0x000000000800db04                HAL_UARTEx_RxEventCallback
 .text.UART_Receive_IT.part.0.isra.0
                0x000000000800db08       0xcc ./Drivers/STM32F1xx_HAL_Driver/Src/stm32f1xx_hal_uart.o
 .text.HAL_UART_IRQHandler
                0x000000000800dbd4      0x31c ./Drivers/STM32F1xx_HAL_Driver/Src/stm32f1xx_hal_uart.o
                0x000000000800dbd4                HAL_UART_IRQHandler
 .text.memset   0x000000000800def0       0x10 C:/ST/STM32CubeIDE_1.13.1/STM32CubeIDE/plugins/com.st.stm32cube.ide.mcu.externaltools.gnu-tools-for-stm32.11.3.rel1.win32_1.1.0.202305231506/tools/bin/../lib/gcc/arm-none-eabi/11.3.1/../../../../arm-none-eabi/lib/thumb/v7-m/nofp\libc_nano.a(libc_a-memset.o)
                0x000000000800def0                memset
 .text.__libc_init_array
                0x000000000800df00       0x48 C:/ST/STM32CubeIDE_1.13.1/STM32CubeIDE/plugins/com.st.stm32cube.ide.mcu.externaltools.gnu-tools-for-stm32.11.3.rel1.win32_1.1.0.202305231506/tools/bin/../lib/gcc/arm-none-eabi/11.3.1/../../../../arm-none-eabi/lib/thumb/v7-m/nofp\libc_nano.a(libc_a-init.o)
                0x000000000800df00                __libc_init_array
 *(.glue_7)
 .glue_7        0x000000000800df48        0x0 linker stubs
 *(.glue_7t)
 .glue_7t       0x000000000800df48        0x0 linker stubs
 *(.eh_frame)
 .eh_frame      0x000000000800df48        0x0 C:/ST/STM32CubeIDE_1.13.1/STM32CubeIDE/plugins/com.st.stm32cube.ide.mcu.externaltools.gnu-tools-for-stm32.11.3.rel1.win32_1.1.0.202305231506/tools/bin/../lib/gcc/arm-none-eabi/11.3.1/thumb/v7-m/nofp/crtbegin.o
 *(.init)
 .init          0x000000000800df48        0x4 C:/ST/STM32CubeIDE_1.13.1/STM32CubeIDE/plugins/com.st.stm32cube.ide.mcu.externaltools.gnu-tools-for-stm32.11.3.rel1.win32_1.1.0.202305231506/tools/bin/../lib/gcc/arm-none-eabi/11.3.1/thumb/v7-m/nofp/crti.o
                0x000000000800df48                _init
 .init          0x000000000800df4c        0x8 C:/ST/STM32CubeIDE_1.13.1/STM32CubeIDE/plugins/com.st.stm32cube.ide.mcu.externaltools.gnu-tools-for-stm32.11.3.rel1.win32_1.1.0.202305231506/tools/bin/../lib/gcc/arm-none-eabi/11.3.1/thumb/v7-m/nofp/crtn.o
 *(.fini)
 .fini          0x000000000800df54        0x4 C:/ST/STM32CubeIDE_1.13.1/STM32CubeIDE/plugins/com.st.stm32cube.ide.mcu.externaltools.gnu-tools-for-stm32.11.3.rel1.win32_1.1.0.202305231506/tools/bin/../lib/gcc/arm-none-eabi/11.3.1/thumb/v7-m/nofp/crti.o
                0x000000000800df54                _fini
 .fini          0x000000000800df58        0x8 C:/ST/STM32CubeIDE_1.13.1/STM32CubeIDE/plugins/com.st.stm32cube.ide.mcu.externaltools.gnu-tools-for-stm32.11.3.rel1.win32_1.1.0.202305231506/tools/bin/../lib/gcc/arm-none-eabi/11.3.1/thumb/v7-m/nofp/crtn.o
                0x000000000800df60                . = ALIGN (0x4)
                0x000000000800df60                _etext = .

.vfp11_veneer   0x000000000800df60        0x0
 .vfp11_veneer  0x000000000800df60        0x0 linker stubs

.v4_bx          0x000000000800df60        0x0
 .v4_bx         0x000000000800df60        0x0 linker stubs

.iplt           0x000000000800df60        0x0
 .iplt          0x000000000800df60        0x0 C:/ST/STM32CubeIDE_1.13.1/STM32CubeIDE/plugins/com.st.stm32cube.ide.mcu.externaltools.gnu-tools-for-stm32.11.3.rel1.win32_1.1.0.202305231506/tools/bin/../lib/gcc/arm-none-eabi/11.3.1/thumb/v7-m/nofp/crtbegin.o

.rodata         0x000000000800df60      0x454
                0x000000000800df60                . = ALIGN (0x4)
 *(.rodata)
 *(.rodata*)
 .rodata.init_firmware_update_module.str1.4
                0x000000000800df60       0x13 ./Core/Src/app_side_etx_ota.o
 *fill*         0x000000000800df73        0x1 
 .rodata.crc_table
                0x000000000800df74      0x400 ./Core/Src/crc32_mpeg2.o
 .rodata.AHBPrescTable
                0x000000000800e374       0x10 ./Core/Src/system_stm32f1xx.o
                0x000000000800e374                AHBPrescTable
 .rodata.APBPrescTable
                0x000000000800e384        0x8 ./Core/Src/system_stm32f1xx.o
                0x000000000800e384                APBPrescTable
 .rodata.aPLLMULFactorTable.1
                0x000000000800e38c       0x10 ./Drivers/STM32F1xx_HAL_Driver/Src/stm32f1xx_hal_rcc.o
 .rodata.aPredivFactorTable.0
                0x000000000800e39c        0x2 ./Drivers/STM32F1xx_HAL_Driver/Src/stm32f1xx_hal_rcc.o
 *fill*         0x000000000800e39e        0x2 
 .rodata.aPLLMULFactorTable.1
                0x000000000800e3a0       0x10 ./Drivers/STM32F1xx_HAL_Driver/Src/stm32f1xx_hal_rcc_ex.o
 .rodata.aPredivFactorTable.0
                0x000000000800e3b0        0x2 ./Drivers/STM32F1xx_HAL_Driver/Src/stm32f1xx_hal_rcc_ex.o
                0x000000000800e3b4                . = ALIGN (0x4)
 *fill*         0x000000000800e3b2        0x2 

.rel.dyn        0x000000000800e3b4        0x0
 .rel.iplt      0x000000000800e3b4        0x0 C:/ST/STM32CubeIDE_1.13.1/STM32CubeIDE/plugins/com.st.stm32cube.ide.mcu.externaltools.gnu-tools-for-stm32.11.3.rel1.win32_1.1.0.202305231506/tools/bin/../lib/gcc/arm-none-eabi/11.3.1/thumb/v7-m/nofp/crtbegin.o

.ARM.extab      0x000000000800e3b4        0x0
                0x000000000800e3b4                . = ALIGN (0x4)
 *(.ARM.extab* .gnu.linkonce.armextab.*)
                0x000000000800e3b4                . = ALIGN (0x4)

.ARM            0x000000000800e3b4        0x0
                0x000000000800e3b4                . = ALIGN (0x4)
                0x000000000800e3b4                __exidx_start = .
 *(.ARM.exidx*)
                0x000000000800e3b4                __exidx_end = .
                0x000000000800e3b4                . = ALIGN (0x4)

.preinit_array  0x000000000800e3b4        0x0
                0x000000000800e3b4                . = ALIGN (0x4)
                0x000000000800e3b4                PROVIDE (__preinit_array_start = .)
 *(.preinit_array*)
                0x000000000800e3b4                PROVIDE (__preinit_array_end = .)
                0x000000000800e3b4                . = ALIGN (0x4)

.init_array     0x000000000800e3b4        0x4
                0x000000000800e3b4                . = ALIGN (0x4)
                0x000000000800e3b4                PROVIDE (__init_array_start = .)
 *(SORT_BY_NAME(.init_array.*))
 *(.init_array*)
 .init_array    0x000000000800e3b4        0x4 C:/ST/STM32CubeIDE_1.13.1/STM32CubeIDE/plugins/com.st.stm32cube.ide.mcu.externaltools.gnu-tools-for-stm32.11.3.rel1.win32_1.1.0.202305231506/tools/bin/../lib/gcc/arm-none-eabi/11.3.1/thumb/v7-m/nofp/crtbegin.o
                0x000000000800e3b8                PROVIDE (__init_array_end = .)
                0x000000000800e3b8                . = ALIGN (0x4)

.fini_array     0x000000000800e3b8        0x4
                0x000000000800e3b8                . = ALIGN (0x4)
                [!provide]                        PROVIDE (__fini_array_start = .)
 *(SORT_BY_NAME(.fini_array.*))
 *(.fini_array*)
 .fini_array    0x000000000800e3b8        0x4 C:/ST/STM32CubeIDE_1.13.1/STM32CubeIDE/plugins/com.st.stm32cube.ide.mcu.externaltools.gnu-tools-for-stm32.11.3.rel1.win32_1.1.0.202305231506/tools/bin/../lib/gcc/arm-none-eabi/11.3.1/thumb/v7-m/nofp/crtbegin.o
                [!provide]                        PROVIDE (__fini_array_end = .)
                0x000000000800e3bc                . = ALIGN (0x4)
                0x000000000800e3bc                _sidata = LOADADDR (.data)

.data           0x0000000020000000       0x1c load address 0x000000000800e3bc
                0x0000000020000000                . = ALIGN (0x4)
                0x0000000020000000                _sdata = .
 *(.data)
 *(.data*)
 .data.HM10_Set_Name_resp_without_name_value
                0x0000000020000000        0x7 ./Core/Src/hm10_ble_driver.o
 .data.desired_cold_fan_duty_cycle
                0x0000000020000007        0x1 ./Core/Src/main.o
                0x0000000020000007                desired_cold_fan_duty_cycle
 .data.desired_cold_water_max_temperature
                0x0000000020000008        0x1 ./Core/Src/main.o
                0x0000000020000008                desired_cold_water_max_temperature
 .data.desired_hot_fan_duty_cycle
                0x0000000020000009        0x1 ./Core/Src/main.o
                0x0000000020000009                desired_hot_fan_duty_cycle
 .data.desired_hot_water_min_temperature
                0x000000002000000a        0x1 ./Core/Src/main.o
                0x000000002000000a                desired_hot_water_min_temperature
 .data.desired_hot_water_temperature
                0x000000002000000b        0x1 ./Core/Src/main.o
                0x000000002000000b                desired_hot_water_temperature
 .data.desired_internal_ambient_temperature
                0x000000002000000c        0x1 ./Core/Src/main.o
                0x000000002000000c                desired_internal_ambient_temperature
 *fill*         0x000000002000000d        0x3 
 .data.SystemCoreClock
                0x0000000020000010        0x4 ./Core/Src/system_stm32f1xx.o
                0x0000000020000010                SystemCoreClock
 .data.uwTickFreq
                0x0000000020000014        0x1 ./Drivers/STM32F1xx_HAL_Driver/Src/stm32f1xx_hal.o
                0x0000000020000014                uwTickFreq
 *fill*         0x0000000020000015        0x3 
 .data.uwTickPrio
                0x0000000020000018        0x4 ./Drivers/STM32F1xx_HAL_Driver/Src/stm32f1xx_hal.o
                0x0000000020000018                uwTickPrio
 *(.RamFunc)
 *(.RamFunc*)
                0x000000002000001c                . = ALIGN (0x4)
                0x000000002000001c                _edata = .

.igot.plt       0x000000002000001c        0x0 load address 0x000000000800e3d8
 .igot.plt      0x000000002000001c        0x0 C:/ST/STM32CubeIDE_1.13.1/STM32CubeIDE/plugins/com.st.stm32cube.ide.mcu.externaltools.gnu-tools-for-stm32.11.3.rel1.win32_1.1.0.202305231506/tools/bin/../lib/gcc/arm-none-eabi/11.3.1/thumb/v7-m/nofp/crtbegin.o
                0x000000002000001c                . = ALIGN (0x4)

.bss            0x0000000020000020      0xa38 load address 0x000000000800e3d8
                0x0000000020000020                _sbss = .
                0x0000000020000020                __bss_start__ = _sbss
 *(.bss)
 .bss           0x0000000020000020       0x1c C:/ST/STM32CubeIDE_1.13.1/STM32CubeIDE/plugins/com.st.stm32cube.ide.mcu.externaltools.gnu-tools-for-stm32.11.3.rel1.win32_1.1.0.202305231506/tools/bin/../lib/gcc/arm-none-eabi/11.3.1/thumb/v7-m/nofp/crtbegin.o
 *(.bss*)
 .bss.current_display_off_time_step
                0x000000002000003c        0x4 ./Core/Src/5641as_display_driver.o
 .bss.current_display_on_time_step
                0x0000000020000040        0x4 ./Core/Src/5641as_display_driver.o
 .bss.currently_enabled_5641as_7segment_display
                0x0000000020000044        0x1 ./Core/Src/5641as_display_driver.o
 *fill*         0x0000000020000045        0x3 
 .bss.display_5641as_output
                0x0000000020000048        0x8 ./Core/Src/5641as_display_driver.o
 .bss.display_off_time_steps
                0x0000000020000050        0x4 ./Core/Src/5641as_display_driver.o
 .bss.display_on_time_steps
                0x0000000020000054        0x4 ./Core/Src/5641as_display_driver.o
 .bss.p_display_peripherals
                0x0000000020000058        0x4 ./Core/Src/5641as_display_driver.o
 .bss.p_htim    0x000000002000005c        0x4 ./Core/Src/5641as_display_driver.o
 .bss.ETX_OTA_hardware_protocol
                0x0000000020000060        0x1 ./Core/Src/app_side_etx_ota.o
 *fill*         0x0000000020000061        0x3 
 .bss.Rx_Buffer
                0x0000000020000064      0x409 ./Core/Src/app_side_etx_ota.o
 *fill*         0x000000002000046d        0x3 
 .bss.etx_ota_fw_received_size
                0x0000000020000470        0x4 ./Core/Src/app_side_etx_ota.o
 .bss.etx_ota_state
                0x0000000020000474        0x1 ./Core/Src/app_side_etx_ota.o
 .bss.is_etx_ota_enabled
                0x0000000020000475        0x1 ./Core/Src/app_side_etx_ota.o
 *fill*         0x0000000020000476        0x2 
 .bss.p_GPIO_is_hm10_default_settings
                0x0000000020000478        0x4 ./Core/Src/app_side_etx_ota.o
 .bss.p_custom_data
                0x000000002000047c        0x4 ./Core/Src/app_side_etx_ota.o
 .bss.p_huart   0x0000000020000480        0x4 ./Core/Src/app_side_etx_ota.o
 .bss.p_most_recent_val
                0x0000000020000484        0x4 ./Core/Src/firmware_update_config.o
 .bss.TxRx_Buffer
                0x0000000020000488       0x13 ./Core/Src/hm10_ble_driver.o
 *fill*         0x000000002000049b        0x1 
 .bss.p_huart   0x000000002000049c        0x4 ./Core/Src/hm10_ble_driver.o
 .bss.GPIO_is_hm10_default_settings
                0x00000000200004a0        0x6 ./Core/Src/main.o
                0x00000000200004a0                GPIO_is_hm10_default_settings
 *fill*         0x00000000200004a6        0x2 
 .bss.ascii_error_code
                0x00000000200004a8        0x8 ./Core/Src/main.o
                0x00000000200004a8                ascii_error_code
 .bss.current_cold_water_temperature
                0x00000000200004b0        0x4 ./Core/Src/main.o
                0x00000000200004b0                current_cold_water_temperature
 .bss.current_hot_water_temperature
                0x00000000200004b4        0x4 ./Core/Src/main.o
                0x00000000200004b4                current_hot_water_temperature
 .bss.current_internal_ambient_temperature
                0x00000000200004b8        0x4 ./Core/Src/main.o
                0x00000000200004b8                current_internal_ambient_temperature
 .bss.display_output
                0x00000000200004bc        0x8 ./Core/Src/main.o
                0x00000000200004bc                display_output
 .bss.display_peripherals
                0x00000000200004c4       0x48 ./Core/Src/main.o
                0x00000000200004c4                display_peripherals
 .bss.etx_ota_custom_data
                0x000000002000050c      0x408 ./Core/Src/main.o
                0x000000002000050c                etx_ota_custom_data
 .bss.fw_config
                0x0000000020000914       0x18 ./Core/Src/main.o
                0x0000000020000914                fw_config
 .bss.hadc1     0x000000002000092c       0x30 ./Core/Src/main.o
                0x000000002000092c                hadc1
 .bss.htim2     0x000000002000095c       0x48 ./Core/Src/main.o
                0x000000002000095c                htim2
 .bss.htim3     0x00000000200009a4       0x48 ./Core/Src/main.o
                0x00000000200009a4                htim3
 .bss.huart3    0x00000000200009ec       0x48 ./Core/Src/main.o
                0x00000000200009ec                huart3
 .bss.uwTick    0x0000000020000a34        0x4 ./Drivers/STM32F1xx_HAL_Driver/Src/stm32f1xx_hal.o
                0x0000000020000a34                uwTick
 .bss.pFlash    0x0000000020000a38       0x20 ./Drivers/STM32F1xx_HAL_Driver/Src/stm32f1xx_hal_flash.o
                0x0000000020000a38                pFlash
 *(COMMON)
                0x0000000020000a58                . = ALIGN (0x4)
                0x0000000020000a58                _ebss = .
                0x0000000020000a58                __bss_end__ = _ebss

._user_heap_stack
                0x0000000020000a58      0x600 load address 0x000000000800e3d8
                0x0000000020000a58                . = ALIGN (0x8)
                [!provide]                        PROVIDE (end = .)
                0x0000000020000a58                PROVIDE (_end = .)
                0x0000000020000c58                . = (. + _Min_Heap_Size)
 *fill*         0x0000000020000a58      0x200 
                0x0000000020001058                . = (. + _Min_Stack_Size)
 *fill*         0x0000000020000c58      0x400 
                0x0000000020001058                . = ALIGN (0x8)

/DISCARD/
 libc.a(*)
 libm.a(*)
 libgcc.a(*)

.ARM.attributes
                0x0000000000000000       0x29
 *(.ARM.attributes)
 .ARM.attributes
                0x0000000000000000       0x1d C:/ST/STM32CubeIDE_1.13.1/STM32CubeIDE/plugins/com.st.stm32cube.ide.mcu.externaltools.gnu-tools-for-stm32.11.3.rel1.win32_1.1.0.202305231506/tools/bin/../lib/gcc/arm-none-eabi/11.3.1/thumb/v7-m/nofp/crti.o
 .ARM.attributes
                0x000000000000001d       0x2d C:/ST/STM32CubeIDE_1.13.1/STM32CubeIDE/plugins/com.st.stm32cube.ide.mcu.externaltools.gnu-tools-for-stm32.11.3.rel1.win32_1.1.0.202305231506/tools/bin/../lib/gcc/arm-none-eabi/11.3.1/thumb/v7-m/nofp/crtbegin.o
 .ARM.attributes
                0x000000000000004a       0x2d ./Core/Src/5641as_display_driver.o
 .ARM.attributes
                0x0000000000000077       0x2d ./Core/Src/app_side_etx_ota.o
 .ARM.attributes
                0x00000000000000a4       0x2d ./Core/Src/crc32_mpeg2.o
 .ARM.attributes
                0x00000000000000d1       0x2d ./Core/Src/firmware_update_config.o
 .ARM.attributes
                0x00000000000000fe       0x2d ./Core/Src/hm10_ble_driver.o
 .ARM.attributes
                0x000000000000012b       0x2d ./Core/Src/main.o
 .ARM.attributes
                0x0000000000000158       0x2d ./Core/Src/stm32f1xx_hal_msp.o
 .ARM.attributes
                0x0000000000000185       0x2d ./Core/Src/stm32f1xx_it.o
 .ARM.attributes
                0x00000000000001b2       0x2d ./Core/Src/system_stm32f1xx.o
 .ARM.attributes
                0x00000000000001df       0x21 ./Core/Startup/startup_stm32f103c8tx.o
 .ARM.attributes
                0x0000000000000200       0x2d ./Drivers/STM32F1xx_HAL_Driver/Src/stm32f1xx_hal.o
 .ARM.attributes
                0x000000000000022d       0x2d ./Drivers/STM32F1xx_HAL_Driver/Src/stm32f1xx_hal_adc.o
 .ARM.attributes
                0x000000000000025a       0x2d ./Drivers/STM32F1xx_HAL_Driver/Src/stm32f1xx_hal_cortex.o
 .ARM.attributes
                0x0000000000000287       0x2d ./Drivers/STM32F1xx_HAL_Driver/Src/stm32f1xx_hal_dma.o
 .ARM.attributes
                0x00000000000002b4       0x2d ./Drivers/STM32F1xx_HAL_Driver/Src/stm32f1xx_hal_flash.o
 .ARM.attributes
                0x00000000000002e1       0x2d ./Drivers/STM32F1xx_HAL_Driver/Src/stm32f1xx_hal_flash_ex.o
 .ARM.attributes
                0x000000000000030e       0x2d ./Drivers/STM32F1xx_HAL_Driver/Src/stm32f1xx_hal_gpio.o
 .ARM.attributes
                0x000000000000033b       0x2d ./Drivers/STM32F1xx_HAL_Driver/Src/stm32f1xx_hal_rcc.o
 .ARM.attributes
                0x0000000000000368       0x2d ./Drivers/STM32F1xx_HAL_Driver/Src/stm32f1xx_hal_rcc_ex.o
 .ARM.attributes
                0x0000000000000395       0x2d ./Drivers/STM32F1xx_HAL_Driver/Src/stm32f1xx_hal_tim.o
 .ARM.attributes
                0x00000000000003c2       0x2d ./Drivers/STM32F1xx_HAL_Driver/Src/stm32f1xx_hal_tim_ex.o
 .ARM.attributes
                0x00000000000003ef       0x2d ./Drivers/STM32F1xx_HAL_Driver/Src/stm32f1xx_hal_uart.o
 .ARM.attributes
                0x000000000000041c       0x2d C:/ST/STM32CubeIDE_1.13.1/STM32CubeIDE/plugins/com.st.stm32cube.ide.mcu.externaltools.gnu-tools-for-stm32.11.3.rel1.win32_1.1.0.202305231506/tools/bin/../lib/gcc/arm-none-eabi/11.3.1/../../../../arm-none-eabi/lib/thumb/v7-m/nofp\libc_nano.a(libc_a-memset.o)
 .ARM.attributes
                0x0000000000000449       0x2d C:/ST/STM32CubeIDE_1.13.1/STM32CubeIDE/plugins/com.st.stm32cube.ide.mcu.externaltools.gnu-tools-for-stm32.11.3.rel1.win32_1.1.0.202305231506/tools/bin/../lib/gcc/arm-none-eabi/11.3.1/../../../../arm-none-eabi/lib/thumb/v7-m/nofp\libc_nano.a(libc_a-init.o)
 .ARM.attributes
                0x0000000000000476       0x1d C:/ST/STM32CubeIDE_1.13.1/STM32CubeIDE/plugins/com.st.stm32cube.ide.mcu.externaltools.gnu-tools-for-stm32.11.3.rel1.win32_1.1.0.202305231506/tools/bin/../lib/gcc/arm-none-eabi/11.3.1/thumb/v7-m/nofp\libgcc.a(_arm_addsubdf3.o)
 .ARM.attributes
                0x0000000000000493       0x1d C:/ST/STM32CubeIDE_1.13.1/STM32CubeIDE/plugins/com.st.stm32cube.ide.mcu.externaltools.gnu-tools-for-stm32.11.3.rel1.win32_1.1.0.202305231506/tools/bin/../lib/gcc/arm-none-eabi/11.3.1/thumb/v7-m/nofp\libgcc.a(_arm_muldivdf3.o)
 .ARM.attributes
                0x00000000000004b0       0x1d C:/ST/STM32CubeIDE_1.13.1/STM32CubeIDE/plugins/com.st.stm32cube.ide.mcu.externaltools.gnu-tools-for-stm32.11.3.rel1.win32_1.1.0.202305231506/tools/bin/../lib/gcc/arm-none-eabi/11.3.1/thumb/v7-m/nofp\libgcc.a(_arm_cmpdf2.o)
 .ARM.attributes
                0x00000000000004cd       0x1d C:/ST/STM32CubeIDE_1.13.1/STM32CubeIDE/plugins/com.st.stm32cube.ide.mcu.externaltools.gnu-tools-for-stm32.11.3.rel1.win32_1.1.0.202305231506/tools/bin/../lib/gcc/arm-none-eabi/11.3.1/thumb/v7-m/nofp\libgcc.a(_arm_truncdfsf2.o)
 .ARM.attributes
                0x00000000000004ea       0x1d C:/ST/STM32CubeIDE_1.13.1/STM32CubeIDE/plugins/com.st.stm32cube.ide.mcu.externaltools.gnu-tools-for-stm32.11.3.rel1.win32_1.1.0.202305231506/tools/bin/../lib/gcc/arm-none-eabi/11.3.1/thumb/v7-m/nofp\libgcc.a(_arm_addsubsf3.o)
 .ARM.attributes
                0x0000000000000507       0x1d C:/ST/STM32CubeIDE_1.13.1/STM32CubeIDE/plugins/com.st.stm32cube.ide.mcu.externaltools.gnu-tools-for-stm32.11.3.rel1.win32_1.1.0.202305231506/tools/bin/../lib/gcc/arm-none-eabi/11.3.1/thumb/v7-m/nofp\libgcc.a(_arm_muldivsf3.o)
 .ARM.attributes
                0x0000000000000524       0x1d C:/ST/STM32CubeIDE_1.13.1/STM32CubeIDE/plugins/com.st.stm32cube.ide.mcu.externaltools.gnu-tools-for-stm32.11.3.rel1.win32_1.1.0.202305231506/tools/bin/../lib/gcc/arm-none-eabi/11.3.1/thumb/v7-m/nofp\libgcc.a(_arm_cmpsf2.o)
 .ARM.attributes
                0x0000000000000541       0x1d C:/ST/STM32CubeIDE_1.13.1/STM32CubeIDE/plugins/com.st.stm32cube.ide.mcu.externaltools.gnu-tools-for-stm32.11.3.rel1.win32_1.1.0.202305231506/tools/bin/../lib/gcc/arm-none-eabi/11.3.1/thumb/v7-m/nofp\libgcc.a(_arm_fixunssfsi.o)
 .ARM.attributes
                0x000000000000055e       0x1d C:/ST/STM32CubeIDE_1.13.1/STM32CubeIDE/plugins/com.st.stm32cube.ide.mcu.externaltools.gnu-tools-for-stm32.11.3.rel1.win32_1.1.0.202305231506/tools/bin/../lib/gcc/arm-none-eabi/11.3.1/thumb/v7-m/nofp/crtn.o
OUTPUT(Application_Firmware.elf elf32-littlearm)
LOAD linker stubs
LOAD C:/ST/STM32CubeIDE_1.13.1/STM32CubeIDE/plugins/com.st.stm32cube.ide.mcu.externaltools.gnu-tools-for-stm32.11.3.rel1.win32_1.1.0.202305231506/tools/bin/../lib/gcc/arm-none-eabi/11.3.1/../../../../arm-none-eabi/lib/thumb/v7-m/nofp\libc.a
LOAD C:/ST/STM32CubeIDE_1.13.1/STM32CubeIDE/plugins/com.st.stm32cube.ide.mcu.externaltools.gnu-tools-for-stm32.11.3.rel1.win32_1.1.0.202305231506/tools/bin/../lib/gcc/arm-none-eabi/11.3.1/../../../../arm-none-eabi/lib/thumb/v7-m/nofp\libm.a
LOAD C:/ST/STM32CubeIDE_1.13.1/STM32CubeIDE/plugins/com.st.stm32cube.ide.mcu.externaltools.gnu-tools-for-stm32.11.3.rel1.win32_1.1.0.202305231506/tools/bin/../lib/gcc/arm-none-eabi/11.3.1/thumb/v7-m/nofp\libgcc.a

.comment        0x0000000000000000       0x43
 .comment       0x0000000000000000       0x43 C:/ST/STM32CubeIDE_1.13.1/STM32CubeIDE/plugins/com.st.stm32cube.ide.mcu.externaltools.gnu-tools-for-stm32.11.3.rel1.win32_1.1.0.202305231506/tools/bin/../lib/gcc/arm-none-eabi/11.3.1/thumb/v7-m/nofp/crtbegin.o
                                         0x44 (size before relaxing)
 .comment       0x0000000000000043       0x44 ./Core/Src/5641as_display_driver.o
 .comment       0x0000000000000043       0x44 ./Core/Src/app_side_etx_ota.o
 .comment       0x0000000000000043       0x44 ./Core/Src/crc32_mpeg2.o
 .comment       0x0000000000000043       0x44 ./Core/Src/firmware_update_config.o
 .comment       0x0000000000000043       0x44 ./Core/Src/hm10_ble_driver.o
 .comment       0x0000000000000043       0x44 ./Core/Src/main.o
 .comment       0x0000000000000043       0x44 ./Core/Src/stm32f1xx_hal_msp.o
 .comment       0x0000000000000043       0x44 ./Core/Src/stm32f1xx_it.o
 .comment       0x0000000000000043       0x44 ./Core/Src/system_stm32f1xx.o
 .comment       0x0000000000000043       0x44 ./Drivers/STM32F1xx_HAL_Driver/Src/stm32f1xx_hal.o
 .comment       0x0000000000000043       0x44 ./Drivers/STM32F1xx_HAL_Driver/Src/stm32f1xx_hal_adc.o
 .comment       0x0000000000000043       0x44 ./Drivers/STM32F1xx_HAL_Driver/Src/stm32f1xx_hal_cortex.o
 .comment       0x0000000000000043       0x44 ./Drivers/STM32F1xx_HAL_Driver/Src/stm32f1xx_hal_dma.o
 .comment       0x0000000000000043       0x44 ./Drivers/STM32F1xx_HAL_Driver/Src/stm32f1xx_hal_flash.o
 .comment       0x0000000000000043       0x44 ./Drivers/STM32F1xx_HAL_Driver/Src/stm32f1xx_hal_flash_ex.o
 .comment       0x0000000000000043       0x44 ./Drivers/STM32F1xx_HAL_Driver/Src/stm32f1xx_hal_gpio.o
 .comment       0x0000000000000043       0x44 ./Drivers/STM32F1xx_HAL_Driver/Src/stm32f1xx_hal_rcc.o
 .comment       0x0000000000000043       0x44 ./Drivers/STM32F1xx_HAL_Driver/Src/stm32f1xx_hal_rcc_ex.o
 .comment       0x0000000000000043       0x44 ./Drivers/STM32F1xx_HAL_Driver/Src/stm32f1xx_hal_tim.o
 .comment       0x0000000000000043       0x44 ./Drivers/STM32F1xx_HAL_Driver/Src/stm32f1xx_hal_tim_ex.o
 .comment       0x0000000000000043       0x44 ./Drivers/STM32F1xx_HAL_Driver/Src/stm32f1xx_hal_uart.o

.debug_info     0x0000000000000000    0x1aed6
 .debug_info    0x0000000000000000      0xf8f ./Core/Src/5641as_display_driver.o
 .debug_info    0x0000000000000f8f     0x16ba ./Core/Src/app_side_etx_ota.o
 .debug_info    0x0000000000002649      0x156 ./Core/Src/crc32_mpeg2.o
 .debug_info    0x000000000000279f      0x839 ./Core/Src/firmware_update_config.o
 .debug_info    0x0000000000002fd8     0x2242 ./Core/Src/hm10_ble_driver.o
 .debug_info    0x000000000000521a     0x3661 ./Core/Src/main.o
 .debug_info    0x000000000000887b     0x10e2 ./Core/Src/stm32f1xx_hal_msp.o
 .debug_info    0x000000000000995d      0x96a ./Core/Src/stm32f1xx_it.o
 .debug_info    0x000000000000a2c7      0x403 ./Core/Src/system_stm32f1xx.o
 .debug_info    0x000000000000a6ca       0x23 ./Core/Startup/startup_stm32f103c8tx.o
 .debug_info    0x000000000000a6ed      0x7dc ./Drivers/STM32F1xx_HAL_Driver/Src/stm32f1xx_hal.o
 .debug_info    0x000000000000aec9     0x1103 ./Drivers/STM32F1xx_HAL_Driver/Src/stm32f1xx_hal_adc.o
 .debug_info    0x000000000000bfcc      0xca5 ./Drivers/STM32F1xx_HAL_Driver/Src/stm32f1xx_hal_cortex.o
 .debug_info    0x000000000000cc71      0x7ef ./Drivers/STM32F1xx_HAL_Driver/Src/stm32f1xx_hal_dma.o
 .debug_info    0x000000000000d460      0x756 ./Drivers/STM32F1xx_HAL_Driver/Src/stm32f1xx_hal_flash.o
 .debug_info    0x000000000000dbb6      0xc66 ./Drivers/STM32F1xx_HAL_Driver/Src/stm32f1xx_hal_flash_ex.o
 .debug_info    0x000000000000e81c      0x604 ./Drivers/STM32F1xx_HAL_Driver/Src/stm32f1xx_hal_gpio.o
 .debug_info    0x000000000000ee20      0xa69 ./Drivers/STM32F1xx_HAL_Driver/Src/stm32f1xx_hal_rcc.o
 .debug_info    0x000000000000f889      0x420 ./Drivers/STM32F1xx_HAL_Driver/Src/stm32f1xx_hal_rcc_ex.o
 .debug_info    0x000000000000fca9     0x4ddc ./Drivers/STM32F1xx_HAL_Driver/Src/stm32f1xx_hal_tim.o
 .debug_info    0x0000000000014a85     0x1b7e ./Drivers/STM32F1xx_HAL_Driver/Src/stm32f1xx_hal_tim_ex.o
 .debug_info    0x0000000000016603     0x48d3 ./Drivers/STM32F1xx_HAL_Driver/Src/stm32f1xx_hal_uart.o

.debug_abbrev   0x0000000000000000     0x3d07
 .debug_abbrev  0x0000000000000000      0x349 ./Core/Src/5641as_display_driver.o
 .debug_abbrev  0x0000000000000349      0x416 ./Core/Src/app_side_etx_ota.o
 .debug_abbrev  0x000000000000075f       0xd1 ./Core/Src/crc32_mpeg2.o
 .debug_abbrev  0x0000000000000830      0x2d9 ./Core/Src/firmware_update_config.o
 .debug_abbrev  0x0000000000000b09      0x3a8 ./Core/Src/hm10_ble_driver.o
 .debug_abbrev  0x0000000000000eb1      0x47c ./Core/Src/main.o
 .debug_abbrev  0x000000000000132d      0x254 ./Core/Src/stm32f1xx_hal_msp.o
 .debug_abbrev  0x0000000000001581      0x1de ./Core/Src/stm32f1xx_it.o
 .debug_abbrev  0x000000000000175f      0x143 ./Core/Src/system_stm32f1xx.o
 .debug_abbrev  0x00000000000018a2       0x12 ./Core/Startup/startup_stm32f103c8tx.o
 .debug_abbrev  0x00000000000018b4      0x272 ./Drivers/STM32F1xx_HAL_Driver/Src/stm32f1xx_hal.o
 .debug_abbrev  0x0000000000001b26      0x33b ./Drivers/STM32F1xx_HAL_Driver/Src/stm32f1xx_hal_adc.o
 .debug_abbrev  0x0000000000001e61      0x364 ./Drivers/STM32F1xx_HAL_Driver/Src/stm32f1xx_hal_cortex.o
 .debug_abbrev  0x00000000000021c5      0x26a ./Drivers/STM32F1xx_HAL_Driver/Src/stm32f1xx_hal_dma.o
 .debug_abbrev  0x000000000000242f      0x353 ./Drivers/STM32F1xx_HAL_Driver/Src/stm32f1xx_hal_flash.o
 .debug_abbrev  0x0000000000002782      0x340 ./Drivers/STM32F1xx_HAL_Driver/Src/stm32f1xx_hal_flash_ex.o
 .debug_abbrev  0x0000000000002ac2      0x1f7 ./Drivers/STM32F1xx_HAL_Driver/Src/stm32f1xx_hal_gpio.o
 .debug_abbrev  0x0000000000002cb9      0x344 ./Drivers/STM32F1xx_HAL_Driver/Src/stm32f1xx_hal_rcc.o
 .debug_abbrev  0x0000000000002ffd      0x1d8 ./Drivers/STM32F1xx_HAL_Driver/Src/stm32f1xx_hal_rcc_ex.o
 .debug_abbrev  0x00000000000031d5      0x391 ./Drivers/STM32F1xx_HAL_Driver/Src/stm32f1xx_hal_tim.o
 .debug_abbrev  0x0000000000003566      0x37c ./Drivers/STM32F1xx_HAL_Driver/Src/stm32f1xx_hal_tim_ex.o
 .debug_abbrev  0x00000000000038e2      0x425 ./Drivers/STM32F1xx_HAL_Driver/Src/stm32f1xx_hal_uart.o

.debug_loclists
                0x0000000000000000     0xdefe
 .debug_loclists
                0x0000000000000000      0x3e9 ./Core/Src/5641as_display_driver.o
 .debug_loclists
                0x00000000000003e9      0x62e ./Core/Src/app_side_etx_ota.o
 .debug_loclists
                0x0000000000000a17       0xfc ./Core/Src/crc32_mpeg2.o
 .debug_loclists
                0x0000000000000b13      0x2d5 ./Core/Src/firmware_update_config.o
 .debug_loclists
                0x0000000000000de8     0x14e7 ./Core/Src/hm10_ble_driver.o
 .debug_loclists
                0x00000000000022cf      0x732 ./Core/Src/main.o
 .debug_loclists
                0x0000000000002a01       0xae ./Core/Src/stm32f1xx_hal_msp.o
 .debug_loclists
                0x0000000000002aaf       0x9f ./Core/Src/system_stm32f1xx.o
 .debug_loclists
                0x0000000000002b4e       0xe2 ./Drivers/STM32F1xx_HAL_Driver/Src/stm32f1xx_hal.o
 .debug_loclists
                0x0000000000002c30      0x9ed ./Drivers/STM32F1xx_HAL_Driver/Src/stm32f1xx_hal_adc.o
 .debug_loclists
                0x000000000000361d      0x45b ./Drivers/STM32F1xx_HAL_Driver/Src/stm32f1xx_hal_cortex.o
 .debug_loclists
                0x0000000000003a78      0x679 ./Drivers/STM32F1xx_HAL_Driver/Src/stm32f1xx_hal_dma.o
 .debug_loclists
                0x00000000000040f1      0x414 ./Drivers/STM32F1xx_HAL_Driver/Src/stm32f1xx_hal_flash.o
 .debug_loclists
                0x0000000000004505      0x64b ./Drivers/STM32F1xx_HAL_Driver/Src/stm32f1xx_hal_flash_ex.o
 .debug_loclists
                0x0000000000004b50      0x2c9 ./Drivers/STM32F1xx_HAL_Driver/Src/stm32f1xx_hal_gpio.o
 .debug_loclists
                0x0000000000004e19      0x475 ./Drivers/STM32F1xx_HAL_Driver/Src/stm32f1xx_hal_rcc.o
 .debug_loclists
                0x000000000000528e      0x297 ./Drivers/STM32F1xx_HAL_Driver/Src/stm32f1xx_hal_rcc_ex.o
 .debug_loclists
                0x0000000000005525     0x4bcf ./Drivers/STM32F1xx_HAL_Driver/Src/stm32f1xx_hal_tim.o
 .debug_loclists
                0x000000000000a0f4      0xeeb ./Drivers/STM32F1xx_HAL_Driver/Src/stm32f1xx_hal_tim_ex.o
 .debug_loclists
                0x000000000000afdf     0x2f1f ./Drivers/STM32F1xx_HAL_Driver/Src/stm32f1xx_hal_uart.o

.debug_aranges  0x0000000000000000      0xcd8
 .debug_aranges
                0x0000000000000000       0x78 ./Core/Src/5641as_display_driver.o
 .debug_aranges
                0x0000000000000078       0x50 ./Core/Src/app_side_etx_ota.o
 .debug_aranges
                0x00000000000000c8       0x20 ./Core/Src/crc32_mpeg2.o
 .debug_aranges
                0x00000000000000e8       0x38 ./Core/Src/firmware_update_config.o
 .debug_aranges
                0x0000000000000120       0xc8 ./Core/Src/hm10_ble_driver.o
 .debug_aranges
                0x00000000000001e8       0x58 ./Core/Src/main.o
 .debug_aranges
                0x0000000000000240       0x58 ./Core/Src/stm32f1xx_hal_msp.o
 .debug_aranges
                0x0000000000000298       0x60 ./Core/Src/stm32f1xx_it.o
 .debug_aranges
                0x00000000000002f8       0x28 ./Core/Src/system_stm32f1xx.o
 .debug_aranges
                0x0000000000000320       0x28 ./Core/Startup/startup_stm32f103c8tx.o
 .debug_aranges
                0x0000000000000348       0xd8 ./Drivers/STM32F1xx_HAL_Driver/Src/stm32f1xx_hal.o
 .debug_aranges
                0x0000000000000420       0xc8 ./Drivers/STM32F1xx_HAL_Driver/Src/stm32f1xx_hal_adc.o
 .debug_aranges
                0x00000000000004e8       0x90 ./Drivers/STM32F1xx_HAL_Driver/Src/stm32f1xx_hal_cortex.o
 .debug_aranges
                0x0000000000000578       0x78 ./Drivers/STM32F1xx_HAL_Driver/Src/stm32f1xx_hal_dma.o
 .debug_aranges
                0x00000000000005f0       0x70 ./Drivers/STM32F1xx_HAL_Driver/Src/stm32f1xx_hal_flash.o
 .debug_aranges
                0x0000000000000660       0x50 ./Drivers/STM32F1xx_HAL_Driver/Src/stm32f1xx_hal_flash_ex.o
 .debug_aranges
                0x00000000000006b0       0x58 ./Drivers/STM32F1xx_HAL_Driver/Src/stm32f1xx_hal_gpio.o
 .debug_aranges
                0x0000000000000708       0x88 ./Drivers/STM32F1xx_HAL_Driver/Src/stm32f1xx_hal_rcc.o
 .debug_aranges
                0x0000000000000790       0x30 ./Drivers/STM32F1xx_HAL_Driver/Src/stm32f1xx_hal_rcc_ex.o
 .debug_aranges
                0x00000000000007c0      0x278 ./Drivers/STM32F1xx_HAL_Driver/Src/stm32f1xx_hal_tim.o
 .debug_aranges
                0x0000000000000a38      0x110 ./Drivers/STM32F1xx_HAL_Driver/Src/stm32f1xx_hal_tim_ex.o
 .debug_aranges
                0x0000000000000b48      0x190 ./Drivers/STM32F1xx_HAL_Driver/Src/stm32f1xx_hal_uart.o

.debug_rnglists
                0x0000000000000000     0x188f
 .debug_rnglists
                0x0000000000000000       0xaa ./Core/Src/5641as_display_driver.o
 .debug_rnglists
                0x00000000000000aa       0xf4 ./Core/Src/app_side_etx_ota.o
 .debug_rnglists
                0x000000000000019e       0x2b ./Core/Src/crc32_mpeg2.o
 .debug_rnglists
                0x00000000000001c9       0x96 ./Core/Src/firmware_update_config.o
 .debug_rnglists
                0x000000000000025f      0x30c ./Core/Src/hm10_ble_driver.o
 .debug_rnglists
                0x000000000000056b      0x231 ./Core/Src/main.o
 .debug_rnglists
                0x000000000000079c       0xb0 ./Core/Src/stm32f1xx_hal_msp.o
 .debug_rnglists
                0x000000000000084c       0x43 ./Core/Src/stm32f1xx_it.o
 .debug_rnglists
                0x000000000000088f       0x19 ./Core/Src/system_stm32f1xx.o
 .debug_rnglists
                0x00000000000008a8       0x19 ./Core/Startup/startup_stm32f103c8tx.o
 .debug_rnglists
                0x00000000000008c1       0x9d ./Drivers/STM32F1xx_HAL_Driver/Src/stm32f1xx_hal.o
 .debug_rnglists
                0x000000000000095e      0x13c ./Drivers/STM32F1xx_HAL_Driver/Src/stm32f1xx_hal_adc.o
 .debug_rnglists
                0x0000000000000a9a       0xdf ./Drivers/STM32F1xx_HAL_Driver/Src/stm32f1xx_hal_cortex.o
 .debug_rnglists
                0x0000000000000b79       0x77 ./Drivers/STM32F1xx_HAL_Driver/Src/stm32f1xx_hal_dma.o
 .debug_rnglists
                0x0000000000000bf0       0xee ./Drivers/STM32F1xx_HAL_Driver/Src/stm32f1xx_hal_flash.o
 .debug_rnglists
                0x0000000000000cde       0xf7 ./Drivers/STM32F1xx_HAL_Driver/Src/stm32f1xx_hal_flash_ex.o
 .debug_rnglists
                0x0000000000000dd5       0x57 ./Drivers/STM32F1xx_HAL_Driver/Src/stm32f1xx_hal_gpio.o
 .debug_rnglists
                0x0000000000000e2c       0xcc ./Drivers/STM32F1xx_HAL_Driver/Src/stm32f1xx_hal_rcc.o
 .debug_rnglists
                0x0000000000000ef8       0x43 ./Drivers/STM32F1xx_HAL_Driver/Src/stm32f1xx_hal_rcc_ex.o
 .debug_rnglists
                0x0000000000000f3b      0x54b ./Drivers/STM32F1xx_HAL_Driver/Src/stm32f1xx_hal_tim.o
 .debug_rnglists
                0x0000000000001486      0x16b ./Drivers/STM32F1xx_HAL_Driver/Src/stm32f1xx_hal_tim_ex.o
 .debug_rnglists
                0x00000000000015f1      0x29e ./Drivers/STM32F1xx_HAL_Driver/Src/stm32f1xx_hal_uart.o

.debug_macro    0x0000000000000000    0x197b5
 .debug_macro   0x0000000000000000      0x29e ./Core/Src/5641as_display_driver.o
 .debug_macro   0x000000000000029e      0xa9c ./Core/Src/5641as_display_driver.o
 .debug_macro   0x0000000000000d3a      0x221 ./Core/Src/5641as_display_driver.o
 .debug_macro   0x0000000000000f5b       0x2e ./Core/Src/5641as_display_driver.o
 .debug_macro   0x0000000000000f89       0x22 ./Core/Src/5641as_display_driver.o
 .debug_macro   0x0000000000000fab       0x22 ./Core/Src/5641as_display_driver.o
 .debug_macro   0x0000000000000fcd       0x8e ./Core/Src/5641as_display_driver.o
 .debug_macro   0x000000000000105b       0x51 ./Core/Src/5641as_display_driver.o
 .debug_macro   0x00000000000010ac      0x103 ./Core/Src/5641as_display_driver.o
 .debug_macro   0x00000000000011af       0x6a ./Core/Src/5641as_display_driver.o
 .debug_macro   0x0000000000001219      0x1df ./Core/Src/5641as_display_driver.o
 .debug_macro   0x00000000000013f8       0x1c ./Core/Src/5641as_display_driver.o
 .debug_macro   0x0000000000001414       0x22 ./Core/Src/5641as_display_driver.o
 .debug_macro   0x0000000000001436       0xbd ./Core/Src/5641as_display_driver.o
 .debug_macro   0x00000000000014f3      0xd23 ./Core/Src/5641as_display_driver.o
 .debug_macro   0x0000000000002216     0xe09e ./Core/Src/5641as_display_driver.o
 .debug_macro   0x00000000000102b4       0x6d ./Core/Src/5641as_display_driver.o
 .debug_macro   0x0000000000010321     0x348d ./Core/Src/5641as_display_driver.o
 .debug_macro   0x00000000000137ae      0x174 ./Core/Src/5641as_display_driver.o
 .debug_macro   0x0000000000013922       0x5c ./Core/Src/5641as_display_driver.o
 .debug_macro   0x000000000001397e      0x5bc ./Core/Src/5641as_display_driver.o
 .debug_macro   0x0000000000013f3a      0x289 ./Core/Src/5641as_display_driver.o
 .debug_macro   0x00000000000141c3      0x1cb ./Core/Src/5641as_display_driver.o
 .debug_macro   0x000000000001438e      0x114 ./Core/Src/5641as_display_driver.o
 .debug_macro   0x00000000000144a2      0x1b2 ./Core/Src/5641as_display_driver.o
 .debug_macro   0x0000000000014654       0x27 ./Core/Src/5641as_display_driver.o
 .debug_macro   0x000000000001467b      0x136 ./Core/Src/5641as_display_driver.o
 .debug_macro   0x00000000000147b1      0x1bc ./Core/Src/5641as_display_driver.o
 .debug_macro   0x000000000001496d       0x34 ./Core/Src/5641as_display_driver.o
 .debug_macro   0x00000000000149a1       0x3c ./Core/Src/5641as_display_driver.o
 .debug_macro   0x00000000000149dd       0x57 ./Core/Src/5641as_display_driver.o
 .debug_macro   0x0000000000014a34      0x46a ./Core/Src/5641as_display_driver.o
 .debug_macro   0x0000000000014e9e      0x1b5 ./Core/Src/5641as_display_driver.o
 .debug_macro   0x0000000000015053       0x87 ./Core/Src/5641as_display_driver.o
 .debug_macro   0x00000000000150da      0x240 ./Core/Src/5641as_display_driver.o
 .debug_macro   0x000000000001531a      0x140 ./Core/Src/5641as_display_driver.o
 .debug_macro   0x000000000001545a      0x8ed ./Core/Src/5641as_display_driver.o
 .debug_macro   0x0000000000015d47      0x28e ./Core/Src/5641as_display_driver.o
 .debug_macro   0x0000000000015fd5       0x83 ./Core/Src/5641as_display_driver.o
 .debug_macro   0x0000000000016058       0x61 ./Core/Src/5641as_display_driver.o
 .debug_macro   0x00000000000160b9       0x24 ./Core/Src/5641as_display_driver.o
 .debug_macro   0x00000000000160dd       0x43 ./Core/Src/5641as_display_driver.o
 .debug_macro   0x0000000000016120       0x34 ./Core/Src/5641as_display_driver.o
 .debug_macro   0x0000000000016154       0x16 ./Core/Src/5641as_display_driver.o
 .debug_macro   0x000000000001616a       0x43 ./Core/Src/5641as_display_driver.o
 .debug_macro   0x00000000000161ad       0x34 ./Core/Src/5641as_display_driver.o
 .debug_macro   0x00000000000161e1       0x10 ./Core/Src/5641as_display_driver.o
 .debug_macro   0x00000000000161f1       0x58 ./Core/Src/5641as_display_driver.o
 .debug_macro   0x0000000000016249       0x8e ./Core/Src/5641as_display_driver.o
 .debug_macro   0x00000000000162d7       0x1c ./Core/Src/5641as_display_driver.o
 .debug_macro   0x00000000000162f3      0x177 ./Core/Src/5641as_display_driver.o
 .debug_macro   0x000000000001646a      0x369 ./Core/Src/5641as_display_driver.o
 .debug_macro   0x00000000000167d3       0x10 ./Core/Src/5641as_display_driver.o
 .debug_macro   0x00000000000167e3       0x35 ./Core/Src/5641as_display_driver.o
 .debug_macro   0x0000000000016818       0x20 ./Core/Src/5641as_display_driver.o
 .debug_macro   0x0000000000016838      0x375 ./Core/Src/app_side_etx_ota.o
 .debug_macro   0x0000000000016bad       0x16 ./Core/Src/app_side_etx_ota.o
 .debug_macro   0x0000000000016bc3       0x10 ./Core/Src/app_side_etx_ota.o
 .debug_macro   0x0000000000016bd3       0x16 ./Core/Src/app_side_etx_ota.o
 .debug_macro   0x0000000000016be9       0x16 ./Core/Src/app_side_etx_ota.o
 .debug_macro   0x0000000000016bff      0x147 ./Core/Src/app_side_etx_ota.o
 .debug_macro   0x0000000000016d46       0x1c ./Core/Src/app_side_etx_ota.o
 .debug_macro   0x0000000000016d62       0x6a ./Core/Src/app_side_etx_ota.o
 .debug_macro   0x0000000000016dcc       0x12 ./Core/Src/app_side_etx_ota.o
 .debug_macro   0x0000000000016dde       0x10 ./Core/Src/app_side_etx_ota.o
 .debug_macro   0x0000000000016dee       0x16 ./Core/Src/app_side_etx_ota.o
 .debug_macro   0x0000000000016e04       0x6d ./Core/Src/crc32_mpeg2.o
 .debug_macro   0x0000000000016e71      0x356 ./Core/Src/firmware_update_config.o
 .debug_macro   0x00000000000171c7      0x172 ./Core/Src/firmware_update_config.o
 .debug_macro   0x0000000000017339      0x3c6 ./Core/Src/hm10_ble_driver.o
 .debug_macro   0x00000000000176ff      0x356 ./Core/Src/main.o
 .debug_macro   0x0000000000017a55      0x16c ./Core/Src/main.o
 .debug_macro   0x0000000000017bc1       0x12 ./Core/Src/main.o
 .debug_macro   0x0000000000017bd3      0x1c6 ./Core/Src/stm32f1xx_hal_msp.o
 .debug_macro   0x0000000000017d99      0x1d0 ./Core/Src/stm32f1xx_it.o
 .debug_macro   0x0000000000017f69      0x2e6 ./Core/Src/system_stm32f1xx.o
 .debug_macro   0x000000000001824f      0x1db ./Drivers/STM32F1xx_HAL_Driver/Src/stm32f1xx_hal.o
 .debug_macro   0x000000000001842a      0x1d4 ./Drivers/STM32F1xx_HAL_Driver/Src/stm32f1xx_hal_adc.o
 .debug_macro   0x00000000000185fe      0x1b7 ./Drivers/STM32F1xx_HAL_Driver/Src/stm32f1xx_hal_cortex.o
 .debug_macro   0x00000000000187b5      0x1b7 ./Drivers/STM32F1xx_HAL_Driver/Src/stm32f1xx_hal_dma.o
 .debug_macro   0x000000000001896c      0x1b7 ./Drivers/STM32F1xx_HAL_Driver/Src/stm32f1xx_hal_flash.o
 .debug_macro   0x0000000000018b23      0x1c9 ./Drivers/STM32F1xx_HAL_Driver/Src/stm32f1xx_hal_flash_ex.o
 .debug_macro   0x0000000000018cec      0x222 ./Drivers/STM32F1xx_HAL_Driver/Src/stm32f1xx_hal_gpio.o
 .debug_macro   0x0000000000018f0e      0x1c9 ./Drivers/STM32F1xx_HAL_Driver/Src/stm32f1xx_hal_rcc.o
 .debug_macro   0x00000000000190d7      0x1b7 ./Drivers/STM32F1xx_HAL_Driver/Src/stm32f1xx_hal_rcc_ex.o
 .debug_macro   0x000000000001928e      0x1b8 ./Drivers/STM32F1xx_HAL_Driver/Src/stm32f1xx_hal_tim.o
 .debug_macro   0x0000000000019446      0x1b7 ./Drivers/STM32F1xx_HAL_Driver/Src/stm32f1xx_hal_tim_ex.o
 .debug_macro   0x00000000000195fd      0x1b8 ./Drivers/STM32F1xx_HAL_Driver/Src/stm32f1xx_hal_uart.o

.debug_line     0x0000000000000000    0x1e922
 .debug_line    0x0000000000000000      0xe6d ./Core/Src/5641as_display_driver.o
 .debug_line    0x0000000000000e6d     0x10a7 ./Core/Src/app_side_etx_ota.o
 .debug_line    0x0000000000001f14      0x493 ./Core/Src/crc32_mpeg2.o
 .debug_line    0x00000000000023a7      0xd0a ./Core/Src/firmware_update_config.o
 .debug_line    0x00000000000030b1     0x2743 ./Core/Src/hm10_ble_driver.o
 .debug_line    0x00000000000057f4     0x1f06 ./Core/Src/main.o
 .debug_line    0x00000000000076fa      0x9c8 ./Core/Src/stm32f1xx_hal_msp.o
 .debug_line    0x00000000000080c2      0x82d ./Core/Src/stm32f1xx_it.o
 .debug_line    0x00000000000088ef      0x94c ./Core/Src/system_stm32f1xx.o
 .debug_line    0x000000000000923b       0x78 ./Core/Startup/startup_stm32f103c8tx.o
 .debug_line    0x00000000000092b3      0xa7f ./Drivers/STM32F1xx_HAL_Driver/Src/stm32f1xx_hal.o
 .debug_line    0x0000000000009d32     0x18dc ./Drivers/STM32F1xx_HAL_Driver/Src/stm32f1xx_hal_adc.o
 .debug_line    0x000000000000b60e      0xc64 ./Drivers/STM32F1xx_HAL_Driver/Src/stm32f1xx_hal_cortex.o
 .debug_line    0x000000000000c272     0x12a4 ./Drivers/STM32F1xx_HAL_Driver/Src/stm32f1xx_hal_dma.o
 .debug_line    0x000000000000d516      0xf4d ./Drivers/STM32F1xx_HAL_Driver/Src/stm32f1xx_hal_flash.o
 .debug_line    0x000000000000e463      0xf63 ./Drivers/STM32F1xx_HAL_Driver/Src/stm32f1xx_hal_flash_ex.o
 .debug_line    0x000000000000f3c6      0xb8b ./Drivers/STM32F1xx_HAL_Driver/Src/stm32f1xx_hal_gpio.o
 .debug_line    0x000000000000ff51     0x1290 ./Drivers/STM32F1xx_HAL_Driver/Src/stm32f1xx_hal_rcc.o
 .debug_line    0x00000000000111e1      0xa12 ./Drivers/STM32F1xx_HAL_Driver/Src/stm32f1xx_hal_rcc_ex.o
 .debug_line    0x0000000000011bf3     0x665e ./Drivers/STM32F1xx_HAL_Driver/Src/stm32f1xx_hal_tim.o
 .debug_line    0x0000000000018251     0x1f64 ./Drivers/STM32F1xx_HAL_Driver/Src/stm32f1xx_hal_tim_ex.o
 .debug_line    0x000000000001a1b5     0x476d ./Drivers/STM32F1xx_HAL_Driver/Src/stm32f1xx_hal_uart.o

.debug_str      0x0000000000000000    0x92e27
 .debug_str     0x0000000000000000    0x8ba6b ./Core/Src/5641as_display_driver.o
                                      0x8beca (size before relaxing)
 .debug_str     0x000000000008ba6b     0x17c5 ./Core/Src/app_side_etx_ota.o
                                      0x8cbad (size before relaxing)
 .debug_str     0x000000000008d230       0x40 ./Core/Src/crc32_mpeg2.o
                                       0x3d5d (size before relaxing)
 .debug_str     0x000000000008d270     0x105c ./Core/Src/firmware_update_config.o
                                      0x8ccaa (size before relaxing)
 .debug_str     0x000000000008e2cc      0xaf0 ./Core/Src/hm10_ble_driver.o
                                      0x8cd81 (size before relaxing)
 .debug_str     0x000000000008edbc      0xd5b ./Core/Src/main.o
                                      0x8e170 (size before relaxing)
 .debug_str     0x000000000008fb17      0x362 ./Core/Src/stm32f1xx_hal_msp.o
                                      0x8972c (size before relaxing)
 .debug_str     0x000000000008fe79      0x112 ./Core/Src/stm32f1xx_it.o
                                      0x89290 (size before relaxing)
 .debug_str     0x000000000008ff8b      0x14c ./Core/Src/system_stm32f1xx.o
                                      0x8bba0 (size before relaxing)
 .debug_str     0x00000000000900d7       0x34 ./Core/Startup/startup_stm32f103c8tx.o
                                         0xc9 (size before relaxing)
 .debug_str     0x000000000009010b      0x378 ./Drivers/STM32F1xx_HAL_Driver/Src/stm32f1xx_hal.o
                                      0x88797 (size before relaxing)
 .debug_str     0x0000000000090483      0x348 ./Drivers/STM32F1xx_HAL_Driver/Src/stm32f1xx_hal_adc.o
                                      0x88748 (size before relaxing)
 .debug_str     0x00000000000907cb      0x22b ./Drivers/STM32F1xx_HAL_Driver/Src/stm32f1xx_hal_cortex.o
                                      0x886e3 (size before relaxing)
 .debug_str     0x00000000000909f6      0x216 ./Drivers/STM32F1xx_HAL_Driver/Src/stm32f1xx_hal_dma.o
                                      0x8840d (size before relaxing)
 .debug_str     0x0000000000090c0c      0x253 ./Drivers/STM32F1xx_HAL_Driver/Src/stm32f1xx_hal_flash.o
                                      0x8833f (size before relaxing)
 .debug_str     0x0000000000090e5f      0x306 ./Drivers/STM32F1xx_HAL_Driver/Src/stm32f1xx_hal_flash_ex.o
                                      0x884ed (size before relaxing)
 .debug_str     0x0000000000091165      0x2eb ./Drivers/STM32F1xx_HAL_Driver/Src/stm32f1xx_hal_gpio.o
                                      0x883ea (size before relaxing)
 .debug_str     0x0000000000091450      0x229 ./Drivers/STM32F1xx_HAL_Driver/Src/stm32f1xx_hal_rcc.o
                                      0x88493 (size before relaxing)
 .debug_str     0x0000000000091679       0x84 ./Drivers/STM32F1xx_HAL_Driver/Src/stm32f1xx_hal_rcc_ex.o
                                      0x881e3 (size before relaxing)
 .debug_str     0x00000000000916fd      0xce8 ./Drivers/STM32F1xx_HAL_Driver/Src/stm32f1xx_hal_tim.o
                                      0x89485 (size before relaxing)
 .debug_str     0x00000000000923e5      0x493 ./Drivers/STM32F1xx_HAL_Driver/Src/stm32f1xx_hal_tim_ex.o
                                      0x88ca1 (size before relaxing)
 .debug_str     0x0000000000092878      0x5af ./Drivers/STM32F1xx_HAL_Driver/Src/stm32f1xx_hal_uart.o
                                      0x88b04 (size before relaxing)

.debug_frame    0x0000000000000000     0x2ea4
 .debug_frame   0x0000000000000000      0x16c ./Core/Src/5641as_display_driver.o
 .debug_frame   0x000000000000016c       0xdc ./Core/Src/app_side_etx_ota.o
 .debug_frame   0x0000000000000248       0x2c ./Core/Src/crc32_mpeg2.o
 .debug_frame   0x0000000000000274       0xbc ./Core/Src/firmware_update_config.o
 .debug_frame   0x0000000000000330      0x290 ./Core/Src/hm10_ble_driver.o
 .debug_frame   0x00000000000005c0      0x10c ./Core/Src/main.o
 .debug_frame   0x00000000000006cc      0x108 ./Core/Src/stm32f1xx_hal_msp.o
 .debug_frame   0x00000000000007d4       0xc0 ./Core/Src/stm32f1xx_it.o
 .debug_frame   0x0000000000000894       0x30 ./Core/Src/system_stm32f1xx.o
 .debug_frame   0x00000000000008c4      0x1d4 ./Drivers/STM32F1xx_HAL_Driver/Src/stm32f1xx_hal.o
 .debug_frame   0x0000000000000a98      0x314 ./Drivers/STM32F1xx_HAL_Driver/Src/stm32f1xx_hal_adc.o
 .debug_frame   0x0000000000000dac      0x128 ./Drivers/STM32F1xx_HAL_Driver/Src/stm32f1xx_hal_cortex.o
 .debug_frame   0x0000000000000ed4      0x154 ./Drivers/STM32F1xx_HAL_Driver/Src/stm32f1xx_hal_dma.o
 .debug_frame   0x0000000000001028      0x12c ./Drivers/STM32F1xx_HAL_Driver/Src/stm32f1xx_hal_flash.o
 .debug_frame   0x0000000000001154       0xc8 ./Drivers/STM32F1xx_HAL_Driver/Src/stm32f1xx_hal_flash_ex.o
 .debug_frame   0x000000000000121c       0xec ./Drivers/STM32F1xx_HAL_Driver/Src/stm32f1xx_hal_gpio.o
 .debug_frame   0x0000000000001308      0x190 ./Drivers/STM32F1xx_HAL_Driver/Src/stm32f1xx_hal_rcc.o
 .debug_frame   0x0000000000001498       0x68 ./Drivers/STM32F1xx_HAL_Driver/Src/stm32f1xx_hal_rcc_ex.o
 .debug_frame   0x0000000000001500      0xbec ./Drivers/STM32F1xx_HAL_Driver/Src/stm32f1xx_hal_tim.o
 .debug_frame   0x00000000000020ec      0x468 ./Drivers/STM32F1xx_HAL_Driver/Src/stm32f1xx_hal_tim_ex.o
 .debug_frame   0x0000000000002554      0x5b0 ./Drivers/STM32F1xx_HAL_Driver/Src/stm32f1xx_hal_uart.o
 .debug_frame   0x0000000000002b04       0x20 C:/ST/STM32CubeIDE_1.13.1/STM32CubeIDE/plugins/com.st.stm32cube.ide.mcu.externaltools.gnu-tools-for-stm32.11.3.rel1.win32_1.1.0.202305231506/tools/bin/../lib/gcc/arm-none-eabi/11.3.1/../../../../arm-none-eabi/lib/thumb/v7-m/nofp\libc_nano.a(libc_a-memset.o)
 .debug_frame   0x0000000000002b24       0x2c C:/ST/STM32CubeIDE_1.13.1/STM32CubeIDE/plugins/com.st.stm32cube.ide.mcu.externaltools.gnu-tools-for-stm32.11.3.rel1.win32_1.1.0.202305231506/tools/bin/../lib/gcc/arm-none-eabi/11.3.1/../../../../arm-none-eabi/lib/thumb/v7-m/nofp\libc_nano.a(libc_a-init.o)
 .debug_frame   0x0000000000002b50       0xac C:/ST/STM32CubeIDE_1.13.1/STM32CubeIDE/plugins/com.st.stm32cube.ide.mcu.externaltools.gnu-tools-for-stm32.11.3.rel1.win32_1.1.0.202305231506/tools/bin/../lib/gcc/arm-none-eabi/11.3.1/thumb/v7-m/nofp\libgcc.a(_arm_addsubdf3.o)
 .debug_frame   0x0000000000002bfc       0x50 C:/ST/STM32CubeIDE_1.13.1/STM32CubeIDE/plugins/com.st.stm32cube.ide.mcu.externaltools.gnu-tools-for-stm32.11.3.rel1.win32_1.1.0.202305231506/tools/bin/../lib/gcc/arm-none-eabi/11.3.1/thumb/v7-m/nofp\libgcc.a(_arm_muldivdf3.o)
 .debug_frame   0x0000000000002c4c       0xc4 C:/ST/STM32CubeIDE_1.13.1/STM32CubeIDE/plugins/com.st.stm32cube.ide.mcu.externaltools.gnu-tools-for-stm32.11.3.rel1.win32_1.1.0.202305231506/tools/bin/../lib/gcc/arm-none-eabi/11.3.1/thumb/v7-m/nofp\libgcc.a(_arm_cmpdf2.o)
 .debug_frame   0x0000000000002d10       0x24 C:/ST/STM32CubeIDE_1.13.1/STM32CubeIDE/plugins/com.st.stm32cube.ide.mcu.externaltools.gnu-tools-for-stm32.11.3.rel1.win32_1.1.0.202305231506/tools/bin/../lib/gcc/arm-none-eabi/11.3.1/thumb/v7-m/nofp\libgcc.a(_arm_truncdfsf2.o)
 .debug_frame   0x0000000000002d34       0x4c C:/ST/STM32CubeIDE_1.13.1/STM32CubeIDE/plugins/com.st.stm32cube.ide.mcu.externaltools.gnu-tools-for-stm32.11.3.rel1.win32_1.1.0.202305231506/tools/bin/../lib/gcc/arm-none-eabi/11.3.1/thumb/v7-m/nofp\libgcc.a(_arm_addsubsf3.o)
 .debug_frame   0x0000000000002d80       0x38 C:/ST/STM32CubeIDE_1.13.1/STM32CubeIDE/plugins/com.st.stm32cube.ide.mcu.externaltools.gnu-tools-for-stm32.11.3.rel1.win32_1.1.0.202305231506/tools/bin/../lib/gcc/arm-none-eabi/11.3.1/thumb/v7-m/nofp\libgcc.a(_arm_muldivsf3.o)
 .debug_frame   0x0000000000002db8       0xc8 C:/ST/STM32CubeIDE_1.13.1/STM32CubeIDE/plugins/com.st.stm32cube.ide.mcu.externaltools.gnu-tools-for-stm32.11.3.rel1.win32_1.1.0.202305231506/tools/bin/../lib/gcc/arm-none-eabi/11.3.1/thumb/v7-m/nofp\libgcc.a(_arm_cmpsf2.o)
 .debug_frame   0x0000000000002e80       0x24 C:/ST/STM32CubeIDE_1.13.1/STM32CubeIDE/plugins/com.st.stm32cube.ide.mcu.externaltools.gnu-tools-for-stm32.11.3.rel1.win32_1.1.0.202305231506/tools/bin/../lib/gcc/arm-none-eabi/11.3.1/thumb/v7-m/nofp\libgcc.a(_arm_fixunssfsi.o)

.debug_line_str
                0x0000000000000000       0xbd
 .debug_line_str
                0x0000000000000000       0xbd ./Core/Startup/startup_stm32f103c8tx.o
                                         0xd5 (size before relaxing)
