../Core/Src/hm10_ble_driver.c:116:6:init_hm10_module	0	static
../Core/Src/hm10_ble_driver.c:121:13:send_hm10_test_cmd	16	static
../Core/Src/hm10_ble_driver.c:176:13:send_hm10_reset_cmd	16	static
../Core/Src/hm10_ble_driver.c:240:13:send_hm10_renew_cmd	16	static
../Core/Src/hm10_ble_driver.c:304:13:set_hm10_name	24	static
../Core/Src/hm10_ble_driver.c:396:13:get_hm10_name	24	static
../Core/Src/hm10_ble_driver.c:506:13:set_hm10_role	16	static
../Core/Src/hm10_ble_driver.c:591:13:get_hm10_role	16	static
../Core/Src/hm10_ble_driver.c:669:13:set_hm10_pin	24	static
../Core/Src/hm10_ble_driver.c:774:13:get_hm10_pin	16	static
../Core/Src/hm10_ble_driver.c:866:13:set_hm10_pin_code_mode	16	static
../Core/Src/hm10_ble_driver.c:952:13:get_hm10_pin_code_mode	16	static
../Core/Src/hm10_ble_driver.c:1032:13:set_hm10_module_work_mode	16	static
../Core/Src/hm10_ble_driver.c:1118:13:get_hm10_module_work_mode	16	static
../Core/Src/hm10_ble_driver.c:1199:13:set_hm10_module_work_type	16	static
../Core/Src/hm10_ble_driver.c:1284:13:get_hm10_module_work_type	16	static
../Core/Src/hm10_ble_driver.c:1363:13:set_hm10_notify_information_mode	16	static
../Core/Src/hm10_ble_driver.c:1448:13:get_hm10_notify_information_mode	16	static
../Core/Src/hm10_ble_driver.c:1527:13:connect_hm10_to_bt_address	24	static
../Core/Src/hm10_ble_driver.c:1649:27:disconnect_hm10_from_bt_address	16	static
../Core/Src/hm10_ble_driver.c:1739:13:send_hm10_ota_data	8	static
../Core/Src/hm10_ble_driver.c:1751:13:get_hm10_ota_data	8	static
