Archive member included to satisfy reference by file (symbol)

C:/ST/STM32CubeIDE_1.13.1/STM32CubeIDE/plugins/com.st.stm32cube.ide.mcu.externaltools.gnu-tools-for-stm32.11.3.rel1.win32_1.1.0.202305231506/tools/bin/../lib/gcc/arm-none-eabi/11.3.1/../../../../arm-none-eabi/lib/thumb/v7-m/nofp\libc_nano.a(libc_a-exit.o)
                              C:/ST/STM32CubeIDE_1.13.1/STM32CubeIDE/plugins/com.st.stm32cube.ide.mcu.externaltools.gnu-tools-for-stm32.11.3.rel1.win32_1.1.0.202305231506/tools/bin/../lib/gcc/arm-none-eabi/11.3.1/../../../../arm-none-eabi/lib/thumb/v7-m/nofp/crt0.o (exit)
C:/ST/STM32CubeIDE_1.13.1/STM32CubeIDE/plugins/com.st.stm32cube.ide.mcu.externaltools.gnu-tools-for-stm32.11.3.rel1.win32_1.1.0.202305231506/tools/bin/../lib/gcc/arm-none-eabi/11.3.1/../../../../arm-none-eabi/lib/thumb/v7-m/nofp\libc_nano.a(libc_a-findfp.o)
                              C:/ST/STM32CubeIDE_1.13.1/STM32CubeIDE/plugins/com.st.stm32cube.ide.mcu.externaltools.gnu-tools-for-stm32.11.3.rel1.win32_1.1.0.202305231506/tools/bin/../lib/gcc/arm-none-eabi/11.3.1/../../../../arm-none-eabi/lib/thumb/v7-m/nofp\libc_nano.a(libc_a-exit.o) (__stdio_exit_handler)
C:/ST/STM32CubeIDE_1.13.1/STM32CubeIDE/plugins/com.st.stm32cube.ide.mcu.externaltools.gnu-tools-for-stm32.11.3.rel1.win32_1.1.0.202305231506/tools/bin/../lib/gcc/arm-none-eabi/11.3.1/../../../../arm-none-eabi/lib/thumb/v7-m/nofp\libc_nano.a(libc_a-fwalk.o)
                              C:/ST/STM32CubeIDE_1.13.1/STM32CubeIDE/plugins/com.st.stm32cube.ide.mcu.externaltools.gnu-tools-for-stm32.11.3.rel1.win32_1.1.0.202305231506/tools/bin/../lib/gcc/arm-none-eabi/11.3.1/../../../../arm-none-eabi/lib/thumb/v7-m/nofp\libc_nano.a(libc_a-findfp.o) (_fwalk_sglue)
C:/ST/STM32CubeIDE_1.13.1/STM32CubeIDE/plugins/com.st.stm32cube.ide.mcu.externaltools.gnu-tools-for-stm32.11.3.rel1.win32_1.1.0.202305231506/tools/bin/../lib/gcc/arm-none-eabi/11.3.1/../../../../arm-none-eabi/lib/thumb/v7-m/nofp\libc_nano.a(libc_a-stdio.o)
                              C:/ST/STM32CubeIDE_1.13.1/STM32CubeIDE/plugins/com.st.stm32cube.ide.mcu.externaltools.gnu-tools-for-stm32.11.3.rel1.win32_1.1.0.202305231506/tools/bin/../lib/gcc/arm-none-eabi/11.3.1/../../../../arm-none-eabi/lib/thumb/v7-m/nofp\libc_nano.a(libc_a-findfp.o) (__sread)
C:/ST/STM32CubeIDE_1.13.1/STM32CubeIDE/plugins/com.st.stm32cube.ide.mcu.externaltools.gnu-tools-for-stm32.11.3.rel1.win32_1.1.0.202305231506/tools/bin/../lib/gcc/arm-none-eabi/11.3.1/../../../../arm-none-eabi/lib/thumb/v7-m/nofp\libc_nano.a(libc_a-memset.o)
                              C:/ST/STM32CubeIDE_1.13.1/STM32CubeIDE/plugins/com.st.stm32cube.ide.mcu.externaltools.gnu-tools-for-stm32.11.3.rel1.win32_1.1.0.202305231506/tools/bin/../lib/gcc/arm-none-eabi/11.3.1/../../../../arm-none-eabi/lib/thumb/v7-m/nofp/crt0.o (memset)
C:/ST/STM32CubeIDE_1.13.1/STM32CubeIDE/plugins/com.st.stm32cube.ide.mcu.externaltools.gnu-tools-for-stm32.11.3.rel1.win32_1.1.0.202305231506/tools/bin/../lib/gcc/arm-none-eabi/11.3.1/../../../../arm-none-eabi/lib/thumb/v7-m/nofp\libc_nano.a(libc_a-closer.o)
                              C:/ST/STM32CubeIDE_1.13.1/STM32CubeIDE/plugins/com.st.stm32cube.ide.mcu.externaltools.gnu-tools-for-stm32.11.3.rel1.win32_1.1.0.202305231506/tools/bin/../lib/gcc/arm-none-eabi/11.3.1/../../../../arm-none-eabi/lib/thumb/v7-m/nofp\libc_nano.a(libc_a-stdio.o) (_close_r)
C:/ST/STM32CubeIDE_1.13.1/STM32CubeIDE/plugins/com.st.stm32cube.ide.mcu.externaltools.gnu-tools-for-stm32.11.3.rel1.win32_1.1.0.202305231506/tools/bin/../lib/gcc/arm-none-eabi/11.3.1/../../../../arm-none-eabi/lib/thumb/v7-m/nofp\libc_nano.a(libc_a-reent.o)
                              C:/ST/STM32CubeIDE_1.13.1/STM32CubeIDE/plugins/com.st.stm32cube.ide.mcu.externaltools.gnu-tools-for-stm32.11.3.rel1.win32_1.1.0.202305231506/tools/bin/../lib/gcc/arm-none-eabi/11.3.1/../../../../arm-none-eabi/lib/thumb/v7-m/nofp\libc_nano.a(libc_a-closer.o) (errno)
C:/ST/STM32CubeIDE_1.13.1/STM32CubeIDE/plugins/com.st.stm32cube.ide.mcu.externaltools.gnu-tools-for-stm32.11.3.rel1.win32_1.1.0.202305231506/tools/bin/../lib/gcc/arm-none-eabi/11.3.1/../../../../arm-none-eabi/lib/thumb/v7-m/nofp\libc_nano.a(libc_a-impure.o)
                              C:/ST/STM32CubeIDE_1.13.1/STM32CubeIDE/plugins/com.st.stm32cube.ide.mcu.externaltools.gnu-tools-for-stm32.11.3.rel1.win32_1.1.0.202305231506/tools/bin/../lib/gcc/arm-none-eabi/11.3.1/../../../../arm-none-eabi/lib/thumb/v7-m/nofp\libc_nano.a(libc_a-reent.o) (_impure_ptr)
C:/ST/STM32CubeIDE_1.13.1/STM32CubeIDE/plugins/com.st.stm32cube.ide.mcu.externaltools.gnu-tools-for-stm32.11.3.rel1.win32_1.1.0.202305231506/tools/bin/../lib/gcc/arm-none-eabi/11.3.1/../../../../arm-none-eabi/lib/thumb/v7-m/nofp\libc_nano.a(libc_a-lseekr.o)
[...]
Memory Configuration

Name             Origin             Length             Attributes
RAM              0x0000000020000000 0x0000000000005000 xrw
FLASH            0x0000000008001800 0x0000000000006800 xr
*default*        0x0000000000000000 0xffffffffffffffff

Linker script and memory map

LOAD C:/ST/STM32CubeIDE_1.13.1/STM32CubeIDE/plugins/com.st.stm32cube.ide.mcu.externaltools.gnu-tools-for-stm32.11.3.rel1.win32_1.1.0.202305231506/tools/bin/../lib/gcc/arm-none-eabi/11.3.1/thumb/v7-m/nofp/crti.o
LOAD C:/ST/STM32CubeIDE_1.13.1/STM32CubeIDE/plugins/com.st.stm32cube.ide.mcu.externaltools.gnu-tools-for-stm32.11.3.rel1.win32_1.1.0.202305231506/tools/bin/../lib/gcc/arm-none-eabi/11.3.1/thumb/v7-m/nofp/crtbegin.o
LOAD C:/ST/STM32CubeIDE_1.13.1/STM32CubeIDE/plugins/com.st.stm32cube.ide.mcu.externaltools.gnu-tools-for-stm32.11.3.rel1.win32_1.1.0.202305231506/tools/bin/../lib/gcc/arm-none-eabi/11.3.1/../../../../arm-none-eabi/lib/thumb/v7-m/nofp/crt0.o
LOAD ./Core/Src/5641as_display_driver.o
LOAD ./Core/Src/bl_side_etx_ota.o
LOAD ./Core/Src/crc32_mpeg2.o
LOAD ./Core/Src/firmware_update_config.o
LOAD ./Core/Src/hm10_ble_driver.o
LOAD ./Core/Src/main.o
LOAD ./Core/Src/stm32f1xx_hal_msp.o
LOAD ./Core/Src/stm32f1xx_it.o
LOAD ./Core/Src/syscalls.o
LOAD ./Core/Src/sysmem.o
LOAD ./Core/Src/system_stm32f1xx.o
LOAD ./Core/Startup/startup_stm32f103c8tx.o
LOAD ./Drivers/STM32F1xx_HAL_Driver/Src/stm32f1xx_hal.o
LOAD ./Drivers/STM32F1xx_HAL_Driver/Src/stm32f1xx_hal_cortex.o
LOAD ./Drivers/STM32F1xx_HAL_Driver/Src/stm32f1xx_hal_dma.o
LOAD ./Drivers/STM32F1xx_HAL_Driver/Src/stm32f1xx_hal_exti.o
LOAD ./Drivers/STM32F1xx_HAL_Driver/Src/stm32f1xx_hal_flash.o
LOAD ./Drivers/STM32F1xx_HAL_Driver/Src/stm32f1xx_hal_flash_ex.o
LOAD ./Drivers/STM32F1xx_HAL_Driver/Src/stm32f1xx_hal_gpio.o
LOAD ./Drivers/STM32F1xx_HAL_Driver/Src/stm32f1xx_hal_gpio_ex.o
LOAD ./Drivers/STM32F1xx_HAL_Driver/Src/stm32f1xx_hal_pwr.o
LOAD ./Drivers/STM32F1xx_HAL_Driver/Src/stm32f1xx_hal_rcc.o
LOAD ./Drivers/STM32F1xx_HAL_Driver/Src/stm32f1xx_hal_rcc_ex.o
LOAD ./Drivers/STM32F1xx_HAL_Driver/Src/stm32f1xx_hal_tim.o
LOAD ./Drivers/STM32F1xx_HAL_Driver/Src/stm32f1xx_hal_tim_ex.o
LOAD ./Drivers/STM32F1xx_HAL_Driver/Src/stm32f1xx_hal_uart.o
START GROUP
LOAD C:/ST/STM32CubeIDE_1.13.1/STM32CubeIDE/plugins/com.st.stm32cube.ide.mcu.externaltools.gnu-tools-for-stm32.11.3.rel1.win32_1.1.0.202305231506/tools/bin/../lib/gcc/arm-none-eabi/11.3.1/../../../../arm-none-eabi/lib/thumb/v7-m/nofp\libc_nano.a
LOAD C:/ST/STM32CubeIDE_1.13.1/STM32CubeIDE/plugins/com.st.stm32cube.ide.mcu.externaltools.gnu-tools-for-stm32.11.3.rel1.win32_1.1.0.202305231506/tools/bin/../lib/gcc/arm-none-eabi/11.3.1/../../../../arm-none-eabi/lib/thumb/v7-m/nofp\libm.a
END GROUP
START GROUP
LOAD C:/ST/STM32CubeIDE_1.13.1/STM32CubeIDE/plugins/com.st.stm32cube.ide.mcu.externaltools.gnu-tools-for-stm32.11.3.rel1.win32_1.1.0.202305231506/tools/bin/../lib/gcc/arm-none-eabi/11.3.1/thumb/v7-m/nofp\libgcc.a
LOAD C:/ST/STM32CubeIDE_1.13.1/STM32CubeIDE/plugins/com.st.stm32cube.ide.mcu.externaltools.gnu-tools-for-stm32.11.3.rel1.win32_1.1.0.202305231506/tools/bin/../lib/gcc/arm-none-eabi/11.3.1/../../../../arm-none-eabi/lib/thumb/v7-m/nofp\libc_nano.a
END GROUP
START GROUP
LOAD C:/ST/STM32CubeIDE_1.13.1/STM32CubeIDE/plugins/com.st.stm32cube.ide.mcu.externaltools.gnu-tools-for-stm32.11.3.rel1.win32_1.1.0.202305231506/tools/bin/../lib/gcc/arm-none-eabi/11.3.1/thumb/v7-m/nofp\libgcc.a
LOAD C:/ST/STM32CubeIDE_1.13.1/STM32CubeIDE/plugins/com.st.stm32cube.ide.mcu.externaltools.gnu-tools-for-stm32.11.3.rel1.win32_1.1.0.202305231506/tools/bin/../lib/gcc/arm-none-eabi/11.3.1/../../../../arm-none-eabi/lib/thumb/v7-m/nofp\libc_nano.a
LOAD C:/ST/STM32CubeIDE_1.13.1/STM32CubeIDE/plugins/com.st.stm32cube.ide.mcu.externaltools.gnu-tools-for-stm32.11.3.rel1.win32_1.1.0.202305231506/tools/bin/../lib/gcc/arm-none-eabi/11.3.1/../../../../arm-none-eabi/lib/thumb/v7-m/nofp\libnosys.a
END GROUP
START GROUP
LOAD C:/ST/STM32CubeIDE_1.13.1/STM32CubeIDE/plugins/com.st.stm32cube.ide.mcu.externaltools.gnu-tools-for-stm32.11.3.rel1.win32_1.1.0.202305231506/tools/bin/../lib/gcc/arm-none-eabi/11.3.1/thumb/v7-m/nofp\libgcc.a
LOAD C:/ST/STM32CubeIDE_1.13.1/STM32CubeIDE/plugins/com.st.stm32cube.ide.mcu.externaltools.gnu-tools-for-stm32.11.3.rel1.win32_1.1.0.202305231506/tools/bin/../lib/gcc/arm-none-eabi/11.3.1/../../../../arm-none-eabi/lib/thumb/v7-m/nofp\libc_nano.a
LOAD C:/ST/STM32CubeIDE_1.13.1/STM32CubeIDE/plugins/com.st.stm32cube.ide.mcu.externaltools.gnu-tools-for-stm32.11.3.rel1.win32_1.1.0.202305231506/tools/bin/../lib/gcc/arm-none-eabi/11.3.1/../../../../arm-none-eabi/lib/thumb/v7-m/nofp\libnosys.a
END GROUP
LOAD C:/ST/STM32CubeIDE_1.13.1/STM32CubeIDE/plugins/com.st.stm32cube.ide.mcu.externaltools.gnu-tools-for-stm32.11.3.rel1.win32_1.1.0.202305231506/tools/bin/../lib/gcc/arm-none-eabi/11.3.1/thumb/v7-m/nofp/crtend.o
LOAD C:/ST/STM32CubeIDE_1.13.1/STM32CubeIDE/plugins/com.st.stm32cube.ide.mcu.externaltools.gnu-tools-for-stm32.11.3.rel1.win32_1.1.0.202305231506/tools/bin/../lib/gcc/arm-none-eabi/11.3.1/thumb/v7-m/nofp/crtn.o
                0x0000000020005000                _estack = (ORIGIN (RAM) + LENGTH (RAM))
                0x0000000000000200                _Min_Heap_Size = 0x200
                0x0000000000000400                _Min_Stack_Size = 0x400

.isr_vector     0x0000000008001800      0x10c
                0x0000000008001800                . = ALIGN (0x4)
 *(.isr_vector)
 .isr_vector    0x0000000008001800      0x10c ./Core/Startup/startup_stm32f103c8tx.o
                0x0000000008001800                g_pfnVectors
                0x000000000800190c                . = ALIGN (0x4)

.text           0x000000000800190c     0x3b58
                0x000000000800190c                . = ALIGN (0x4)
 *(.text)
 .text          0x000000000800190c       0x40 C:/ST/STM32CubeIDE_1.13.1/STM32CubeIDE/plugins/com.st.stm32cube.ide.mcu.externaltools.gnu-tools-for-stm32.11.3.rel1.win32_1.1.0.202305231506/tools/bin/../lib/gcc/arm-none-eabi/11.3.1/thumb/v7-m/nofp/crtbegin.o
 *(.text*)
 .text.turn_off_all_5641as_display_terminals
                0x000000000800194c       0xac ./Core/Src/5641as_display_driver.o
 .text.show_custom_display_output
                0x00000000080019f8       0xf0 ./Core/Src/5641as_display_driver.o
 .text.init_5641as_display_module
                0x0000000008001ae8       0x28 ./Core/Src/5641as_display_driver.o
                0x0000000008001ae8                init_5641as_display_module
 .text.start_5641as_display_module
                0x0000000008001b10        0xc ./Core/Src/5641as_display_driver.o
                0x0000000008001b10                start_5641as_display_module
 .text.stop_5641as_display_module
                0x0000000008001b1c        0xc ./Core/Src/5641as_display_driver.o
                0x0000000008001b1c                stop_5641as_display_module
 .text.set_5641as_display_output
                0x0000000008001b28      0x194 ./Core/Src/5641as_display_driver.o
                0x0000000008001b28                set_5641as_display_output
 .text.HAL_TIM_PeriodElapsedCallback
                0x0000000008001cbc      0x528 ./Core/Src/5641as_display_driver.o
                0x0000000008001cbc                HAL_TIM_PeriodElapsedCallback
 .text.etx_ota_send_resp.isra.0
                0x00000000080021e4       0x70 ./Core/Src/bl_side_etx_ota.o
 .text.init_firmware_update_module
                0x0000000008002254       0xb4 ./Core/Src/bl_side_etx_ota.o
                0x0000000008002254                init_firmware_update_module
 .text.firmware_image_download_and_install
                0x0000000008002308      0x538 ./Core/Src/bl_side_etx_ota.o
                0x0000000008002308                firmware_image_download_and_install
 .text.crc32_mpeg2
                0x0000000008002840       0x38 ./Core/Src/crc32_mpeg2.o
                0x0000000008002840                crc32_mpeg2
 .text.page_erase
                0x0000000008002878       0x60 ./Core/Src/firmware_update_config.o
 .text.firmware_update_configurations_init
                0x00000000080028d8       0xd4 ./Core/Src/firmware_update_config.o
                0x00000000080028d8                firmware_update_configurations_init
 .text.firmware_update_configurations_read
                0x00000000080029ac       0x64 ./Core/Src/firmware_update_config.o
                0x00000000080029ac                firmware_update_configurations_read
 .text.firmware_update_configurations_write
                0x0000000008002a10      0x104 ./Core/Src/firmware_update_config.o
                0x0000000008002a10                firmware_update_configurations_write
 .text.init_hm10_module
                0x0000000008002b14        0xc ./Core/Src/hm10_ble_driver.o
                0x0000000008002b14                init_hm10_module
 .text.send_hm10_reset_cmd
                0x0000000008002b20       0xb8 ./Core/Src/hm10_ble_driver.o
                0x0000000008002b20                send_hm10_reset_cmd
 .text.send_hm10_renew_cmd
                0x0000000008002bd8       0xb8 ./Core/Src/hm10_ble_driver.o
                0x0000000008002bd8                send_hm10_renew_cmd
 .text.set_hm10_name
                0x0000000008002c90      0x288 ./Core/Src/hm10_ble_driver.o
                0x0000000008002c90                set_hm10_name
 .text.set_hm10_role
                0x0000000008002f18       0xd8 ./Core/Src/hm10_ble_driver.o
                0x0000000008002f18                set_hm10_role
 .text.set_hm10_pin
                0x0000000008002ff0      0x154 ./Core/Src/hm10_ble_driver.o
                0x0000000008002ff0                set_hm10_pin
 .text.set_hm10_pin_code_mode
                0x0000000008003144       0xd8 ./Core/Src/hm10_ble_driver.o
                0x0000000008003144                set_hm10_pin_code_mode
 .text.set_hm10_module_work_mode
                0x000000000800321c       0xd8 ./Core/Src/hm10_ble_driver.o
                0x000000000800321c                set_hm10_module_work_mode
 .text.disconnect_hm10_from_bt_address
                0x00000000080032f4       0xc0 ./Core/Src/hm10_ble_driver.o
                0x00000000080032f4                disconnect_hm10_from_bt_address
 .text.send_hm10_ota_data
                0x00000000080033b4       0x2c ./Core/Src/hm10_ble_driver.o
                0x00000000080033b4                send_hm10_ota_data
 .text.get_hm10_ota_data
                0x00000000080033e0       0x2c ./Core/Src/hm10_ble_driver.o
                0x00000000080033e0                get_hm10_ota_data
 .text.validate_application_firmware
                0x000000000800340c       0x38 ./Core/Src/main.o
 .text.HAL_uart_rx_flush.constprop.0
                0x0000000008003444       0x5c ./Core/Src/main.o
 .text.SystemClock_Config
                0x00000000080034a0       0x54 ./Core/Src/main.o
                0x00000000080034a0                SystemClock_Config
 .text.startup.main
                0x00000000080034f4      0x504 ./Core/Src/main.o
                0x00000000080034f4                main
 .text.HAL_MspInit
                0x00000000080039f8       0x30 ./Core/Src/stm32f1xx_hal_msp.o
                0x00000000080039f8                HAL_MspInit
 .text.HAL_TIM_Base_MspInit
                0x0000000008003a28       0x68 ./Core/Src/stm32f1xx_hal_msp.o
                0x0000000008003a28                HAL_TIM_Base_MspInit
 .text.HAL_TIM_MspPostInit
                0x0000000008003a90       0x54 ./Core/Src/stm32f1xx_hal_msp.o
                0x0000000008003a90                HAL_TIM_MspPostInit
 .text.HAL_UART_MspInit
                0x0000000008003ae4       0x78 ./Core/Src/stm32f1xx_hal_msp.o
                0x0000000008003ae4                HAL_UART_MspInit
 .text.NMI_Handler
                0x0000000008003b5c        0x4 ./Core/Src/stm32f1xx_it.o
                0x0000000008003b5c                NMI_Handler
 .text.HardFault_Handler
                0x0000000008003b60        0x4 ./Core/Src/stm32f1xx_it.o
                0x0000000008003b60                HardFault_Handler
 .text.MemManage_Handler
                0x0000000008003b64        0x4 ./Core/Src/stm32f1xx_it.o
                0x0000000008003b64                MemManage_Handler
 .text.BusFault_Handler
                0x0000000008003b68        0x4 ./Core/Src/stm32f1xx_it.o
                0x0000000008003b68                BusFault_Handler
 .text.UsageFault_Handler
                0x0000000008003b6c        0x4 ./Core/Src/stm32f1xx_it.o
                0x0000000008003b6c                UsageFault_Handler
 .text.SVC_Handler
                0x0000000008003b70        0x4 ./Core/Src/stm32f1xx_it.o
                0x0000000008003b70                SVC_Handler
 .text.DebugMon_Handler
                0x0000000008003b74        0x4 ./Core/Src/stm32f1xx_it.o
                0x0000000008003b74                DebugMon_Handler
 .text.PendSV_Handler
                0x0000000008003b78        0x4 ./Core/Src/stm32f1xx_it.o
                0x0000000008003b78                PendSV_Handler
 .text.SysTick_Handler
                0x0000000008003b7c        0x4 ./Core/Src/stm32f1xx_it.o
                0x0000000008003b7c                SysTick_Handler
 .text.TIM2_IRQHandler
                0x0000000008003b80        0xc ./Core/Src/stm32f1xx_it.o
                0x0000000008003b80                TIM2_IRQHandler
 .text.SystemInit
                0x0000000008003b8c       0x10 ./Core/Src/system_stm32f1xx.o
                0x0000000008003b8c                SystemInit
 .text.Reset_Handler
                0x0000000008003b9c       0x48 ./Core/Startup/startup_stm32f103c8tx.o
                0x0000000008003b9c                Reset_Handler
 .text.Default_Handler
                0x0000000008003be4        0x2 ./Core/Startup/startup_stm32f103c8tx.o
                0x0000000008003be4                RTC_Alarm_IRQHandler
                0x0000000008003be4                EXTI2_IRQHandler
                0x0000000008003be4                TIM1_CC_IRQHandler
                0x0000000008003be4                PVD_IRQHandler
                0x0000000008003be4                EXTI3_IRQHandler
                0x0000000008003be4                EXTI0_IRQHandler
                0x0000000008003be4                I2C2_EV_IRQHandler
                0x0000000008003be4                ADC1_2_IRQHandler
                0x0000000008003be4                SPI1_IRQHandler
                0x0000000008003be4                TAMPER_IRQHandler
                0x0000000008003be4                DMA1_Channel4_IRQHandler
                0x0000000008003be4                USART3_IRQHandler
                0x0000000008003be4                RTC_IRQHandler
                0x0000000008003be4                DMA1_Channel7_IRQHandler
                0x0000000008003be4                CAN1_RX1_IRQHandler
                0x0000000008003be4                TIM4_IRQHandler
                0x0000000008003be4                I2C1_EV_IRQHandler
                0x0000000008003be4                DMA1_Channel6_IRQHandler
                0x0000000008003be4                TIM3_IRQHandler
                0x0000000008003be4                RCC_IRQHandler
                0x0000000008003be4                TIM1_TRG_COM_IRQHandler
                0x0000000008003be4                DMA1_Channel1_IRQHandler
                0x0000000008003be4                Default_Handler
                0x0000000008003be4                EXTI15_10_IRQHandler
                0x0000000008003be4                EXTI9_5_IRQHandler
                0x0000000008003be4                SPI2_IRQHandler
                0x0000000008003be4                DMA1_Channel5_IRQHandler
                0x0000000008003be4                EXTI4_IRQHandler
                0x0000000008003be4                USB_LP_CAN1_RX0_IRQHandler
                0x0000000008003be4                USB_HP_CAN1_TX_IRQHandler
                0x0000000008003be4                DMA1_Channel3_IRQHandler
                0x0000000008003be4                TIM1_UP_IRQHandler
                0x0000000008003be4                WWDG_IRQHandler
                0x0000000008003be4                TIM1_BRK_IRQHandler
                0x0000000008003be4                EXTI1_IRQHandler
                0x0000000008003be4                USART2_IRQHandler
                0x0000000008003be4                I2C2_ER_IRQHandler
                0x0000000008003be4                DMA1_Channel2_IRQHandler
                0x0000000008003be4                CAN1_SCE_IRQHandler
                0x0000000008003be4                FLASH_IRQHandler
                0x0000000008003be4                USART1_IRQHandler
                0x0000000008003be4                I2C1_ER_IRQHandler
                0x0000000008003be4                USBWakeUp_IRQHandler
 *fill*         0x0000000008003be6        0x2 
 .text.HAL_InitTick
                0x0000000008003be8       0x48 ./Drivers/STM32F1xx_HAL_Driver/Src/stm32f1xx_hal.o
                0x0000000008003be8                HAL_InitTick
 .text.HAL_Init
                0x0000000008003c30       0x24 ./Drivers/STM32F1xx_HAL_Driver/Src/stm32f1xx_hal.o
                0x0000000008003c30                HAL_Init
 .text.HAL_IncTick
                0x0000000008003c54       0x18 ./Drivers/STM32F1xx_HAL_Driver/Src/stm32f1xx_hal.o
                0x0000000008003c54                HAL_IncTick
 .text.HAL_GetTick
                0x0000000008003c6c        0xc ./Drivers/STM32F1xx_HAL_Driver/Src/stm32f1xx_hal.o
                0x0000000008003c6c                HAL_GetTick
 .text.HAL_Delay
                0x0000000008003c78       0x24 ./Drivers/STM32F1xx_HAL_Driver/Src/stm32f1xx_hal.o
                0x0000000008003c78                HAL_Delay
 .text.HAL_NVIC_SetPriorityGrouping
                0x0000000008003c9c       0x24 ./Drivers/STM32F1xx_HAL_Driver/Src/stm32f1xx_hal_cortex.o
                0x0000000008003c9c                HAL_NVIC_SetPriorityGrouping
 .text.HAL_NVIC_SetPriority
                0x0000000008003cc0       0x7c ./Drivers/STM32F1xx_HAL_Driver/Src/stm32f1xx_hal_cortex.o
                0x0000000008003cc0                HAL_NVIC_SetPriority
 .text.HAL_NVIC_EnableIRQ
                0x0000000008003d3c       0x1c ./Drivers/STM32F1xx_HAL_Driver/Src/stm32f1xx_hal_cortex.o
                0x0000000008003d3c                HAL_NVIC_EnableIRQ
 .text.HAL_NVIC_SystemReset
                0x0000000008003d58       0x24 ./Drivers/STM32F1xx_HAL_Driver/Src/stm32f1xx_hal_cortex.o
                0x0000000008003d58                HAL_NVIC_SystemReset
 .text.HAL_SYSTICK_Config
                0x0000000008003d7c       0x30 ./Drivers/STM32F1xx_HAL_Driver/Src/stm32f1xx_hal_cortex.o
                0x0000000008003d7c                HAL_SYSTICK_Config
 .text.HAL_FLASH_Unlock
                0x0000000008003dac       0x4c ./Drivers/STM32F1xx_HAL_Driver/Src/stm32f1xx_hal_flash.o
                0x0000000008003dac                HAL_FLASH_Unlock
 .text.HAL_FLASH_Program
                0x0000000008003df8      0x1e0 ./Drivers/STM32F1xx_HAL_Driver/Src/stm32f1xx_hal_flash.o
                0x0000000008003df8                HAL_FLASH_Program
 .text.HAL_FLASH_Lock
                0x0000000008003fd8       0x14 ./Drivers/STM32F1xx_HAL_Driver/Src/stm32f1xx_hal_flash.o
                0x0000000008003fd8                HAL_FLASH_Lock
 .text.FLASH_WaitForLastOperation
                0x0000000008003fec       0xac ./Drivers/STM32F1xx_HAL_Driver/Src/stm32f1xx_hal_flash.o
                0x0000000008003fec                FLASH_WaitForLastOperation
 .text.HAL_FLASHEx_Erase
                0x0000000008004098       0xc4 ./Drivers/STM32F1xx_HAL_Driver/Src/stm32f1xx_hal_flash_ex.o
                0x0000000008004098                HAL_FLASHEx_Erase
 .text.HAL_GPIO_Init
                0x000000000800415c      0x21c ./Drivers/STM32F1xx_HAL_Driver/Src/stm32f1xx_hal_gpio.o
                0x000000000800415c                HAL_GPIO_Init
 .text.HAL_GPIO_ReadPin
                0x0000000008004378        0xc ./Drivers/STM32F1xx_HAL_Driver/Src/stm32f1xx_hal_gpio.o
                0x0000000008004378                HAL_GPIO_ReadPin
 .text.HAL_GPIO_WritePin
                0x0000000008004384        0x8 ./Drivers/STM32F1xx_HAL_Driver/Src/stm32f1xx_hal_gpio.o
                0x0000000008004384                HAL_GPIO_WritePin
 .text.HAL_RCC_OscConfig
                0x000000000800438c      0x3e0 ./Drivers/STM32F1xx_HAL_Driver/Src/stm32f1xx_hal_rcc.o
                0x000000000800438c                HAL_RCC_OscConfig
 .text.HAL_RCC_ClockConfig
                0x000000000800476c      0x184 ./Drivers/STM32F1xx_HAL_Driver/Src/stm32f1xx_hal_rcc.o
                0x000000000800476c                HAL_RCC_ClockConfig
 .text.HAL_RCC_GetPCLK1Freq
                0x00000000080048f0       0x20 ./Drivers/STM32F1xx_HAL_Driver/Src/stm32f1xx_hal_rcc.o
                0x00000000080048f0                HAL_RCC_GetPCLK1Freq
 .text.HAL_RCC_GetPCLK2Freq
                0x0000000008004910       0x20 ./Drivers/STM32F1xx_HAL_Driver/Src/stm32f1xx_hal_rcc.o
                0x0000000008004910                HAL_RCC_GetPCLK2Freq
 .text.HAL_TIM_Base_Init
                0x0000000008004930       0xdc ./Drivers/STM32F1xx_HAL_Driver/Src/stm32f1xx_hal_tim.o
                0x0000000008004930                HAL_TIM_Base_Init
 .text.HAL_TIM_Base_Start_IT
                0x0000000008004a0c       0x58 ./Drivers/STM32F1xx_HAL_Driver/Src/stm32f1xx_hal_tim.o
                0x0000000008004a0c                HAL_TIM_Base_Start_IT
 .text.HAL_TIM_Base_Stop_IT
                0x0000000008004a64       0x34 ./Drivers/STM32F1xx_HAL_Driver/Src/stm32f1xx_hal_tim.o
                0x0000000008004a64                HAL_TIM_Base_Stop_IT
 .text.HAL_TIM_PWM_MspInit
                0x0000000008004a98        0x4 ./Drivers/STM32F1xx_HAL_Driver/Src/stm32f1xx_hal_tim.o
                0x0000000008004a98                HAL_TIM_PWM_MspInit
 .text.HAL_TIM_PWM_Init
                0x0000000008004a9c       0xdc ./Drivers/STM32F1xx_HAL_Driver/Src/stm32f1xx_hal_tim.o
                0x0000000008004a9c                HAL_TIM_PWM_Init
 .text.HAL_TIM_PWM_ConfigChannel
                0x0000000008004b78      0x200 ./Drivers/STM32F1xx_HAL_Driver/Src/stm32f1xx_hal_tim.o
                0x0000000008004b78                HAL_TIM_PWM_ConfigChannel
 .text.HAL_TIM_ConfigClockSource
                0x0000000008004d78      0x160 ./Drivers/STM32F1xx_HAL_Driver/Src/stm32f1xx_hal_tim.o
                0x0000000008004d78                HAL_TIM_ConfigClockSource
 .text.HAL_TIM_OC_DelayElapsedCallback
                0x0000000008004ed8        0x4 ./Drivers/STM32F1xx_HAL_Driver/Src/stm32f1xx_hal_tim.o
                0x0000000008004ed8                HAL_TIM_OC_DelayElapsedCallback
 .text.HAL_TIM_IC_CaptureCallback
                0x0000000008004edc        0x4 ./Drivers/STM32F1xx_HAL_Driver/Src/stm32f1xx_hal_tim.o
                0x0000000008004edc                HAL_TIM_IC_CaptureCallback
 .text.HAL_TIM_PWM_PulseFinishedCallback
                0x0000000008004ee0        0x4 ./Drivers/STM32F1xx_HAL_Driver/Src/stm32f1xx_hal_tim.o
                0x0000000008004ee0                HAL_TIM_PWM_PulseFinishedCallback
 .text.HAL_TIM_TriggerCallback
                0x0000000008004ee4        0x4 ./Drivers/STM32F1xx_HAL_Driver/Src/stm32f1xx_hal_tim.o
                0x0000000008004ee4                HAL_TIM_TriggerCallback
 .text.HAL_TIM_IRQHandler
                0x0000000008004ee8      0x154 ./Drivers/STM32F1xx_HAL_Driver/Src/stm32f1xx_hal_tim.o
                0x0000000008004ee8                HAL_TIM_IRQHandler
 .text.HAL_TIMEx_MasterConfigSynchronization
                0x000000000800503c       0x64 ./Drivers/STM32F1xx_HAL_Driver/Src/stm32f1xx_hal_tim_ex.o
                0x000000000800503c                HAL_TIMEx_MasterConfigSynchronization
 .text.HAL_TIMEx_CommutCallback
                0x00000000080050a0        0x4 ./Drivers/STM32F1xx_HAL_Driver/Src/stm32f1xx_hal_tim_ex.o
                0x00000000080050a0                HAL_TIMEx_CommutCallback
 .text.HAL_TIMEx_BreakCallback
                0x00000000080050a4        0x4 ./Drivers/STM32F1xx_HAL_Driver/Src/stm32f1xx_hal_tim_ex.o
                0x00000000080050a4                HAL_TIMEx_BreakCallback
 .text.HAL_UART_Init
                0x00000000080050a8       0xdc ./Drivers/STM32F1xx_HAL_Driver/Src/stm32f1xx_hal_uart.o
                0x00000000080050a8                HAL_UART_Init
 .text.HAL_UART_Transmit
                0x0000000008005184      0x144 ./Drivers/STM32F1xx_HAL_Driver/Src/stm32f1xx_hal_uart.o
                0x0000000008005184                HAL_UART_Transmit
 .text.HAL_UART_Receive
                0x00000000080052c8      0x110 ./Drivers/STM32F1xx_HAL_Driver/Src/stm32f1xx_hal_uart.o
                0x00000000080052c8                HAL_UART_Receive
 .text.memset   0x00000000080053d8       0x10 C:/ST/STM32CubeIDE_1.13.1/STM32CubeIDE/plugins/com.st.stm32cube.ide.mcu.externaltools.gnu-tools-for-stm32.11.3.rel1.win32_1.1.0.202305231506/tools/bin/../lib/gcc/arm-none-eabi/11.3.1/../../../../arm-none-eabi/lib/thumb/v7-m/nofp\libc_nano.a(libc_a-memset.o)
                0x00000000080053d8                memset
 .text.__libc_init_array
                0x00000000080053e8       0x48 C:/ST/STM32CubeIDE_1.13.1/STM32CubeIDE/plugins/com.st.stm32cube.ide.mcu.externaltools.gnu-tools-for-stm32.11.3.rel1.win32_1.1.0.202305231506/tools/bin/../lib/gcc/arm-none-eabi/11.3.1/../../../../arm-none-eabi/lib/thumb/v7-m/nofp\libc_nano.a(libc_a-init.o)
                0x00000000080053e8                __libc_init_array
 .text.memcpy   0x0000000008005430       0x1c C:/ST/STM32CubeIDE_1.13.1/STM32CubeIDE/plugins/com.st.stm32cube.ide.mcu.externaltools.gnu-tools-for-stm32.11.3.rel1.win32_1.1.0.202305231506/tools/bin/../lib/gcc/arm-none-eabi/11.3.1/../../../../arm-none-eabi/lib/thumb/v7-m/nofp\libc_nano.a(libc_a-memcpy-stub.o)
                0x0000000008005430                memcpy
 *(.glue_7)
 .glue_7        0x000000000800544c        0x0 linker stubs
 *(.glue_7t)
 .glue_7t       0x000000000800544c        0x0 linker stubs
 *(.eh_frame)
 .eh_frame      0x000000000800544c        0x0 C:/ST/STM32CubeIDE_1.13.1/STM32CubeIDE/plugins/com.st.stm32cube.ide.mcu.externaltools.gnu-tools-for-stm32.11.3.rel1.win32_1.1.0.202305231506/tools/bin/../lib/gcc/arm-none-eabi/11.3.1/thumb/v7-m/nofp/crtbegin.o
 *(.init)
 .init          0x000000000800544c        0x4 C:/ST/STM32CubeIDE_1.13.1/STM32CubeIDE/plugins/com.st.stm32cube.ide.mcu.externaltools.gnu-tools-for-stm32.11.3.rel1.win32_1.1.0.202305231506/tools/bin/../lib/gcc/arm-none-eabi/11.3.1/thumb/v7-m/nofp/crti.o
                0x000000000800544c                _init
 .init          0x0000000008005450        0x8 C:/ST/STM32CubeIDE_1.13.1/STM32CubeIDE/plugins/com.st.stm32cube.ide.mcu.externaltools.gnu-tools-for-stm32.11.3.rel1.win32_1.1.0.202305231506/tools/bin/../lib/gcc/arm-none-eabi/11.3.1/thumb/v7-m/nofp/crtn.o
 *(.fini)
 .fini          0x0000000008005458        0x4 C:/ST/STM32CubeIDE_1.13.1/STM32CubeIDE/plugins/com.st.stm32cube.ide.mcu.externaltools.gnu-tools-for-stm32.11.3.rel1.win32_1.1.0.202305231506/tools/bin/../lib/gcc/arm-none-eabi/11.3.1/thumb/v7-m/nofp/crti.o
                0x0000000008005458                _fini
 .fini          0x000000000800545c        0x8 C:/ST/STM32CubeIDE_1.13.1/STM32CubeIDE/plugins/com.st.stm32cube.ide.mcu.externaltools.gnu-tools-for-stm32.11.3.rel1.win32_1.1.0.202305231506/tools/bin/../lib/gcc/arm-none-eabi/11.3.1/thumb/v7-m/nofp/crtn.o
                0x0000000008005464                . = ALIGN (0x4)
                0x0000000008005464                _etext = .

.vfp11_veneer   0x0000000008005464        0x0
 .vfp11_veneer  0x0000000008005464        0x0 linker stubs

.v4_bx          0x0000000008005464        0x0
 .v4_bx         0x0000000008005464        0x0 linker stubs

.iplt           0x0000000008005464        0x0
 .iplt          0x0000000008005464        0x0 C:/ST/STM32CubeIDE_1.13.1/STM32CubeIDE/plugins/com.st.stm32cube.ide.mcu.externaltools.gnu-tools-for-stm32.11.3.rel1.win32_1.1.0.202305231506/tools/bin/../lib/gcc/arm-none-eabi/11.3.1/thumb/v7-m/nofp/crtbegin.o

.rodata         0x0000000008005464      0x440
                0x0000000008005464                . = ALIGN (0x4)
 *(.rodata)
 *(.rodata*)
 .rodata.init_firmware_update_module.str1.4
                0x0000000008005464       0x13 ./Core/Src/bl_side_etx_ota.o
 *fill*         0x0000000008005477        0x1 
 .rodata.crc_table
                0x0000000008005478      0x400 ./Core/Src/crc32_mpeg2.o
 .rodata.AHBPrescTable
                0x0000000008005878       0x10 ./Core/Src/system_stm32f1xx.o
                0x0000000008005878                AHBPrescTable
 .rodata.APBPrescTable
                0x0000000008005888        0x8 ./Core/Src/system_stm32f1xx.o
                0x0000000008005888                APBPrescTable
 .rodata.aPLLMULFactorTable.1
                0x0000000008005890       0x10 ./Drivers/STM32F1xx_HAL_Driver/Src/stm32f1xx_hal_rcc.o
 .rodata.aPredivFactorTable.0
                0x00000000080058a0        0x2 ./Drivers/STM32F1xx_HAL_Driver/Src/stm32f1xx_hal_rcc.o
                0x00000000080058a4                . = ALIGN (0x4)
 *fill*         0x00000000080058a2        0x2 

.rel.dyn        0x00000000080058a4        0x0
 .rel.iplt      0x00000000080058a4        0x0 C:/ST/STM32CubeIDE_1.13.1/STM32CubeIDE/plugins/com.st.stm32cube.ide.mcu.externaltools.gnu-tools-for-stm32.11.3.rel1.win32_1.1.0.202305231506/tools/bin/../lib/gcc/arm-none-eabi/11.3.1/thumb/v7-m/nofp/crtbegin.o

.ARM.extab      0x00000000080058a4        0x0
                0x00000000080058a4                . = ALIGN (0x4)
 *(.ARM.extab* .gnu.linkonce.armextab.*)
                0x00000000080058a4                . = ALIGN (0x4)

.ARM            0x00000000080058a4        0x0
                0x00000000080058a4                . = ALIGN (0x4)
                0x00000000080058a4                __exidx_start = .
 *(.ARM.exidx*)
                0x00000000080058a4                __exidx_end = .
                0x00000000080058a4                . = ALIGN (0x4)

.preinit_array  0x00000000080058a4        0x0
                0x00000000080058a4                . = ALIGN (0x4)
                0x00000000080058a4                PROVIDE (__preinit_array_start = .)
 *(.preinit_array*)
                0x00000000080058a4                PROVIDE (__preinit_array_end = .)
                0x00000000080058a4                . = ALIGN (0x4)

.init_array     0x00000000080058a4        0x4
                0x00000000080058a4                . = ALIGN (0x4)
                0x00000000080058a4                PROVIDE (__init_array_start = .)
 *(SORT_BY_NAME(.init_array.*))
 *(.init_array*)
 .init_array    0x00000000080058a4        0x4 C:/ST/STM32CubeIDE_1.13.1/STM32CubeIDE/plugins/com.st.stm32cube.ide.mcu.externaltools.gnu-tools-for-stm32.11.3.rel1.win32_1.1.0.202305231506/tools/bin/../lib/gcc/arm-none-eabi/11.3.1/thumb/v7-m/nofp/crtbegin.o
                0x00000000080058a8                PROVIDE (__init_array_end = .)
                0x00000000080058a8                . = ALIGN (0x4)

.fini_array     0x00000000080058a8        0x4
                0x00000000080058a8                . = ALIGN (0x4)
                [!provide]                        PROVIDE (__fini_array_start = .)
 *(SORT_BY_NAME(.fini_array.*))
 *(.fini_array*)
 .fini_array    0x00000000080058a8        0x4 C:/ST/STM32CubeIDE_1.13.1/STM32CubeIDE/plugins/com.st.stm32cube.ide.mcu.externaltools.gnu-tools-for-stm32.11.3.rel1.win32_1.1.0.202305231506/tools/bin/../lib/gcc/arm-none-eabi/11.3.1/thumb/v7-m/nofp/crtbegin.o
                [!provide]                        PROVIDE (__fini_array_end = .)
                0x00000000080058ac                . = ALIGN (0x4)
                0x00000000080058ac                _sidata = LOADADDR (.data)

.data           0x0000000020000000       0x14 load address 0x00000000080058ac
                0x0000000020000000                . = ALIGN (0x4)
                0x0000000020000000                _sdata = .
 *(.data)
 *(.data*)
 .data.HM10_Set_Name_resp_without_name_value
                0x0000000020000000        0x7 ./Core/Src/hm10_ble_driver.o
 *fill*         0x0000000020000007        0x1 
 .data.SystemCoreClock
                0x0000000020000008        0x4 ./Core/Src/system_stm32f1xx.o
                0x0000000020000008                SystemCoreClock
 .data.uwTickFreq
                0x000000002000000c        0x1 ./Drivers/STM32F1xx_HAL_Driver/Src/stm32f1xx_hal.o
                0x000000002000000c                uwTickFreq
 *fill*         0x000000002000000d        0x3 
 .data.uwTickPrio
                0x0000000020000010        0x4 ./Drivers/STM32F1xx_HAL_Driver/Src/stm32f1xx_hal.o
                0x0000000020000010                uwTickPrio
 *(.RamFunc)
 *(.RamFunc*)
                0x0000000020000014                . = ALIGN (0x4)
                0x0000000020000014                _edata = .

.igot.plt       0x0000000020000014        0x0 load address 0x00000000080058c0
 .igot.plt      0x0000000020000014        0x0 C:/ST/STM32CubeIDE_1.13.1/STM32CubeIDE/plugins/com.st.stm32cube.ide.mcu.externaltools.gnu-tools-for-stm32.11.3.rel1.win32_1.1.0.202305231506/tools/bin/../lib/gcc/arm-none-eabi/11.3.1/thumb/v7-m/nofp/crtbegin.o
                0x0000000020000014                . = ALIGN (0x4)

.bss            0x0000000020000018      0x600 load address 0x00000000080058c0
                0x0000000020000018                _sbss = .
                0x0000000020000018                __bss_start__ = _sbss
 *(.bss)
 .bss           0x0000000020000018       0x1c C:/ST/STM32CubeIDE_1.13.1/STM32CubeIDE/plugins/com.st.stm32cube.ide.mcu.externaltools.gnu-tools-for-stm32.11.3.rel1.win32_1.1.0.202305231506/tools/bin/../lib/gcc/arm-none-eabi/11.3.1/thumb/v7-m/nofp/crtbegin.o
 *(.bss*)
 .bss.current_display_off_time_step
                0x0000000020000034        0x4 ./Core/Src/5641as_display_driver.o
 .bss.current_display_on_time_step
                0x0000000020000038        0x4 ./Core/Src/5641as_display_driver.o
 .bss.currently_enabled_5641as_7segment_display
                0x000000002000003c        0x1 ./Core/Src/5641as_display_driver.o
 *fill*         0x000000002000003d        0x3 
 .bss.display_5641as_output
                0x0000000020000040        0x8 ./Core/Src/5641as_display_driver.o
 .bss.display_off_time_steps
                0x0000000020000048        0x4 ./Core/Src/5641as_display_driver.o
 .bss.display_on_time_steps
                0x000000002000004c        0x4 ./Core/Src/5641as_display_driver.o
 .bss.p_display_peripherals
                0x0000000020000050        0x4 ./Core/Src/5641as_display_driver.o
 .bss.p_htim    0x0000000020000054        0x4 ./Core/Src/5641as_display_driver.o
 .bss.ETX_OTA_hardware_protocol
                0x0000000020000058        0x1 ./Core/Src/bl_side_etx_ota.o
 *fill*         0x0000000020000059        0x3 
 .bss.Rx_Buffer
                0x000000002000005c      0x409 ./Core/Src/bl_side_etx_ota.o
 *fill*         0x0000000020000465        0x3 
 .bss.display_output
                0x0000000020000468        0x8 ./Core/Src/bl_side_etx_ota.o
 .bss.etx_ota_fw_received_size
                0x0000000020000470        0x4 ./Core/Src/bl_side_etx_ota.o
 .bss.etx_ota_state
                0x0000000020000474        0x1 ./Core/Src/bl_side_etx_ota.o
 *fill*         0x0000000020000475        0x3 
 .bss.p_GPIO_is_hm10_default_settings
                0x0000000020000478        0x4 ./Core/Src/bl_side_etx_ota.o
 .bss.p_fw_config
                0x000000002000047c        0x4 ./Core/Src/bl_side_etx_ota.o
 .bss.p_huart   0x0000000020000480        0x4 ./Core/Src/bl_side_etx_ota.o
 .bss.p_most_recent_val
                0x0000000020000484        0x4 ./Core/Src/firmware_update_config.o
 .bss.TxRx_Buffer
                0x0000000020000488       0x13 ./Core/Src/hm10_ble_driver.o
 *fill*         0x000000002000049b        0x1 
 .bss.p_huart   0x000000002000049c        0x4 ./Core/Src/hm10_ble_driver.o
 .bss.GPIO_is_hm10_default_settings
                0x00000000200004a0        0x6 ./Core/Src/main.o
                0x00000000200004a0                GPIO_is_hm10_default_settings
 *fill*         0x00000000200004a6        0x2 
 .bss.ascii_error_code
                0x00000000200004a8        0x8 ./Core/Src/main.o
                0x00000000200004a8                ascii_error_code
 .bss.display_output
                0x00000000200004b0        0x8 ./Core/Src/main.o
                0x00000000200004b0                display_output
 .bss.display_peripherals
                0x00000000200004b8       0x48 ./Core/Src/main.o
                0x00000000200004b8                display_peripherals
 .bss.fw_config
                0x0000000020000500       0x18 ./Core/Src/main.o
                0x0000000020000500                fw_config
 .bss.htim2     0x0000000020000518       0x48 ./Core/Src/main.o
                0x0000000020000518                htim2
 .bss.htim3     0x0000000020000560       0x48 ./Core/Src/main.o
                0x0000000020000560                htim3
 .bss.huart3    0x00000000200005a8       0x48 ./Core/Src/main.o
                0x00000000200005a8                huart3
 .bss.uwTick    0x00000000200005f0        0x4 ./Drivers/STM32F1xx_HAL_Driver/Src/stm32f1xx_hal.o
                0x00000000200005f0                uwTick
 *fill*         0x00000000200005f4        0x4 
 .bss.pFlash    0x00000000200005f8       0x20 ./Drivers/STM32F1xx_HAL_Driver/Src/stm32f1xx_hal_flash.o
                0x00000000200005f8                pFlash
 *(COMMON)
                0x0000000020000618                . = ALIGN (0x4)
                0x0000000020000618                _ebss = .
                0x0000000020000618                __bss_end__ = _ebss

._user_heap_stack
                0x0000000020000618      0x600 load address 0x00000000080058c0
                0x0000000020000618                . = ALIGN (0x8)
                [!provide]                        PROVIDE (end = .)
                0x0000000020000618                PROVIDE (_end = .)
                0x0000000020000818                . = (. + _Min_Heap_Size)
 *fill*         0x0000000020000618      0x200 
                0x0000000020000c18                . = (. + _Min_Stack_Size)
 *fill*         0x0000000020000818      0x400 
                0x0000000020000c18                . = ALIGN (0x8)

/DISCARD/
 libc.a(*)
 libm.a(*)
 libgcc.a(*)

.ARM.attributes
                0x0000000000000000       0x29
 *(.ARM.attributes)
 .ARM.attributes
                0x0000000000000000       0x1d C:/ST/STM32CubeIDE_1.13.1/STM32CubeIDE/plugins/com.st.stm32cube.ide.mcu.externaltools.gnu-tools-for-stm32.11.3.rel1.win32_1.1.0.202305231506/tools/bin/../lib/gcc/arm-none-eabi/11.3.1/thumb/v7-m/nofp/crti.o
 .ARM.attributes
                0x000000000000001d       0x2d C:/ST/STM32CubeIDE_1.13.1/STM32CubeIDE/plugins/com.st.stm32cube.ide.mcu.externaltools.gnu-tools-for-stm32.11.3.rel1.win32_1.1.0.202305231506/tools/bin/../lib/gcc/arm-none-eabi/11.3.1/thumb/v7-m/nofp/crtbegin.o
 .ARM.attributes
                0x000000000000004a       0x2d ./Core/Src/5641as_display_driver.o
 .ARM.attributes
                0x0000000000000077       0x2d ./Core/Src/bl_side_etx_ota.o
 .ARM.attributes
                0x00000000000000a4       0x2d ./Core/Src/crc32_mpeg2.o
 .ARM.attributes
                0x00000000000000d1       0x2d ./Core/Src/firmware_update_config.o
 .ARM.attributes
                0x00000000000000fe       0x2d ./Core/Src/hm10_ble_driver.o
 .ARM.attributes
                0x000000000000012b       0x2d ./Core/Src/main.o
 .ARM.attributes
                0x0000000000000158       0x2d ./Core/Src/stm32f1xx_hal_msp.o
 .ARM.attributes
                0x0000000000000185       0x2d ./Core/Src/stm32f1xx_it.o
 .ARM.attributes
                0x00000000000001b2       0x2d ./Core/Src/system_stm32f1xx.o
 .ARM.attributes
                0x00000000000001df       0x21 ./Core/Startup/startup_stm32f103c8tx.o
 .ARM.attributes
                0x0000000000000200       0x2d ./Drivers/STM32F1xx_HAL_Driver/Src/stm32f1xx_hal.o
 .ARM.attributes
                0x000000000000022d       0x2d ./Drivers/STM32F1xx_HAL_Driver/Src/stm32f1xx_hal_cortex.o
 .ARM.attributes
                0x000000000000025a       0x2d ./Drivers/STM32F1xx_HAL_Driver/Src/stm32f1xx_hal_flash.o
 .ARM.attributes
                0x0000000000000287       0x2d ./Drivers/STM32F1xx_HAL_Driver/Src/stm32f1xx_hal_flash_ex.o
 .ARM.attributes
                0x00000000000002b4       0x2d ./Drivers/STM32F1xx_HAL_Driver/Src/stm32f1xx_hal_gpio.o
 .ARM.attributes
                0x00000000000002e1       0x2d ./Drivers/STM32F1xx_HAL_Driver/Src/stm32f1xx_hal_rcc.o
 .ARM.attributes
                0x000000000000030e       0x2d ./Drivers/STM32F1xx_HAL_Driver/Src/stm32f1xx_hal_tim.o
 .ARM.attributes
                0x000000000000033b       0x2d ./Drivers/STM32F1xx_HAL_Driver/Src/stm32f1xx_hal_tim_ex.o
 .ARM.attributes
                0x0000000000000368       0x2d ./Drivers/STM32F1xx_HAL_Driver/Src/stm32f1xx_hal_uart.o
 .ARM.attributes
                0x0000000000000395       0x2d C:/ST/STM32CubeIDE_1.13.1/STM32CubeIDE/plugins/com.st.stm32cube.ide.mcu.externaltools.gnu-tools-for-stm32.11.3.rel1.win32_1.1.0.202305231506/tools/bin/../lib/gcc/arm-none-eabi/11.3.1/../../../../arm-none-eabi/lib/thumb/v7-m/nofp\libc_nano.a(libc_a-memset.o)
 .ARM.attributes
                0x00000000000003c2       0x2d C:/ST/STM32CubeIDE_1.13.1/STM32CubeIDE/plugins/com.st.stm32cube.ide.mcu.externaltools.gnu-tools-for-stm32.11.3.rel1.win32_1.1.0.202305231506/tools/bin/../lib/gcc/arm-none-eabi/11.3.1/../../../../arm-none-eabi/lib/thumb/v7-m/nofp\libc_nano.a(libc_a-init.o)
 .ARM.attributes
                0x00000000000003ef       0x2d C:/ST/STM32CubeIDE_1.13.1/STM32CubeIDE/plugins/com.st.stm32cube.ide.mcu.externaltools.gnu-tools-for-stm32.11.3.rel1.win32_1.1.0.202305231506/tools/bin/../lib/gcc/arm-none-eabi/11.3.1/../../../../arm-none-eabi/lib/thumb/v7-m/nofp\libc_nano.a(libc_a-memcpy-stub.o)
 .ARM.attributes
                0x000000000000041c       0x1d C:/ST/STM32CubeIDE_1.13.1/STM32CubeIDE/plugins/com.st.stm32cube.ide.mcu.externaltools.gnu-tools-for-stm32.11.3.rel1.win32_1.1.0.202305231506/tools/bin/../lib/gcc/arm-none-eabi/11.3.1/thumb/v7-m/nofp/crtn.o
OUTPUT(Custom_Bootloader_Firmware.elf elf32-littlearm)
LOAD linker stubs
LOAD C:/ST/STM32CubeIDE_1.13.1/STM32CubeIDE/plugins/com.st.stm32cube.ide.mcu.externaltools.gnu-tools-for-stm32.11.3.rel1.win32_1.1.0.202305231506/tools/bin/../lib/gcc/arm-none-eabi/11.3.1/../../../../arm-none-eabi/lib/thumb/v7-m/nofp\libc.a
LOAD C:/ST/STM32CubeIDE_1.13.1/STM32CubeIDE/plugins/com.st.stm32cube.ide.mcu.externaltools.gnu-tools-for-stm32.11.3.rel1.win32_1.1.0.202305231506/tools/bin/../lib/gcc/arm-none-eabi/11.3.1/../../../../arm-none-eabi/lib/thumb/v7-m/nofp\libm.a
LOAD C:/ST/STM32CubeIDE_1.13.1/STM32CubeIDE/plugins/com.st.stm32cube.ide.mcu.externaltools.gnu-tools-for-stm32.11.3.rel1.win32_1.1.0.202305231506/tools/bin/../lib/gcc/arm-none-eabi/11.3.1/thumb/v7-m/nofp\libgcc.a

.comment        0x0000000000000000       0x43
 .comment       0x0000000000000000       0x43 C:/ST/STM32CubeIDE_1.13.1/STM32CubeIDE/plugins/com.st.stm32cube.ide.mcu.externaltools.gnu-tools-for-stm32.11.3.rel1.win32_1.1.0.202305231506/tools/bin/../lib/gcc/arm-none-eabi/11.3.1/thumb/v7-m/nofp/crtbegin.o
                                         0x44 (size before relaxing)
 .comment       0x0000000000000043       0x44 ./Core/Src/5641as_display_driver.o
 .comment       0x0000000000000043       0x44 ./Core/Src/bl_side_etx_ota.o
 .comment       0x0000000000000043       0x44 ./Core/Src/crc32_mpeg2.o
 .comment       0x0000000000000043       0x44 ./Core/Src/firmware_update_config.o
 .comment       0x0000000000000043       0x44 ./Core/Src/hm10_ble_driver.o
 .comment       0x0000000000000043       0x44 ./Core/Src/main.o
 .comment       0x0000000000000043       0x44 ./Core/Src/stm32f1xx_hal_msp.o
 .comment       0x0000000000000043       0x44 ./Core/Src/stm32f1xx_it.o
 .comment       0x0000000000000043       0x44 ./Core/Src/system_stm32f1xx.o
 .comment       0x0000000000000043       0x44 ./Drivers/STM32F1xx_HAL_Driver/Src/stm32f1xx_hal.o
 .comment       0x0000000000000043       0x44 ./Drivers/STM32F1xx_HAL_Driver/Src/stm32f1xx_hal_cortex.o
 .comment       0x0000000000000043       0x44 ./Drivers/STM32F1xx_HAL_Driver/Src/stm32f1xx_hal_flash.o
 .comment       0x0000000000000043       0x44 ./Drivers/STM32F1xx_HAL_Driver/Src/stm32f1xx_hal_flash_ex.o
 .comment       0x0000000000000043       0x44 ./Drivers/STM32F1xx_HAL_Driver/Src/stm32f1xx_hal_gpio.o
 .comment       0x0000000000000043       0x44 ./Drivers/STM32F1xx_HAL_Driver/Src/stm32f1xx_hal_rcc.o
 .comment       0x0000000000000043       0x44 ./Drivers/STM32F1xx_HAL_Driver/Src/stm32f1xx_hal_tim.o
 .comment       0x0000000000000043       0x44 ./Drivers/STM32F1xx_HAL_Driver/Src/stm32f1xx_hal_tim_ex.o
 .comment       0x0000000000000043       0x44 ./Drivers/STM32F1xx_HAL_Driver/Src/stm32f1xx_hal_uart.o

.debug_info     0x0000000000000000    0x17ad3
 .debug_info    0x0000000000000000      0xf8f ./Core/Src/5641as_display_driver.o
 .debug_info    0x0000000000000f8f     0x1965 ./Core/Src/bl_side_etx_ota.o
 .debug_info    0x00000000000028f4      0x156 ./Core/Src/crc32_mpeg2.o
 .debug_info    0x0000000000002a4a      0x839 ./Core/Src/firmware_update_config.o
 .debug_info    0x0000000000003283     0x2242 ./Core/Src/hm10_ble_driver.o
 .debug_info    0x00000000000054c5     0x22a5 ./Core/Src/main.o
 .debug_info    0x000000000000776a      0xdb9 ./Core/Src/stm32f1xx_hal_msp.o
 .debug_info    0x0000000000008523      0x6b1 ./Core/Src/stm32f1xx_it.o
 .debug_info    0x0000000000008bd4      0x403 ./Core/Src/system_stm32f1xx.o
 .debug_info    0x0000000000008fd7       0x23 ./Core/Startup/startup_stm32f103c8tx.o
 .debug_info    0x0000000000008ffa      0x7dc ./Drivers/STM32F1xx_HAL_Driver/Src/stm32f1xx_hal.o
 .debug_info    0x00000000000097d6      0xca5 ./Drivers/STM32F1xx_HAL_Driver/Src/stm32f1xx_hal_cortex.o
 .debug_info    0x000000000000a47b      0x758 ./Drivers/STM32F1xx_HAL_Driver/Src/stm32f1xx_hal_flash.o
 .debug_info    0x000000000000abd3      0xc66 ./Drivers/STM32F1xx_HAL_Driver/Src/stm32f1xx_hal_flash_ex.o
 .debug_info    0x000000000000b839      0x604 ./Drivers/STM32F1xx_HAL_Driver/Src/stm32f1xx_hal_gpio.o
 .debug_info    0x000000000000be3d      0xa69 ./Drivers/STM32F1xx_HAL_Driver/Src/stm32f1xx_hal_rcc.o
 .debug_info    0x000000000000c8a6     0x4ddc ./Drivers/STM32F1xx_HAL_Driver/Src/stm32f1xx_hal_tim.o
 .debug_info    0x0000000000011682     0x1b7e ./Drivers/STM32F1xx_HAL_Driver/Src/stm32f1xx_hal_tim_ex.o
 .debug_info    0x0000000000013200     0x48d3 ./Drivers/STM32F1xx_HAL_Driver/Src/stm32f1xx_hal_uart.o

.debug_abbrev   0x0000000000000000     0x34ac
 .debug_abbrev  0x0000000000000000      0x349 ./Core/Src/5641as_display_driver.o
 .debug_abbrev  0x0000000000000349      0x386 ./Core/Src/bl_side_etx_ota.o
 .debug_abbrev  0x00000000000006cf       0xd1 ./Core/Src/crc32_mpeg2.o
 .debug_abbrev  0x00000000000007a0      0x2d9 ./Core/Src/firmware_update_config.o
 .debug_abbrev  0x0000000000000a79      0x3a8 ./Core/Src/hm10_ble_driver.o
 .debug_abbrev  0x0000000000000e21      0x47b ./Core/Src/main.o
 .debug_abbrev  0x000000000000129c      0x212 ./Core/Src/stm32f1xx_hal_msp.o
 .debug_abbrev  0x00000000000014ae      0x1d4 ./Core/Src/stm32f1xx_it.o
 .debug_abbrev  0x0000000000001682      0x143 ./Core/Src/system_stm32f1xx.o
 .debug_abbrev  0x00000000000017c5       0x12 ./Core/Startup/startup_stm32f103c8tx.o
 .debug_abbrev  0x00000000000017d7      0x272 ./Drivers/STM32F1xx_HAL_Driver/Src/stm32f1xx_hal.o
 .debug_abbrev  0x0000000000001a49      0x364 ./Drivers/STM32F1xx_HAL_Driver/Src/stm32f1xx_hal_cortex.o
 .debug_abbrev  0x0000000000001dad      0x352 ./Drivers/STM32F1xx_HAL_Driver/Src/stm32f1xx_hal_flash.o
 .debug_abbrev  0x00000000000020ff      0x340 ./Drivers/STM32F1xx_HAL_Driver/Src/stm32f1xx_hal_flash_ex.o
 .debug_abbrev  0x000000000000243f      0x1f7 ./Drivers/STM32F1xx_HAL_Driver/Src/stm32f1xx_hal_gpio.o
 .debug_abbrev  0x0000000000002636      0x344 ./Drivers/STM32F1xx_HAL_Driver/Src/stm32f1xx_hal_rcc.o
 .debug_abbrev  0x000000000000297a      0x391 ./Drivers/STM32F1xx_HAL_Driver/Src/stm32f1xx_hal_tim.o
 .debug_abbrev  0x0000000000002d0b      0x37c ./Drivers/STM32F1xx_HAL_Driver/Src/stm32f1xx_hal_tim_ex.o
 .debug_abbrev  0x0000000000003087      0x425 ./Drivers/STM32F1xx_HAL_Driver/Src/stm32f1xx_hal_uart.o

.debug_loclists
                0x0000000000000000     0xc89d
 .debug_loclists
                0x0000000000000000      0x3e9 ./Core/Src/5641as_display_driver.o
 .debug_loclists
                0x00000000000003e9      0x79a ./Core/Src/bl_side_etx_ota.o
 .debug_loclists
                0x0000000000000b83       0xfc ./Core/Src/crc32_mpeg2.o
 .debug_loclists
                0x0000000000000c7f      0x2d5 ./Core/Src/firmware_update_config.o
 .debug_loclists
                0x0000000000000f54     0x14e7 ./Core/Src/hm10_ble_driver.o
 .debug_loclists
                0x000000000000243b      0x2a3 ./Core/Src/main.o
 .debug_loclists
                0x00000000000026de       0x7f ./Core/Src/stm32f1xx_hal_msp.o
 .debug_loclists
                0x000000000000275d       0x9f ./Core/Src/system_stm32f1xx.o
 .debug_loclists
                0x00000000000027fc       0xe2 ./Drivers/STM32F1xx_HAL_Driver/Src/stm32f1xx_hal.o
 .debug_loclists
                0x00000000000028de      0x45b ./Drivers/STM32F1xx_HAL_Driver/Src/stm32f1xx_hal_cortex.o
 .debug_loclists
                0x0000000000002d39      0x402 ./Drivers/STM32F1xx_HAL_Driver/Src/stm32f1xx_hal_flash.o
 .debug_loclists
                0x000000000000313b      0x64b ./Drivers/STM32F1xx_HAL_Driver/Src/stm32f1xx_hal_flash_ex.o
 .debug_loclists
                0x0000000000003786      0x2c9 ./Drivers/STM32F1xx_HAL_Driver/Src/stm32f1xx_hal_gpio.o
 .debug_loclists
                0x0000000000003a4f      0x475 ./Drivers/STM32F1xx_HAL_Driver/Src/stm32f1xx_hal_rcc.o
 .debug_loclists
                0x0000000000003ec4     0x4bcf ./Drivers/STM32F1xx_HAL_Driver/Src/stm32f1xx_hal_tim.o
 .debug_loclists
                0x0000000000008a93      0xeeb ./Drivers/STM32F1xx_HAL_Driver/Src/stm32f1xx_hal_tim_ex.o
 .debug_loclists
                0x000000000000997e     0x2f1f ./Drivers/STM32F1xx_HAL_Driver/Src/stm32f1xx_hal_uart.o

.debug_aranges  0x0000000000000000      0xb18
 .debug_aranges
                0x0000000000000000       0x78 ./Core/Src/5641as_display_driver.o
 .debug_aranges
                0x0000000000000078       0x30 ./Core/Src/bl_side_etx_ota.o
 .debug_aranges
                0x00000000000000a8       0x20 ./Core/Src/crc32_mpeg2.o
 .debug_aranges
                0x00000000000000c8       0x38 ./Core/Src/firmware_update_config.o
 .debug_aranges
                0x0000000000000100       0xc8 ./Core/Src/hm10_ble_driver.o
 .debug_aranges
                0x00000000000001c8       0x40 ./Core/Src/main.o
 .debug_aranges
                0x0000000000000208       0x48 ./Core/Src/stm32f1xx_hal_msp.o
 .debug_aranges
                0x0000000000000250       0x58 ./Core/Src/stm32f1xx_it.o
 .debug_aranges
                0x00000000000002a8       0x28 ./Core/Src/system_stm32f1xx.o
 .debug_aranges
                0x00000000000002d0       0x28 ./Core/Startup/startup_stm32f103c8tx.o
 .debug_aranges
                0x00000000000002f8       0xd8 ./Drivers/STM32F1xx_HAL_Driver/Src/stm32f1xx_hal.o
 .debug_aranges
                0x00000000000003d0       0x90 ./Drivers/STM32F1xx_HAL_Driver/Src/stm32f1xx_hal_cortex.o
 .debug_aranges
                0x0000000000000460       0x70 ./Drivers/STM32F1xx_HAL_Driver/Src/stm32f1xx_hal_flash.o
 .debug_aranges
                0x00000000000004d0       0x50 ./Drivers/STM32F1xx_HAL_Driver/Src/stm32f1xx_hal_flash_ex.o
 .debug_aranges
                0x0000000000000520       0x58 ./Drivers/STM32F1xx_HAL_Driver/Src/stm32f1xx_hal_gpio.o
 .debug_aranges
                0x0000000000000578       0x88 ./Drivers/STM32F1xx_HAL_Driver/Src/stm32f1xx_hal_rcc.o
 .debug_aranges
                0x0000000000000600      0x278 ./Drivers/STM32F1xx_HAL_Driver/Src/stm32f1xx_hal_tim.o
 .debug_aranges
                0x0000000000000878      0x110 ./Drivers/STM32F1xx_HAL_Driver/Src/stm32f1xx_hal_tim_ex.o
 .debug_aranges
                0x0000000000000988      0x190 ./Drivers/STM32F1xx_HAL_Driver/Src/stm32f1xx_hal_uart.o

.debug_rnglists
                0x0000000000000000     0x1567
 .debug_rnglists
                0x0000000000000000       0xaa ./Core/Src/5641as_display_driver.o
 .debug_rnglists
                0x00000000000000aa      0x128 ./Core/Src/bl_side_etx_ota.o
 .debug_rnglists
                0x00000000000001d2       0x2b ./Core/Src/crc32_mpeg2.o
 .debug_rnglists
                0x00000000000001fd       0x96 ./Core/Src/firmware_update_config.o
 .debug_rnglists
                0x0000000000000293      0x30c ./Core/Src/hm10_ble_driver.o
 .debug_rnglists
                0x000000000000059f       0xfc ./Core/Src/main.o
 .debug_rnglists
                0x000000000000069b       0x85 ./Core/Src/stm32f1xx_hal_msp.o
 .debug_rnglists
                0x0000000000000720       0x3d ./Core/Src/stm32f1xx_it.o
 .debug_rnglists
                0x000000000000075d       0x19 ./Core/Src/system_stm32f1xx.o
 .debug_rnglists
                0x0000000000000776       0x19 ./Core/Startup/startup_stm32f103c8tx.o
 .debug_rnglists
                0x000000000000078f       0x9d ./Drivers/STM32F1xx_HAL_Driver/Src/stm32f1xx_hal.o
 .debug_rnglists
                0x000000000000082c       0xdf ./Drivers/STM32F1xx_HAL_Driver/Src/stm32f1xx_hal_cortex.o
 .debug_rnglists
                0x000000000000090b       0xee ./Drivers/STM32F1xx_HAL_Driver/Src/stm32f1xx_hal_flash.o
 .debug_rnglists
                0x00000000000009f9       0xf7 ./Drivers/STM32F1xx_HAL_Driver/Src/stm32f1xx_hal_flash_ex.o
 .debug_rnglists
                0x0000000000000af0       0x57 ./Drivers/STM32F1xx_HAL_Driver/Src/stm32f1xx_hal_gpio.o
 .debug_rnglists
                0x0000000000000b47       0xcc ./Drivers/STM32F1xx_HAL_Driver/Src/stm32f1xx_hal_rcc.o
 .debug_rnglists
                0x0000000000000c13      0x54b ./Drivers/STM32F1xx_HAL_Driver/Src/stm32f1xx_hal_tim.o
 .debug_rnglists
                0x000000000000115e      0x16b ./Drivers/STM32F1xx_HAL_Driver/Src/stm32f1xx_hal_tim_ex.o
 .debug_rnglists
                0x00000000000012c9      0x29e ./Drivers/STM32F1xx_HAL_Driver/Src/stm32f1xx_hal_uart.o

.debug_macro    0x0000000000000000    0x18a38
 .debug_macro   0x0000000000000000      0x28a ./Core/Src/5641as_display_driver.o
 .debug_macro   0x000000000000028a      0xa9c ./Core/Src/5641as_display_driver.o
 .debug_macro   0x0000000000000d26      0x21b ./Core/Src/5641as_display_driver.o
 .debug_macro   0x0000000000000f41       0x2e ./Core/Src/5641as_display_driver.o
 .debug_macro   0x0000000000000f6f       0x22 ./Core/Src/5641as_display_driver.o
 .debug_macro   0x0000000000000f91       0x22 ./Core/Src/5641as_display_driver.o
 .debug_macro   0x0000000000000fb3       0x8e ./Core/Src/5641as_display_driver.o
 .debug_macro   0x0000000000001041       0x51 ./Core/Src/5641as_display_driver.o
 .debug_macro   0x0000000000001092      0x103 ./Core/Src/5641as_display_driver.o
 .debug_macro   0x0000000000001195       0x6a ./Core/Src/5641as_display_driver.o
 .debug_macro   0x00000000000011ff      0x1df ./Core/Src/5641as_display_driver.o
 .debug_macro   0x00000000000013de       0x1c ./Core/Src/5641as_display_driver.o
 .debug_macro   0x00000000000013fa       0x22 ./Core/Src/5641as_display_driver.o
 .debug_macro   0x000000000000141c       0xbd ./Core/Src/5641as_display_driver.o
 .debug_macro   0x00000000000014d9      0xd23 ./Core/Src/5641as_display_driver.o
 .debug_macro   0x00000000000021fc     0xe09e ./Core/Src/5641as_display_driver.o
 .debug_macro   0x000000000001029a       0x6d ./Core/Src/5641as_display_driver.o
 .debug_macro   0x0000000000010307     0x348d ./Core/Src/5641as_display_driver.o
 .debug_macro   0x0000000000013794      0x174 ./Core/Src/5641as_display_driver.o
 .debug_macro   0x0000000000013908       0x5c ./Core/Src/5641as_display_driver.o
 .debug_macro   0x0000000000013964      0x5bc ./Core/Src/5641as_display_driver.o
 .debug_macro   0x0000000000013f20      0x289 ./Core/Src/5641as_display_driver.o
 .debug_macro   0x00000000000141a9      0x1cb ./Core/Src/5641as_display_driver.o
 .debug_macro   0x0000000000014374      0x114 ./Core/Src/5641as_display_driver.o
 .debug_macro   0x0000000000014488      0x1b2 ./Core/Src/5641as_display_driver.o
 .debug_macro   0x000000000001463a       0x27 ./Core/Src/5641as_display_driver.o
 .debug_macro   0x0000000000014661      0x136 ./Core/Src/5641as_display_driver.o
 .debug_macro   0x0000000000014797      0x1bc ./Core/Src/5641as_display_driver.o
 .debug_macro   0x0000000000014953       0x34 ./Core/Src/5641as_display_driver.o
 .debug_macro   0x0000000000014987       0x3c ./Core/Src/5641as_display_driver.o
 .debug_macro   0x00000000000149c3       0x57 ./Core/Src/5641as_display_driver.o
 .debug_macro   0x0000000000014a1a       0x87 ./Core/Src/5641as_display_driver.o
 .debug_macro   0x0000000000014aa1      0x240 ./Core/Src/5641as_display_driver.o
 .debug_macro   0x0000000000014ce1      0x140 ./Core/Src/5641as_display_driver.o
 .debug_macro   0x0000000000014e21      0x8ed ./Core/Src/5641as_display_driver.o
 .debug_macro   0x000000000001570e      0x28e ./Core/Src/5641as_display_driver.o
 .debug_macro   0x000000000001599c       0x83 ./Core/Src/5641as_display_driver.o
 .debug_macro   0x0000000000015a1f       0x61 ./Core/Src/5641as_display_driver.o
 .debug_macro   0x0000000000015a80       0x24 ./Core/Src/5641as_display_driver.o
 .debug_macro   0x0000000000015aa4       0x43 ./Core/Src/5641as_display_driver.o
 .debug_macro   0x0000000000015ae7       0x34 ./Core/Src/5641as_display_driver.o
 .debug_macro   0x0000000000015b1b       0x16 ./Core/Src/5641as_display_driver.o
 .debug_macro   0x0000000000015b31       0x43 ./Core/Src/5641as_display_driver.o
 .debug_macro   0x0000000000015b74       0x34 ./Core/Src/5641as_display_driver.o
 .debug_macro   0x0000000000015ba8       0x10 ./Core/Src/5641as_display_driver.o
 .debug_macro   0x0000000000015bb8       0x58 ./Core/Src/5641as_display_driver.o
 .debug_macro   0x0000000000015c10       0x8e ./Core/Src/5641as_display_driver.o
 .debug_macro   0x0000000000015c9e       0x1c ./Core/Src/5641as_display_driver.o
 .debug_macro   0x0000000000015cba      0x177 ./Core/Src/5641as_display_driver.o
 .debug_macro   0x0000000000015e31      0x369 ./Core/Src/5641as_display_driver.o
 .debug_macro   0x000000000001619a       0x10 ./Core/Src/5641as_display_driver.o
 .debug_macro   0x00000000000161aa       0x35 ./Core/Src/5641as_display_driver.o
 .debug_macro   0x00000000000161df       0x20 ./Core/Src/5641as_display_driver.o
 .debug_macro   0x00000000000161ff      0x373 ./Core/Src/bl_side_etx_ota.o
 .debug_macro   0x0000000000016572       0x16 ./Core/Src/bl_side_etx_ota.o
 .debug_macro   0x0000000000016588       0x10 ./Core/Src/bl_side_etx_ota.o
 .debug_macro   0x0000000000016598       0x16 ./Core/Src/bl_side_etx_ota.o
 .debug_macro   0x00000000000165ae       0x16 ./Core/Src/bl_side_etx_ota.o
 .debug_macro   0x00000000000165c4      0x147 ./Core/Src/bl_side_etx_ota.o
 .debug_macro   0x000000000001670b       0x1c ./Core/Src/bl_side_etx_ota.o
 .debug_macro   0x0000000000016727       0x6a ./Core/Src/bl_side_etx_ota.o
 .debug_macro   0x0000000000016791       0x12 ./Core/Src/bl_side_etx_ota.o
 .debug_macro   0x00000000000167a3       0x10 ./Core/Src/bl_side_etx_ota.o
 .debug_macro   0x00000000000167b3       0x16 ./Core/Src/bl_side_etx_ota.o
 .debug_macro   0x00000000000167c9       0x22 ./Core/Src/bl_side_etx_ota.o
 .debug_macro   0x00000000000167eb       0x12 ./Core/Src/bl_side_etx_ota.o
 .debug_macro   0x00000000000167fd       0x6d ./Core/Src/crc32_mpeg2.o
 .debug_macro   0x000000000001686a      0x342 ./Core/Src/firmware_update_config.o
 .debug_macro   0x0000000000016bac      0x106 ./Core/Src/firmware_update_config.o
 .debug_macro   0x0000000000016cb2      0x3b2 ./Core/Src/hm10_ble_driver.o
 .debug_macro   0x0000000000017064      0x324 ./Core/Src/main.o
 .debug_macro   0x0000000000017388      0x100 ./Core/Src/main.o
 .debug_macro   0x0000000000017488      0x1b2 ./Core/Src/stm32f1xx_hal_msp.o
 .debug_macro   0x000000000001763a      0x1bc ./Core/Src/stm32f1xx_it.o
 .debug_macro   0x00000000000177f6      0x2d2 ./Core/Src/system_stm32f1xx.o
 .debug_macro   0x0000000000017ac8      0x1c7 ./Drivers/STM32F1xx_HAL_Driver/Src/stm32f1xx_hal.o
 .debug_macro   0x0000000000017c8f      0x1a3 ./Drivers/STM32F1xx_HAL_Driver/Src/stm32f1xx_hal_cortex.o
 .debug_macro   0x0000000000017e32      0x1a3 ./Drivers/STM32F1xx_HAL_Driver/Src/stm32f1xx_hal_flash.o
 .debug_macro   0x0000000000017fd5      0x1b5 ./Drivers/STM32F1xx_HAL_Driver/Src/stm32f1xx_hal_flash_ex.o
 .debug_macro   0x000000000001818a      0x20e ./Drivers/STM32F1xx_HAL_Driver/Src/stm32f1xx_hal_gpio.o
 .debug_macro   0x0000000000018398      0x1b5 ./Drivers/STM32F1xx_HAL_Driver/Src/stm32f1xx_hal_rcc.o
 .debug_macro   0x000000000001854d      0x1a4 ./Drivers/STM32F1xx_HAL_Driver/Src/stm32f1xx_hal_tim.o
 .debug_macro   0x00000000000186f1      0x1a3 ./Drivers/STM32F1xx_HAL_Driver/Src/stm32f1xx_hal_tim_ex.o
 .debug_macro   0x0000000000018894      0x1a4 ./Drivers/STM32F1xx_HAL_Driver/Src/stm32f1xx_hal_uart.o

.debug_line     0x0000000000000000    0x1a49b
 .debug_line    0x0000000000000000      0xe3c ./Core/Src/5641as_display_driver.o
 .debug_line    0x0000000000000e3c     0x10e1 ./Core/Src/bl_side_etx_ota.o
 .debug_line    0x0000000000001f1d      0x493 ./Core/Src/crc32_mpeg2.o
 .debug_line    0x00000000000023b0      0xcd1 ./Core/Src/firmware_update_config.o
 .debug_line    0x0000000000003081     0x2712 ./Core/Src/hm10_ble_driver.o
 .debug_line    0x0000000000005793     0x137a ./Core/Src/main.o
 .debug_line    0x0000000000006b0d      0x8e8 ./Core/Src/stm32f1xx_hal_msp.o
 .debug_line    0x00000000000073f5      0x7e7 ./Core/Src/stm32f1xx_it.o
 .debug_line    0x0000000000007bdc      0x91b ./Core/Src/system_stm32f1xx.o
 .debug_line    0x00000000000084f7       0x78 ./Core/Startup/startup_stm32f103c8tx.o
 .debug_line    0x000000000000856f      0xa4e ./Drivers/STM32F1xx_HAL_Driver/Src/stm32f1xx_hal.o
 .debug_line    0x0000000000008fbd      0xc33 ./Drivers/STM32F1xx_HAL_Driver/Src/stm32f1xx_hal_cortex.o
 .debug_line    0x0000000000009bf0      0xf24 ./Drivers/STM32F1xx_HAL_Driver/Src/stm32f1xx_hal_flash.o
 .debug_line    0x000000000000ab14      0xf32 ./Drivers/STM32F1xx_HAL_Driver/Src/stm32f1xx_hal_flash_ex.o
 .debug_line    0x000000000000ba46      0xb5a ./Drivers/STM32F1xx_HAL_Driver/Src/stm32f1xx_hal_gpio.o
 .debug_line    0x000000000000c5a0     0x125f ./Drivers/STM32F1xx_HAL_Driver/Src/stm32f1xx_hal_rcc.o
 .debug_line    0x000000000000d7ff     0x662d ./Drivers/STM32F1xx_HAL_Driver/Src/stm32f1xx_hal_tim.o
 .debug_line    0x0000000000013e2c     0x1f33 ./Drivers/STM32F1xx_HAL_Driver/Src/stm32f1xx_hal_tim_ex.o
 .debug_line    0x0000000000015d5f     0x473c ./Drivers/STM32F1xx_HAL_Driver/Src/stm32f1xx_hal_uart.o

.debug_str      0x0000000000000000    0x8d553
 .debug_str     0x0000000000000000    0x8706f ./Core/Src/5641as_display_driver.o
                                      0x874ce (size before relaxing)
 .debug_str     0x000000000008706f     0x1941 ./Core/Src/bl_side_etx_ota.o
                                      0x883d5 (size before relaxing)
 .debug_str     0x00000000000889b0       0x39 ./Core/Src/crc32_mpeg2.o
                                       0x3d60 (size before relaxing)
 .debug_str     0x00000000000889e9      0xb2a ./Core/Src/firmware_update_config.o
                                      0x87ed7 (size before relaxing)
 .debug_str     0x0000000000089513      0xadf ./Core/Src/hm10_ble_driver.o
                                      0x88392 (size before relaxing)
 .debug_str     0x0000000000089ff2      0x7c5 ./Core/Src/main.o
                                      0x88d2e (size before relaxing)
 .debug_str     0x000000000008a7b7      0x340 ./Core/Src/stm32f1xx_hal_msp.o
                                      0x847f8 (size before relaxing)
 .debug_str     0x000000000008aaf7       0xec ./Core/Src/stm32f1xx_it.o
                                      0x84260 (size before relaxing)
 .debug_str     0x000000000008abe3      0x14b ./Core/Src/system_stm32f1xx.o
                                      0x871b0 (size before relaxing)
 .debug_str     0x000000000008ad2e       0x34 ./Core/Startup/startup_stm32f103c8tx.o
                                         0xcc (size before relaxing)
 .debug_str     0x000000000008ad62      0x378 ./Drivers/STM32F1xx_HAL_Driver/Src/stm32f1xx_hal.o
                                      0x83d9b (size before relaxing)
 .debug_str     0x000000000008b0da      0x22b ./Drivers/STM32F1xx_HAL_Driver/Src/stm32f1xx_hal_cortex.o
                                      0x83ce7 (size before relaxing)
 .debug_str     0x000000000008b305      0x259 ./Drivers/STM32F1xx_HAL_Driver/Src/stm32f1xx_hal_flash.o
                                      0x83943 (size before relaxing)
 .debug_str     0x000000000008b55e      0x306 ./Drivers/STM32F1xx_HAL_Driver/Src/stm32f1xx_hal_flash_ex.o
                                      0x83af1 (size before relaxing)
 .debug_str     0x000000000008b864      0x2f0 ./Drivers/STM32F1xx_HAL_Driver/Src/stm32f1xx_hal_gpio.o
                                      0x839ee (size before relaxing)
 .debug_str     0x000000000008bb54      0x229 ./Drivers/STM32F1xx_HAL_Driver/Src/stm32f1xx_hal_rcc.o
                                      0x83a97 (size before relaxing)
 .debug_str     0x000000000008bd7d      0xd35 ./Drivers/STM32F1xx_HAL_Driver/Src/stm32f1xx_hal_tim.o
                                      0x84a89 (size before relaxing)
 .debug_str     0x000000000008cab2      0x493 ./Drivers/STM32F1xx_HAL_Driver/Src/stm32f1xx_hal_tim_ex.o
                                      0x842a5 (size before relaxing)
 .debug_str     0x000000000008cf45      0x60e ./Drivers/STM32F1xx_HAL_Driver/Src/stm32f1xx_hal_uart.o
                                      0x84108 (size before relaxing)

.debug_frame    0x0000000000000000     0x25c8
 .debug_frame   0x0000000000000000      0x16c ./Core/Src/5641as_display_driver.o
 .debug_frame   0x000000000000016c       0x9c ./Core/Src/bl_side_etx_ota.o
 .debug_frame   0x0000000000000208       0x2c ./Core/Src/crc32_mpeg2.o
 .debug_frame   0x0000000000000234       0xbc ./Core/Src/firmware_update_config.o
 .debug_frame   0x00000000000002f0      0x290 ./Core/Src/hm10_ble_driver.o
 .debug_frame   0x0000000000000580       0xa4 ./Core/Src/main.o
 .debug_frame   0x0000000000000624       0xc4 ./Core/Src/stm32f1xx_hal_msp.o
 .debug_frame   0x00000000000006e8       0xb0 ./Core/Src/stm32f1xx_it.o
 .debug_frame   0x0000000000000798       0x30 ./Core/Src/system_stm32f1xx.o
 .debug_frame   0x00000000000007c8      0x1d4 ./Drivers/STM32F1xx_HAL_Driver/Src/stm32f1xx_hal.o
 .debug_frame   0x000000000000099c      0x128 ./Drivers/STM32F1xx_HAL_Driver/Src/stm32f1xx_hal_cortex.o
 .debug_frame   0x0000000000000ac4      0x148 ./Drivers/STM32F1xx_HAL_Driver/Src/stm32f1xx_hal_flash.o
 .debug_frame   0x0000000000000c0c       0xc8 ./Drivers/STM32F1xx_HAL_Driver/Src/stm32f1xx_hal_flash_ex.o
 .debug_frame   0x0000000000000cd4       0xec ./Drivers/STM32F1xx_HAL_Driver/Src/stm32f1xx_hal_gpio.o
 .debug_frame   0x0000000000000dc0      0x190 ./Drivers/STM32F1xx_HAL_Driver/Src/stm32f1xx_hal_rcc.o
 .debug_frame   0x0000000000000f50      0xbec ./Drivers/STM32F1xx_HAL_Driver/Src/stm32f1xx_hal_tim.o
 .debug_frame   0x0000000000001b3c      0x468 ./Drivers/STM32F1xx_HAL_Driver/Src/stm32f1xx_hal_tim_ex.o
 .debug_frame   0x0000000000001fa4      0x5b0 ./Drivers/STM32F1xx_HAL_Driver/Src/stm32f1xx_hal_uart.o
 .debug_frame   0x0000000000002554       0x20 C:/ST/STM32CubeIDE_1.13.1/STM32CubeIDE/plugins/com.st.stm32cube.ide.mcu.externaltools.gnu-tools-for-stm32.11.3.rel1.win32_1.1.0.202305231506/tools/bin/../lib/gcc/arm-none-eabi/11.3.1/../../../../arm-none-eabi/lib/thumb/v7-m/nofp\libc_nano.a(libc_a-memset.o)
 .debug_frame   0x0000000000002574       0x2c C:/ST/STM32CubeIDE_1.13.1/STM32CubeIDE/plugins/com.st.stm32cube.ide.mcu.externaltools.gnu-tools-for-stm32.11.3.rel1.win32_1.1.0.202305231506/tools/bin/../lib/gcc/arm-none-eabi/11.3.1/../../../../arm-none-eabi/lib/thumb/v7-m/nofp\libc_nano.a(libc_a-init.o)
 .debug_frame   0x00000000000025a0       0x28 C:/ST/STM32CubeIDE_1.13.1/STM32CubeIDE/plugins/com.st.stm32cube.ide.mcu.externaltools.gnu-tools-for-stm32.11.3.rel1.win32_1.1.0.202305231506/tools/bin/../lib/gcc/arm-none-eabi/11.3.1/../../../../arm-none-eabi/lib/thumb/v7-m/nofp\libc_nano.a(libc_a-memcpy-stub.o)

.debug_line_str
                0x0000000000000000       0xc0
 .debug_line_str
                0x0000000000000000       0xc0 ./Core/Startup/startup_stm32f103c8tx.o
                                         0xd8 (size before relaxing)
