Archive member included to satisfy reference by file (symbol)

C:/ST/STM32CubeIDE_1.13.1/STM32CubeIDE/plugins/com.st.stm32cube.ide.mcu.externaltools.gnu-tools-for-stm32.11.3.rel1.win32_1.1.0.202305231506/tools/bin/../lib/gcc/arm-none-eabi/11.3.1/../../../../arm-none-eabi/lib/thumb/v7-m/nofp\libc_nano.a(libc_a-exit.o)
                              C:/ST/STM32CubeIDE_1.13.1/STM32CubeIDE/plugins/com.st.stm32cube.ide.mcu.externaltools.gnu-tools-for-stm32.11.3.rel1.win32_1.1.0.202305231506/tools/bin/../lib/gcc/arm-none-eabi/11.3.1/../../../../arm-none-eabi/lib/thumb/v7-m/nofp/crt0.o (exit)
C:/ST/STM32CubeIDE_1.13.1/STM32CubeIDE/plugins/com.st.stm32cube.ide.mcu.externaltools.gnu-tools-for-stm32.11.3.rel1.win32_1.1.0.202305231506/tools/bin/../lib/gcc/arm-none-eabi/11.3.1/../../../../arm-none-eabi/lib/thumb/v7-m/nofp\libc_nano.a(libc_a-findfp.o)
                              C:/ST/STM32CubeIDE_1.13.1/STM32CubeIDE/plugins/com.st.stm32cube.ide.mcu.externaltools.gnu-tools-for-stm32.11.3.rel1.win32_1.1.0.202305231506/tools/bin/../lib/gcc/arm-none-eabi/11.3.1/../../../../arm-none-eabi/lib/thumb/v7-m/nofp\libc_nano.a(libc_a-exit.o) (__stdio_exit_handler)
C:/ST/STM32CubeIDE_1.13.1/STM32CubeIDE/plugins/com.st.stm32cube.ide.mcu.externaltools.gnu-tools-for-stm32.11.3.rel1.win32_1.1.0.202305231506/tools/bin/../lib/gcc/arm-none-eabi/11.3.1/../../../../arm-none-eabi/lib/thumb/v7-m/nofp\libc_nano.a(libc_a-fwalk.o)
                              C:/ST/STM32CubeIDE_1.13.1/STM32CubeIDE/plugins/com.st.stm32cube.ide.mcu.externaltools.gnu-tools-for-stm32.11.3.rel1.win32_1.1.0.202305231506/tools/bin/../lib/gcc/arm-none-eabi/11.3.1/../../../../arm-none-eabi/lib/thumb/v7-m/nofp\libc_nano.a(libc_a-findfp.o) (_fwalk_sglue)
C:/ST/STM32CubeIDE_1.13.1/STM32CubeIDE/plugins/com.st.stm32cube.ide.mcu.externaltools.gnu-tools-for-stm32.11.3.rel1.win32_1.1.0.202305231506/tools/bin/../lib/gcc/arm-none-eabi/11.3.1/../../../../arm-none-eabi/lib/thumb/v7-m/nofp\libc_nano.a(libc_a-stdio.o)
                              C:/ST/STM32CubeIDE_1.13.1/STM32CubeIDE/plugins/com.st.stm32cube.ide.mcu.externaltools.gnu-tools-for-stm32.11.3.rel1.win32_1.1.0.202305231506/tools/bin/../lib/gcc/arm-none-eabi/11.3.1/../../../../arm-none-eabi/lib/thumb/v7-m/nofp\libc_nano.a(libc_a-findfp.o) (__sread)
C:/ST/STM32CubeIDE_1.13.1/STM32CubeIDE/plugins/com.st.stm32cube.ide.mcu.externaltools.gnu-tools-for-stm32.11.3.rel1.win32_1.1.0.202305231506/tools/bin/../lib/gcc/arm-none-eabi/11.3.1/../../../../arm-none-eabi/lib/thumb/v7-m/nofp\libc_nano.a(libc_a-memset.o)
                              C:/ST/STM32CubeIDE_1.13.1/STM32CubeIDE/plugins/com.st.stm32cube.ide.mcu.externaltools.gnu-tools-for-stm32.11.3.rel1.win32_1.1.0.202305231506/tools/bin/../lib/gcc/arm-none-eabi/11.3.1/../../../../arm-none-eabi/lib/thumb/v7-m/nofp/crt0.o (memset)
C:/ST/STM32CubeIDE_1.13.1/STM32CubeIDE/plugins/com.st.stm32cube.ide.mcu.externaltools.gnu-tools-for-stm32.11.3.rel1.win32_1.1.0.202305231506/tools/bin/../lib/gcc/arm-none-eabi/11.3.1/../../../../arm-none-eabi/lib/thumb/v7-m/nofp\libc_nano.a(libc_a-closer.o)
                              C:/ST/STM32CubeIDE_1.13.1/STM32CubeIDE/plugins/com.st.stm32cube.ide.mcu.externaltools.gnu-tools-for-stm32.11.3.rel1.win32_1.1.0.202305231506/tools/bin/../lib/gcc/arm-none-eabi/11.3.1/../../../../arm-none-eabi/lib/thumb/v7-m/nofp\libc_nano.a(libc_a-stdio.o) (_close_r)
C:/ST/STM32CubeIDE_1.13.1/STM32CubeIDE/plugins/com.st.stm32cube.ide.mcu.externaltools.gnu-tools-for-stm32.11.3.rel1.win32_1.1.0.202305231506/tools/bin/../lib/gcc/arm-none-eabi/11.3.1/../../../../arm-none-eabi/lib/thumb/v7-m/nofp\libc_nano.a(libc_a-reent.o)
                              C:/ST/STM32CubeIDE_1.13.1/STM32CubeIDE/plugins/com.st.stm32cube.ide.mcu.externaltools.gnu-tools-for-stm32.11.3.rel1.win32_1.1.0.202305231506/tools/bin/../lib/gcc/arm-none-eabi/11.3.1/../../../../arm-none-eabi/lib/thumb/v7-m/nofp\libc_nano.a(libc_a-closer.o) (errno)
C:/ST/STM32CubeIDE_1.13.1/STM32CubeIDE/plugins/com.st.stm32cube.ide.mcu.externaltools.gnu-tools-for-stm32.11.3.rel1.win32_1.1.0.202305231506/tools/bin/../lib/gcc/arm-none-eabi/11.3.1/../../../../arm-none-eabi/lib/thumb/v7-m/nofp\libc_nano.a(libc_a-impure.o)
                              C:/ST/STM32CubeIDE_1.13.1/STM32CubeIDE/plugins/com.st.stm32cube.ide.mcu.externaltools.gnu-tools-for-stm32.11.3.rel1.win32_1.1.0.202305231506/tools/bin/../lib/gcc/arm-none-eabi/11.3.1/../../../../arm-none-eabi/lib/thumb/v7-m/nofp\libc_nano.a(libc_a-reent.o) (_impure_ptr)
C:/ST/STM32CubeIDE_1.13.1/STM32CubeIDE/plugins/com.st.stm32cube.ide.mcu.externaltools.gnu-tools-for-stm32.11.3.rel1.win32_1.1.0.202305231506/tools/bin/../lib/gcc/arm-none-eabi/11.3.1/../../../../arm-none-eabi/lib/thumb/v7-m/nofp\libc_nano.a(libc_a-lseekr.o)
[...]
Memory Configuration

Name             Origin             Length             Attributes
RAM              0x0000000020000000 0x0000000000005000 xrw
FLASH            0x0000000008000000 0x0000000000001800 xr
*default*        0x0000000000000000 0xffffffffffffffff

Linker script and memory map

LOAD C:/ST/STM32CubeIDE_1.13.1/STM32CubeIDE/plugins/com.st.stm32cube.ide.mcu.externaltools.gnu-tools-for-stm32.11.3.rel1.win32_1.1.0.202305231506/tools/bin/../lib/gcc/arm-none-eabi/11.3.1/thumb/v7-m/nofp/crti.o
LOAD C:/ST/STM32CubeIDE_1.13.1/STM32CubeIDE/plugins/com.st.stm32cube.ide.mcu.externaltools.gnu-tools-for-stm32.11.3.rel1.win32_1.1.0.202305231506/tools/bin/../lib/gcc/arm-none-eabi/11.3.1/thumb/v7-m/nofp/crtbegin.o
LOAD C:/ST/STM32CubeIDE_1.13.1/STM32CubeIDE/plugins/com.st.stm32cube.ide.mcu.externaltools.gnu-tools-for-stm32.11.3.rel1.win32_1.1.0.202305231506/tools/bin/../lib/gcc/arm-none-eabi/11.3.1/../../../../arm-none-eabi/lib/thumb/v7-m/nofp/crt0.o
LOAD ./Core/Src/crc32_mpeg2.o
LOAD ./Core/Src/firmware_update_config.o
LOAD ./Core/Src/main.o
LOAD ./Core/Src/pre_bl_side_etx_ota.o
LOAD ./Core/Src/stm32f1xx_hal_msp.o
LOAD ./Core/Src/stm32f1xx_it.o
LOAD ./Core/Src/syscalls.o
LOAD ./Core/Src/sysmem.o
LOAD ./Core/Src/system_stm32f1xx.o
LOAD ./Core/Startup/startup_stm32f103c8tx.o
LOAD ./Drivers/STM32F1xx_HAL_Driver/Src/stm32f1xx_hal.o
LOAD ./Drivers/STM32F1xx_HAL_Driver/Src/stm32f1xx_hal_cortex.o
LOAD ./Drivers/STM32F1xx_HAL_Driver/Src/stm32f1xx_hal_dma.o
LOAD ./Drivers/STM32F1xx_HAL_Driver/Src/stm32f1xx_hal_exti.o
LOAD ./Drivers/STM32F1xx_HAL_Driver/Src/stm32f1xx_hal_flash.o
LOAD ./Drivers/STM32F1xx_HAL_Driver/Src/stm32f1xx_hal_flash_ex.o
LOAD ./Drivers/STM32F1xx_HAL_Driver/Src/stm32f1xx_hal_gpio.o
LOAD ./Drivers/STM32F1xx_HAL_Driver/Src/stm32f1xx_hal_gpio_ex.o
LOAD ./Drivers/STM32F1xx_HAL_Driver/Src/stm32f1xx_hal_pwr.o
LOAD ./Drivers/STM32F1xx_HAL_Driver/Src/stm32f1xx_hal_rcc.o
LOAD ./Drivers/STM32F1xx_HAL_Driver/Src/stm32f1xx_hal_rcc_ex.o
LOAD ./Drivers/STM32F1xx_HAL_Driver/Src/stm32f1xx_hal_tim.o
LOAD ./Drivers/STM32F1xx_HAL_Driver/Src/stm32f1xx_hal_tim_ex.o
START GROUP
LOAD C:/ST/STM32CubeIDE_1.13.1/STM32CubeIDE/plugins/com.st.stm32cube.ide.mcu.externaltools.gnu-tools-for-stm32.11.3.rel1.win32_1.1.0.202305231506/tools/bin/../lib/gcc/arm-none-eabi/11.3.1/../../../../arm-none-eabi/lib/thumb/v7-m/nofp\libc_nano.a
LOAD C:/ST/STM32CubeIDE_1.13.1/STM32CubeIDE/plugins/com.st.stm32cube.ide.mcu.externaltools.gnu-tools-for-stm32.11.3.rel1.win32_1.1.0.202305231506/tools/bin/../lib/gcc/arm-none-eabi/11.3.1/../../../../arm-none-eabi/lib/thumb/v7-m/nofp\libm.a
END GROUP
START GROUP
LOAD C:/ST/STM32CubeIDE_1.13.1/STM32CubeIDE/plugins/com.st.stm32cube.ide.mcu.externaltools.gnu-tools-for-stm32.11.3.rel1.win32_1.1.0.202305231506/tools/bin/../lib/gcc/arm-none-eabi/11.3.1/thumb/v7-m/nofp\libgcc.a
LOAD C:/ST/STM32CubeIDE_1.13.1/STM32CubeIDE/plugins/com.st.stm32cube.ide.mcu.externaltools.gnu-tools-for-stm32.11.3.rel1.win32_1.1.0.202305231506/tools/bin/../lib/gcc/arm-none-eabi/11.3.1/../../../../arm-none-eabi/lib/thumb/v7-m/nofp\libc_nano.a
END GROUP
START GROUP
LOAD C:/ST/STM32CubeIDE_1.13.1/STM32CubeIDE/plugins/com.st.stm32cube.ide.mcu.externaltools.gnu-tools-for-stm32.11.3.rel1.win32_1.1.0.202305231506/tools/bin/../lib/gcc/arm-none-eabi/11.3.1/thumb/v7-m/nofp\libgcc.a
LOAD C:/ST/STM32CubeIDE_1.13.1/STM32CubeIDE/plugins/com.st.stm32cube.ide.mcu.externaltools.gnu-tools-for-stm32.11.3.rel1.win32_1.1.0.202305231506/tools/bin/../lib/gcc/arm-none-eabi/11.3.1/../../../../arm-none-eabi/lib/thumb/v7-m/nofp\libc_nano.a
LOAD C:/ST/STM32CubeIDE_1.13.1/STM32CubeIDE/plugins/com.st.stm32cube.ide.mcu.externaltools.gnu-tools-for-stm32.11.3.rel1.win32_1.1.0.202305231506/tools/bin/../lib/gcc/arm-none-eabi/11.3.1/../../../../arm-none-eabi/lib/thumb/v7-m/nofp\libnosys.a
END GROUP
START GROUP
LOAD C:/ST/STM32CubeIDE_1.13.1/STM32CubeIDE/plugins/com.st.stm32cube.ide.mcu.externaltools.gnu-tools-for-stm32.11.3.rel1.win32_1.1.0.202305231506/tools/bin/../lib/gcc/arm-none-eabi/11.3.1/thumb/v7-m/nofp\libgcc.a
LOAD C:/ST/STM32CubeIDE_1.13.1/STM32CubeIDE/plugins/com.st.stm32cube.ide.mcu.externaltools.gnu-tools-for-stm32.11.3.rel1.win32_1.1.0.202305231506/tools/bin/../lib/gcc/arm-none-eabi/11.3.1/../../../../arm-none-eabi/lib/thumb/v7-m/nofp\libc_nano.a
LOAD C:/ST/STM32CubeIDE_1.13.1/STM32CubeIDE/plugins/com.st.stm32cube.ide.mcu.externaltools.gnu-tools-for-stm32.11.3.rel1.win32_1.1.0.202305231506/tools/bin/../lib/gcc/arm-none-eabi/11.3.1/../../../../arm-none-eabi/lib/thumb/v7-m/nofp\libnosys.a
END GROUP
LOAD C:/ST/STM32CubeIDE_1.13.1/STM32CubeIDE/plugins/com.st.stm32cube.ide.mcu.externaltools.gnu-tools-for-stm32.11.3.rel1.win32_1.1.0.202305231506/tools/bin/../lib/gcc/arm-none-eabi/11.3.1/thumb/v7-m/nofp/crtend.o
LOAD C:/ST/STM32CubeIDE_1.13.1/STM32CubeIDE/plugins/com.st.stm32cube.ide.mcu.externaltools.gnu-tools-for-stm32.11.3.rel1.win32_1.1.0.202305231506/tools/bin/../lib/gcc/arm-none-eabi/11.3.1/thumb/v7-m/nofp/crtn.o
                0x0000000020005000                _estack = (ORIGIN (RAM) + LENGTH (RAM))
                0x0000000000000200                _Min_Heap_Size = 0x200
                0x0000000000000400                _Min_Stack_Size = 0x400

.isr_vector     0x0000000008000000      0x10c
                0x0000000008000000                . = ALIGN (0x4)
 *(.isr_vector)
 .isr_vector    0x0000000008000000      0x10c ./Core/Startup/startup_stm32f103c8tx.o
                0x0000000008000000                g_pfnVectors
                0x000000000800010c                . = ALIGN (0x4)

.text           0x000000000800010c     0x1078
                0x000000000800010c                . = ALIGN (0x4)
 *(.text)
 .text          0x000000000800010c       0x40 C:/ST/STM32CubeIDE_1.13.1/STM32CubeIDE/plugins/com.st.stm32cube.ide.mcu.externaltools.gnu-tools-for-stm32.11.3.rel1.win32_1.1.0.202305231506/tools/bin/../lib/gcc/arm-none-eabi/11.3.1/thumb/v7-m/nofp/crtbegin.o
 *(.text*)
 .text.crc32_mpeg2
                0x000000000800014c       0x38 ./Core/Src/crc32_mpeg2.o
                0x000000000800014c                crc32_mpeg2
 .text.page_erase
                0x0000000008000184       0x60 ./Core/Src/firmware_update_config.o
 .text.firmware_update_configurations_init
                0x00000000080001e4       0xd4 ./Core/Src/firmware_update_config.o
                0x00000000080001e4                firmware_update_configurations_init
 .text.firmware_update_configurations_read
                0x00000000080002b8       0x40 ./Core/Src/firmware_update_config.o
                0x00000000080002b8                firmware_update_configurations_read
 .text.firmware_update_configurations_write
                0x00000000080002f8      0x118 ./Core/Src/firmware_update_config.o
                0x00000000080002f8                firmware_update_configurations_write
 .text.SystemClock_Config
                0x0000000008000410       0x54 ./Core/Src/main.o
                0x0000000008000410                SystemClock_Config
 .text.startup.main
                0x0000000008000464       0xb4 ./Core/Src/main.o
                0x0000000008000464                main
 .text.install_bl_stored_in_app_fw
                0x0000000008000518       0xc0 ./Core/Src/pre_bl_side_etx_ota.o
                0x0000000008000518                install_bl_stored_in_app_fw
 .text.HAL_MspInit
                0x00000000080005d8       0x30 ./Core/Src/stm32f1xx_hal_msp.o
                0x00000000080005d8                HAL_MspInit
 .text.NMI_Handler
                0x0000000008000608        0x4 ./Core/Src/stm32f1xx_it.o
                0x0000000008000608                NMI_Handler
 .text.HardFault_Handler
                0x000000000800060c        0x4 ./Core/Src/stm32f1xx_it.o
                0x000000000800060c                HardFault_Handler
 .text.MemManage_Handler
                0x0000000008000610        0x4 ./Core/Src/stm32f1xx_it.o
                0x0000000008000610                MemManage_Handler
 .text.BusFault_Handler
                0x0000000008000614        0x4 ./Core/Src/stm32f1xx_it.o
                0x0000000008000614                BusFault_Handler
 .text.UsageFault_Handler
                0x0000000008000618        0x4 ./Core/Src/stm32f1xx_it.o
                0x0000000008000618                UsageFault_Handler
 .text.SVC_Handler
                0x000000000800061c        0x4 ./Core/Src/stm32f1xx_it.o
                0x000000000800061c                SVC_Handler
 .text.DebugMon_Handler
                0x0000000008000620        0x4 ./Core/Src/stm32f1xx_it.o
                0x0000000008000620                DebugMon_Handler
 .text.PendSV_Handler
                0x0000000008000624        0x4 ./Core/Src/stm32f1xx_it.o
                0x0000000008000624                PendSV_Handler
 .text.SysTick_Handler
                0x0000000008000628        0x4 ./Core/Src/stm32f1xx_it.o
                0x0000000008000628                SysTick_Handler
 .text.SystemInit
                0x000000000800062c        0x4 ./Core/Src/system_stm32f1xx.o
                0x000000000800062c                SystemInit
 .text.Reset_Handler
                0x0000000008000630       0x48 ./Core/Startup/startup_stm32f103c8tx.o
                0x0000000008000630                Reset_Handler
 .text.Default_Handler
                0x0000000008000678        0x2 ./Core/Startup/startup_stm32f103c8tx.o
                0x0000000008000678                RTC_Alarm_IRQHandler
                0x0000000008000678                EXTI2_IRQHandler
                0x0000000008000678                TIM1_CC_IRQHandler
                0x0000000008000678                PVD_IRQHandler
                0x0000000008000678                EXTI3_IRQHandler
                0x0000000008000678                EXTI0_IRQHandler
                0x0000000008000678                I2C2_EV_IRQHandler
                0x0000000008000678                ADC1_2_IRQHandler
                0x0000000008000678                SPI1_IRQHandler
                0x0000000008000678                TAMPER_IRQHandler
                0x0000000008000678                DMA1_Channel4_IRQHandler
                0x0000000008000678                USART3_IRQHandler
                0x0000000008000678                RTC_IRQHandler
                0x0000000008000678                DMA1_Channel7_IRQHandler
                0x0000000008000678                CAN1_RX1_IRQHandler
                0x0000000008000678                TIM4_IRQHandler
                0x0000000008000678                I2C1_EV_IRQHandler
                0x0000000008000678                DMA1_Channel6_IRQHandler
                0x0000000008000678                TIM3_IRQHandler
                0x0000000008000678                RCC_IRQHandler
                0x0000000008000678                TIM1_TRG_COM_IRQHandler
                0x0000000008000678                DMA1_Channel1_IRQHandler
                0x0000000008000678                Default_Handler
                0x0000000008000678                EXTI15_10_IRQHandler
                0x0000000008000678                EXTI9_5_IRQHandler
                0x0000000008000678                SPI2_IRQHandler
                0x0000000008000678                DMA1_Channel5_IRQHandler
                0x0000000008000678                EXTI4_IRQHandler
                0x0000000008000678                USB_LP_CAN1_RX0_IRQHandler
                0x0000000008000678                USB_HP_CAN1_TX_IRQHandler
                0x0000000008000678                DMA1_Channel3_IRQHandler
                0x0000000008000678                TIM1_UP_IRQHandler
                0x0000000008000678                WWDG_IRQHandler
                0x0000000008000678                TIM2_IRQHandler
                0x0000000008000678                TIM1_BRK_IRQHandler
                0x0000000008000678                EXTI1_IRQHandler
                0x0000000008000678                USART2_IRQHandler
                0x0000000008000678                I2C2_ER_IRQHandler
                0x0000000008000678                DMA1_Channel2_IRQHandler
                0x0000000008000678                CAN1_SCE_IRQHandler
                0x0000000008000678                FLASH_IRQHandler
                0x0000000008000678                USART1_IRQHandler
                0x0000000008000678                I2C1_ER_IRQHandler
                0x0000000008000678                USBWakeUp_IRQHandler
 *fill*         0x000000000800067a        0x2 
 .text.HAL_InitTick
                0x000000000800067c       0x48 ./Drivers/STM32F1xx_HAL_Driver/Src/stm32f1xx_hal.o
                0x000000000800067c                HAL_InitTick
 .text.HAL_Init
                0x00000000080006c4       0x24 ./Drivers/STM32F1xx_HAL_Driver/Src/stm32f1xx_hal.o
                0x00000000080006c4                HAL_Init
 .text.HAL_IncTick
                0x00000000080006e8       0x18 ./Drivers/STM32F1xx_HAL_Driver/Src/stm32f1xx_hal.o
                0x00000000080006e8                HAL_IncTick
 .text.HAL_GetTick
                0x0000000008000700        0xc ./Drivers/STM32F1xx_HAL_Driver/Src/stm32f1xx_hal.o
                0x0000000008000700                HAL_GetTick
 .text.HAL_NVIC_SetPriorityGrouping
                0x000000000800070c       0x24 ./Drivers/STM32F1xx_HAL_Driver/Src/stm32f1xx_hal_cortex.o
                0x000000000800070c                HAL_NVIC_SetPriorityGrouping
 .text.HAL_NVIC_SetPriority
                0x0000000008000730       0x7c ./Drivers/STM32F1xx_HAL_Driver/Src/stm32f1xx_hal_cortex.o
                0x0000000008000730                HAL_NVIC_SetPriority
 .text.HAL_NVIC_SystemReset
                0x00000000080007ac       0x24 ./Drivers/STM32F1xx_HAL_Driver/Src/stm32f1xx_hal_cortex.o
                0x00000000080007ac                HAL_NVIC_SystemReset
 .text.HAL_SYSTICK_Config
                0x00000000080007d0       0x30 ./Drivers/STM32F1xx_HAL_Driver/Src/stm32f1xx_hal_cortex.o
                0x00000000080007d0                HAL_SYSTICK_Config
 .text.HAL_FLASH_Unlock
                0x0000000008000800       0x4c ./Drivers/STM32F1xx_HAL_Driver/Src/stm32f1xx_hal_flash.o
                0x0000000008000800                HAL_FLASH_Unlock
 .text.HAL_FLASH_Program
                0x000000000800084c      0x1e0 ./Drivers/STM32F1xx_HAL_Driver/Src/stm32f1xx_hal_flash.o
                0x000000000800084c                HAL_FLASH_Program
 .text.HAL_FLASH_Lock
                0x0000000008000a2c       0x14 ./Drivers/STM32F1xx_HAL_Driver/Src/stm32f1xx_hal_flash.o
                0x0000000008000a2c                HAL_FLASH_Lock
 .text.FLASH_WaitForLastOperation
                0x0000000008000a40       0xac ./Drivers/STM32F1xx_HAL_Driver/Src/stm32f1xx_hal_flash.o
                0x0000000008000a40                FLASH_WaitForLastOperation
 .text.HAL_FLASHEx_Erase
                0x0000000008000aec       0xc4 ./Drivers/STM32F1xx_HAL_Driver/Src/stm32f1xx_hal_flash_ex.o
                0x0000000008000aec                HAL_FLASHEx_Erase
 .text.HAL_RCC_OscConfig
                0x0000000008000bb0      0x3e0 ./Drivers/STM32F1xx_HAL_Driver/Src/stm32f1xx_hal_rcc.o
                0x0000000008000bb0                HAL_RCC_OscConfig
 .text.HAL_RCC_ClockConfig
                0x0000000008000f90      0x184 ./Drivers/STM32F1xx_HAL_Driver/Src/stm32f1xx_hal_rcc.o
                0x0000000008000f90                HAL_RCC_ClockConfig
 .text.memset   0x0000000008001114       0x10 C:/ST/STM32CubeIDE_1.13.1/STM32CubeIDE/plugins/com.st.stm32cube.ide.mcu.externaltools.gnu-tools-for-stm32.11.3.rel1.win32_1.1.0.202305231506/tools/bin/../lib/gcc/arm-none-eabi/11.3.1/../../../../arm-none-eabi/lib/thumb/v7-m/nofp\libc_nano.a(libc_a-memset.o)
                0x0000000008001114                memset
 .text.__libc_init_array
                0x0000000008001124       0x48 C:/ST/STM32CubeIDE_1.13.1/STM32CubeIDE/plugins/com.st.stm32cube.ide.mcu.externaltools.gnu-tools-for-stm32.11.3.rel1.win32_1.1.0.202305231506/tools/bin/../lib/gcc/arm-none-eabi/11.3.1/../../../../arm-none-eabi/lib/thumb/v7-m/nofp\libc_nano.a(libc_a-init.o)
                0x0000000008001124                __libc_init_array
 *(.glue_7)
 .glue_7        0x000000000800116c        0x0 linker stubs
 *(.glue_7t)
 .glue_7t       0x000000000800116c        0x0 linker stubs
 *(.eh_frame)
 .eh_frame      0x000000000800116c        0x0 C:/ST/STM32CubeIDE_1.13.1/STM32CubeIDE/plugins/com.st.stm32cube.ide.mcu.externaltools.gnu-tools-for-stm32.11.3.rel1.win32_1.1.0.202305231506/tools/bin/../lib/gcc/arm-none-eabi/11.3.1/thumb/v7-m/nofp/crtbegin.o
 *(.init)
 .init          0x000000000800116c        0x4 C:/ST/STM32CubeIDE_1.13.1/STM32CubeIDE/plugins/com.st.stm32cube.ide.mcu.externaltools.gnu-tools-for-stm32.11.3.rel1.win32_1.1.0.202305231506/tools/bin/../lib/gcc/arm-none-eabi/11.3.1/thumb/v7-m/nofp/crti.o
                0x000000000800116c                _init
 .init          0x0000000008001170        0x8 C:/ST/STM32CubeIDE_1.13.1/STM32CubeIDE/plugins/com.st.stm32cube.ide.mcu.externaltools.gnu-tools-for-stm32.11.3.rel1.win32_1.1.0.202305231506/tools/bin/../lib/gcc/arm-none-eabi/11.3.1/thumb/v7-m/nofp/crtn.o
 *(.fini)
 .fini          0x0000000008001178        0x4 C:/ST/STM32CubeIDE_1.13.1/STM32CubeIDE/plugins/com.st.stm32cube.ide.mcu.externaltools.gnu-tools-for-stm32.11.3.rel1.win32_1.1.0.202305231506/tools/bin/../lib/gcc/arm-none-eabi/11.3.1/thumb/v7-m/nofp/crti.o
                0x0000000008001178                _fini
 .fini          0x000000000800117c        0x8 C:/ST/STM32CubeIDE_1.13.1/STM32CubeIDE/plugins/com.st.stm32cube.ide.mcu.externaltools.gnu-tools-for-stm32.11.3.rel1.win32_1.1.0.202305231506/tools/bin/../lib/gcc/arm-none-eabi/11.3.1/thumb/v7-m/nofp/crtn.o
                0x0000000008001184                . = ALIGN (0x4)
                0x0000000008001184                _etext = .

.vfp11_veneer   0x0000000008001184        0x0
 .vfp11_veneer  0x0000000008001184        0x0 linker stubs

.v4_bx          0x0000000008001184        0x0
 .v4_bx         0x0000000008001184        0x0 linker stubs

.iplt           0x0000000008001184        0x0
 .iplt          0x0000000008001184        0x0 C:/ST/STM32CubeIDE_1.13.1/STM32CubeIDE/plugins/com.st.stm32cube.ide.mcu.externaltools.gnu-tools-for-stm32.11.3.rel1.win32_1.1.0.202305231506/tools/bin/../lib/gcc/arm-none-eabi/11.3.1/thumb/v7-m/nofp/crtbegin.o

.rodata         0x0000000008001184      0x424
                0x0000000008001184                . = ALIGN (0x4)
 *(.rodata)
 *(.rodata*)
 .rodata.crc_table
                0x0000000008001184      0x400 ./Core/Src/crc32_mpeg2.o
 .rodata.AHBPrescTable
                0x0000000008001584       0x10 ./Core/Src/system_stm32f1xx.o
                0x0000000008001584                AHBPrescTable
 .rodata.aPLLMULFactorTable.1
                0x0000000008001594       0x10 ./Drivers/STM32F1xx_HAL_Driver/Src/stm32f1xx_hal_rcc.o
 .rodata.aPredivFactorTable.0
                0x00000000080015a4        0x2 ./Drivers/STM32F1xx_HAL_Driver/Src/stm32f1xx_hal_rcc.o
                0x00000000080015a8                . = ALIGN (0x4)
 *fill*         0x00000000080015a6        0x2 

.rel.dyn        0x00000000080015a8        0x0
 .rel.iplt      0x00000000080015a8        0x0 C:/ST/STM32CubeIDE_1.13.1/STM32CubeIDE/plugins/com.st.stm32cube.ide.mcu.externaltools.gnu-tools-for-stm32.11.3.rel1.win32_1.1.0.202305231506/tools/bin/../lib/gcc/arm-none-eabi/11.3.1/thumb/v7-m/nofp/crtbegin.o

.ARM.extab      0x00000000080015a8        0x0
                0x00000000080015a8                . = ALIGN (0x4)
 *(.ARM.extab* .gnu.linkonce.armextab.*)
                0x00000000080015a8                . = ALIGN (0x4)

.ARM            0x00000000080015a8        0x0
                0x00000000080015a8                . = ALIGN (0x4)
                0x00000000080015a8                __exidx_start = .
 *(.ARM.exidx*)
                0x00000000080015a8                __exidx_end = .
                0x00000000080015a8                . = ALIGN (0x4)

.preinit_array  0x00000000080015a8        0x0
                0x00000000080015a8                . = ALIGN (0x4)
                0x00000000080015a8                PROVIDE (__preinit_array_start = .)
 *(.preinit_array*)
                0x00000000080015a8                PROVIDE (__preinit_array_end = .)
                0x00000000080015a8                . = ALIGN (0x4)

.init_array     0x00000000080015a8        0x4
                0x00000000080015a8                . = ALIGN (0x4)
                0x00000000080015a8                PROVIDE (__init_array_start = .)
 *(SORT_BY_NAME(.init_array.*))
 *(.init_array*)
 .init_array    0x00000000080015a8        0x4 C:/ST/STM32CubeIDE_1.13.1/STM32CubeIDE/plugins/com.st.stm32cube.ide.mcu.externaltools.gnu-tools-for-stm32.11.3.rel1.win32_1.1.0.202305231506/tools/bin/../lib/gcc/arm-none-eabi/11.3.1/thumb/v7-m/nofp/crtbegin.o
                0x00000000080015ac                PROVIDE (__init_array_end = .)
                0x00000000080015ac                . = ALIGN (0x4)

.fini_array     0x00000000080015ac        0x4
                0x00000000080015ac                . = ALIGN (0x4)
                [!provide]                        PROVIDE (__fini_array_start = .)
 *(SORT_BY_NAME(.fini_array.*))
 *(.fini_array*)
 .fini_array    0x00000000080015ac        0x4 C:/ST/STM32CubeIDE_1.13.1/STM32CubeIDE/plugins/com.st.stm32cube.ide.mcu.externaltools.gnu-tools-for-stm32.11.3.rel1.win32_1.1.0.202305231506/tools/bin/../lib/gcc/arm-none-eabi/11.3.1/thumb/v7-m/nofp/crtbegin.o
                [!provide]                        PROVIDE (__fini_array_end = .)
                0x00000000080015b0                . = ALIGN (0x4)
                0x00000000080015b0                _sidata = LOADADDR (.data)

.data           0x0000000020000000        0xc load address 0x00000000080015b0
                0x0000000020000000                . = ALIGN (0x4)
                0x0000000020000000                _sdata = .
 *(.data)
 *(.data*)
 .data.SystemCoreClock
                0x0000000020000000        0x4 ./Core/Src/system_stm32f1xx.o
                0x0000000020000000                SystemCoreClock
 .data.uwTickFreq
                0x0000000020000004        0x1 ./Drivers/STM32F1xx_HAL_Driver/Src/stm32f1xx_hal.o
                0x0000000020000004                uwTickFreq
 *fill*         0x0000000020000005        0x3 
 .data.uwTickPrio
                0x0000000020000008        0x4 ./Drivers/STM32F1xx_HAL_Driver/Src/stm32f1xx_hal.o
                0x0000000020000008                uwTickPrio
 *(.RamFunc)
 *(.RamFunc*)
                0x000000002000000c                . = ALIGN (0x4)
                0x000000002000000c                _edata = .

.igot.plt       0x000000002000000c        0x0 load address 0x00000000080015bc
 .igot.plt      0x000000002000000c        0x0 C:/ST/STM32CubeIDE_1.13.1/STM32CubeIDE/plugins/com.st.stm32cube.ide.mcu.externaltools.gnu-tools-for-stm32.11.3.rel1.win32_1.1.0.202305231506/tools/bin/../lib/gcc/arm-none-eabi/11.3.1/thumb/v7-m/nofp/crtbegin.o
                0x000000002000000c                . = ALIGN (0x4)

.bss            0x0000000020000010       0x60 load address 0x00000000080015bc
                0x0000000020000010                _sbss = .
                0x0000000020000010                __bss_start__ = _sbss
 *(.bss)
 .bss           0x0000000020000010       0x1c C:/ST/STM32CubeIDE_1.13.1/STM32CubeIDE/plugins/com.st.stm32cube.ide.mcu.externaltools.gnu-tools-for-stm32.11.3.rel1.win32_1.1.0.202305231506/tools/bin/../lib/gcc/arm-none-eabi/11.3.1/thumb/v7-m/nofp/crtbegin.o
 *(.bss*)
 .bss.p_most_recent_val
                0x000000002000002c        0x4 ./Core/Src/firmware_update_config.o
 .bss.attempts.0
                0x0000000020000030        0x1 ./Core/Src/main.o
 *fill*         0x0000000020000031        0x3 
 .bss.fw_config
                0x0000000020000034       0x18 ./Core/Src/main.o
                0x0000000020000034                fw_config
 .bss.uwTick    0x000000002000004c        0x4 ./Drivers/STM32F1xx_HAL_Driver/Src/stm32f1xx_hal.o
                0x000000002000004c                uwTick
 .bss.pFlash    0x0000000020000050       0x20 ./Drivers/STM32F1xx_HAL_Driver/Src/stm32f1xx_hal_flash.o
                0x0000000020000050                pFlash
 *(COMMON)
                0x0000000020000070                . = ALIGN (0x4)
                0x0000000020000070                _ebss = .
                0x0000000020000070                __bss_end__ = _ebss

._user_heap_stack
                0x0000000020000070      0x600 load address 0x00000000080015bc
                0x0000000020000070                . = ALIGN (0x8)
                [!provide]                        PROVIDE (end = .)
                0x0000000020000070                PROVIDE (_end = .)
                0x0000000020000270                . = (. + _Min_Heap_Size)
 *fill*         0x0000000020000070      0x200 
                0x0000000020000670                . = (. + _Min_Stack_Size)
 *fill*         0x0000000020000270      0x400 
                0x0000000020000670                . = ALIGN (0x8)

/DISCARD/
 libc.a(*)
 libm.a(*)
 libgcc.a(*)

.ARM.attributes
                0x0000000000000000       0x29
 *(.ARM.attributes)
 .ARM.attributes
                0x0000000000000000       0x1d C:/ST/STM32CubeIDE_1.13.1/STM32CubeIDE/plugins/com.st.stm32cube.ide.mcu.externaltools.gnu-tools-for-stm32.11.3.rel1.win32_1.1.0.202305231506/tools/bin/../lib/gcc/arm-none-eabi/11.3.1/thumb/v7-m/nofp/crti.o
 .ARM.attributes
                0x000000000000001d       0x2d C:/ST/STM32CubeIDE_1.13.1/STM32CubeIDE/plugins/com.st.stm32cube.ide.mcu.externaltools.gnu-tools-for-stm32.11.3.rel1.win32_1.1.0.202305231506/tools/bin/../lib/gcc/arm-none-eabi/11.3.1/thumb/v7-m/nofp/crtbegin.o
 .ARM.attributes
                0x000000000000004a       0x2d ./Core/Src/crc32_mpeg2.o
 .ARM.attributes
                0x0000000000000077       0x2d ./Core/Src/firmware_update_config.o
 .ARM.attributes
                0x00000000000000a4       0x2d ./Core/Src/main.o
 .ARM.attributes
                0x00000000000000d1       0x2d ./Core/Src/pre_bl_side_etx_ota.o
 .ARM.attributes
                0x00000000000000fe       0x2d ./Core/Src/stm32f1xx_hal_msp.o
 .ARM.attributes
                0x000000000000012b       0x2d ./Core/Src/stm32f1xx_it.o
 .ARM.attributes
                0x0000000000000158       0x2d ./Core/Src/system_stm32f1xx.o
 .ARM.attributes
                0x0000000000000185       0x21 ./Core/Startup/startup_stm32f103c8tx.o
 .ARM.attributes
                0x00000000000001a6       0x2d ./Drivers/STM32F1xx_HAL_Driver/Src/stm32f1xx_hal.o
 .ARM.attributes
                0x00000000000001d3       0x2d ./Drivers/STM32F1xx_HAL_Driver/Src/stm32f1xx_hal_cortex.o
 .ARM.attributes
                0x0000000000000200       0x2d ./Drivers/STM32F1xx_HAL_Driver/Src/stm32f1xx_hal_flash.o
 .ARM.attributes
                0x000000000000022d       0x2d ./Drivers/STM32F1xx_HAL_Driver/Src/stm32f1xx_hal_flash_ex.o
 .ARM.attributes
                0x000000000000025a       0x2d ./Drivers/STM32F1xx_HAL_Driver/Src/stm32f1xx_hal_rcc.o
 .ARM.attributes
                0x0000000000000287       0x2d C:/ST/STM32CubeIDE_1.13.1/STM32CubeIDE/plugins/com.st.stm32cube.ide.mcu.externaltools.gnu-tools-for-stm32.11.3.rel1.win32_1.1.0.202305231506/tools/bin/../lib/gcc/arm-none-eabi/11.3.1/../../../../arm-none-eabi/lib/thumb/v7-m/nofp\libc_nano.a(libc_a-memset.o)
 .ARM.attributes
                0x00000000000002b4       0x2d C:/ST/STM32CubeIDE_1.13.1/STM32CubeIDE/plugins/com.st.stm32cube.ide.mcu.externaltools.gnu-tools-for-stm32.11.3.rel1.win32_1.1.0.202305231506/tools/bin/../lib/gcc/arm-none-eabi/11.3.1/../../../../arm-none-eabi/lib/thumb/v7-m/nofp\libc_nano.a(libc_a-init.o)
 .ARM.attributes
                0x00000000000002e1       0x1d C:/ST/STM32CubeIDE_1.13.1/STM32CubeIDE/plugins/com.st.stm32cube.ide.mcu.externaltools.gnu-tools-for-stm32.11.3.rel1.win32_1.1.0.202305231506/tools/bin/../lib/gcc/arm-none-eabi/11.3.1/thumb/v7-m/nofp/crtn.o
OUTPUT(Pre_Bootloader_Firmware.elf elf32-littlearm)
LOAD linker stubs
LOAD C:/ST/STM32CubeIDE_1.13.1/STM32CubeIDE/plugins/com.st.stm32cube.ide.mcu.externaltools.gnu-tools-for-stm32.11.3.rel1.win32_1.1.0.202305231506/tools/bin/../lib/gcc/arm-none-eabi/11.3.1/../../../../arm-none-eabi/lib/thumb/v7-m/nofp\libc.a
LOAD C:/ST/STM32CubeIDE_1.13.1/STM32CubeIDE/plugins/com.st.stm32cube.ide.mcu.externaltools.gnu-tools-for-stm32.11.3.rel1.win32_1.1.0.202305231506/tools/bin/../lib/gcc/arm-none-eabi/11.3.1/../../../../arm-none-eabi/lib/thumb/v7-m/nofp\libm.a
LOAD C:/ST/STM32CubeIDE_1.13.1/STM32CubeIDE/plugins/com.st.stm32cube.ide.mcu.externaltools.gnu-tools-for-stm32.11.3.rel1.win32_1.1.0.202305231506/tools/bin/../lib/gcc/arm-none-eabi/11.3.1/thumb/v7-m/nofp\libgcc.a

.comment        0x0000000000000000       0x43
 .comment       0x0000000000000000       0x43 C:/ST/STM32CubeIDE_1.13.1/STM32CubeIDE/plugins/com.st.stm32cube.ide.mcu.externaltools.gnu-tools-for-stm32.11.3.rel1.win32_1.1.0.202305231506/tools/bin/../lib/gcc/arm-none-eabi/11.3.1/thumb/v7-m/nofp/crtbegin.o
                                         0x44 (size before relaxing)
 .comment       0x0000000000000043       0x44 ./Core/Src/crc32_mpeg2.o
 .comment       0x0000000000000043       0x44 ./Core/Src/firmware_update_config.o
 .comment       0x0000000000000043       0x44 ./Core/Src/main.o
 .comment       0x0000000000000043       0x44 ./Core/Src/pre_bl_side_etx_ota.o
 .comment       0x0000000000000043       0x44 ./Core/Src/stm32f1xx_hal_msp.o
 .comment       0x0000000000000043       0x44 ./Core/Src/stm32f1xx_it.o
 .comment       0x0000000000000043       0x44 ./Core/Src/system_stm32f1xx.o
 .comment       0x0000000000000043       0x44 ./Drivers/STM32F1xx_HAL_Driver/Src/stm32f1xx_hal.o
 .comment       0x0000000000000043       0x44 ./Drivers/STM32F1xx_HAL_Driver/Src/stm32f1xx_hal_cortex.o
 .comment       0x0000000000000043       0x44 ./Drivers/STM32F1xx_HAL_Driver/Src/stm32f1xx_hal_flash.o
 .comment       0x0000000000000043       0x44 ./Drivers/STM32F1xx_HAL_Driver/Src/stm32f1xx_hal_flash_ex.o
 .comment       0x0000000000000043       0x44 ./Drivers/STM32F1xx_HAL_Driver/Src/stm32f1xx_hal_rcc.o

.debug_info     0x0000000000000000     0x4d1d
 .debug_info    0x0000000000000000      0x156 ./Core/Src/crc32_mpeg2.o
 .debug_info    0x0000000000000156      0x7ed ./Core/Src/firmware_update_config.o
 .debug_info    0x0000000000000943      0x816 ./Core/Src/main.o
 .debug_info    0x0000000000001159      0x44e ./Core/Src/pre_bl_side_etx_ota.o
 .debug_info    0x00000000000015a7      0x165 ./Core/Src/stm32f1xx_hal_msp.o
 .debug_info    0x000000000000170c      0x115 ./Core/Src/stm32f1xx_it.o
 .debug_info    0x0000000000001821      0x231 ./Core/Src/system_stm32f1xx.o
 .debug_info    0x0000000000001a52       0x23 ./Core/Startup/startup_stm32f103c8tx.o
 .debug_info    0x0000000000001a75      0x7dc ./Drivers/STM32F1xx_HAL_Driver/Src/stm32f1xx_hal.o
 .debug_info    0x0000000000002251      0xca5 ./Drivers/STM32F1xx_HAL_Driver/Src/stm32f1xx_hal_cortex.o
 .debug_info    0x0000000000002ef6      0x758 ./Drivers/STM32F1xx_HAL_Driver/Src/stm32f1xx_hal_flash.o
 .debug_info    0x000000000000364e      0xc66 ./Drivers/STM32F1xx_HAL_Driver/Src/stm32f1xx_hal_flash_ex.o
 .debug_info    0x00000000000042b4      0xa69 ./Drivers/STM32F1xx_HAL_Driver/Src/stm32f1xx_hal_rcc.o

.debug_abbrev   0x0000000000000000     0x1b21
 .debug_abbrev  0x0000000000000000       0xd1 ./Core/Src/crc32_mpeg2.o
 .debug_abbrev  0x00000000000000d1      0x2d4 ./Core/Src/firmware_update_config.o
 .debug_abbrev  0x00000000000003a5      0x32d ./Core/Src/main.o
 .debug_abbrev  0x00000000000006d2      0x1d2 ./Core/Src/pre_bl_side_etx_ota.o
 .debug_abbrev  0x00000000000008a4       0xc4 ./Core/Src/stm32f1xx_hal_msp.o
 .debug_abbrev  0x0000000000000968       0xb6 ./Core/Src/stm32f1xx_it.o
 .debug_abbrev  0x0000000000000a1e      0x145 ./Core/Src/system_stm32f1xx.o
 .debug_abbrev  0x0000000000000b63       0x12 ./Core/Startup/startup_stm32f103c8tx.o
 .debug_abbrev  0x0000000000000b75      0x272 ./Drivers/STM32F1xx_HAL_Driver/Src/stm32f1xx_hal.o
 .debug_abbrev  0x0000000000000de7      0x364 ./Drivers/STM32F1xx_HAL_Driver/Src/stm32f1xx_hal_cortex.o
 .debug_abbrev  0x000000000000114b      0x352 ./Drivers/STM32F1xx_HAL_Driver/Src/stm32f1xx_hal_flash.o
 .debug_abbrev  0x000000000000149d      0x340 ./Drivers/STM32F1xx_HAL_Driver/Src/stm32f1xx_hal_flash_ex.o
 .debug_abbrev  0x00000000000017dd      0x344 ./Drivers/STM32F1xx_HAL_Driver/Src/stm32f1xx_hal_rcc.o

.debug_loclists
                0x0000000000000000     0x19aa
 .debug_loclists
                0x0000000000000000       0xfc ./Core/Src/crc32_mpeg2.o
 .debug_loclists
                0x00000000000000fc      0x2cf ./Core/Src/firmware_update_config.o
 .debug_loclists
                0x00000000000003cb       0x73 ./Core/Src/main.o
 .debug_loclists
                0x000000000000043e       0xce ./Core/Src/pre_bl_side_etx_ota.o
 .debug_loclists
                0x000000000000050c       0x9f ./Core/Src/system_stm32f1xx.o
 .debug_loclists
                0x00000000000005ab       0xe2 ./Drivers/STM32F1xx_HAL_Driver/Src/stm32f1xx_hal.o
 .debug_loclists
                0x000000000000068d      0x45b ./Drivers/STM32F1xx_HAL_Driver/Src/stm32f1xx_hal_cortex.o
 .debug_loclists
                0x0000000000000ae8      0x402 ./Drivers/STM32F1xx_HAL_Driver/Src/stm32f1xx_hal_flash.o
 .debug_loclists
                0x0000000000000eea      0x64b ./Drivers/STM32F1xx_HAL_Driver/Src/stm32f1xx_hal_flash_ex.o
 .debug_loclists
                0x0000000000001535      0x475 ./Drivers/STM32F1xx_HAL_Driver/Src/stm32f1xx_hal_rcc.o

.debug_aranges  0x0000000000000000      0x418
 .debug_aranges
                0x0000000000000000       0x20 ./Core/Src/crc32_mpeg2.o
 .debug_aranges
                0x0000000000000020       0x38 ./Core/Src/firmware_update_config.o
 .debug_aranges
                0x0000000000000058       0x30 ./Core/Src/main.o
 .debug_aranges
                0x0000000000000088       0x20 ./Core/Src/pre_bl_side_etx_ota.o
 .debug_aranges
                0x00000000000000a8       0x20 ./Core/Src/stm32f1xx_hal_msp.o
 .debug_aranges
                0x00000000000000c8       0x50 ./Core/Src/stm32f1xx_it.o
 .debug_aranges
                0x0000000000000118       0x28 ./Core/Src/system_stm32f1xx.o
 .debug_aranges
                0x0000000000000140       0x28 ./Core/Startup/startup_stm32f103c8tx.o
 .debug_aranges
                0x0000000000000168       0xd8 ./Drivers/STM32F1xx_HAL_Driver/Src/stm32f1xx_hal.o
 .debug_aranges
                0x0000000000000240       0x90 ./Drivers/STM32F1xx_HAL_Driver/Src/stm32f1xx_hal_cortex.o
 .debug_aranges
                0x00000000000002d0       0x70 ./Drivers/STM32F1xx_HAL_Driver/Src/stm32f1xx_hal_flash.o
 .debug_aranges
                0x0000000000000340       0x50 ./Drivers/STM32F1xx_HAL_Driver/Src/stm32f1xx_hal_flash_ex.o
 .debug_aranges
                0x0000000000000390       0x88 ./Drivers/STM32F1xx_HAL_Driver/Src/stm32f1xx_hal_rcc.o

.debug_rnglists
                0x0000000000000000      0x5ba
 .debug_rnglists
                0x0000000000000000       0x2b ./Core/Src/crc32_mpeg2.o
 .debug_rnglists
                0x000000000000002b       0x8e ./Core/Src/firmware_update_config.o
 .debug_rnglists
                0x00000000000000b9       0x20 ./Core/Src/main.o
 .debug_rnglists
                0x00000000000000d9       0x2c ./Core/Src/pre_bl_side_etx_ota.o
 .debug_rnglists
                0x0000000000000105       0x1f ./Core/Src/stm32f1xx_hal_msp.o
 .debug_rnglists
                0x0000000000000124       0x37 ./Core/Src/stm32f1xx_it.o
 .debug_rnglists
                0x000000000000015b       0x19 ./Core/Src/system_stm32f1xx.o
 .debug_rnglists
                0x0000000000000174       0x19 ./Core/Startup/startup_stm32f103c8tx.o
 .debug_rnglists
                0x000000000000018d       0x9d ./Drivers/STM32F1xx_HAL_Driver/Src/stm32f1xx_hal.o
 .debug_rnglists
                0x000000000000022a       0xdf ./Drivers/STM32F1xx_HAL_Driver/Src/stm32f1xx_hal_cortex.o
 .debug_rnglists
                0x0000000000000309       0xee ./Drivers/STM32F1xx_HAL_Driver/Src/stm32f1xx_hal_flash.o
 .debug_rnglists
                0x00000000000003f7       0xf7 ./Drivers/STM32F1xx_HAL_Driver/Src/stm32f1xx_hal_flash_ex.o
 .debug_rnglists
                0x00000000000004ee       0xcc ./Drivers/STM32F1xx_HAL_Driver/Src/stm32f1xx_hal_rcc.o

.debug_macro    0x0000000000000000    0x16a72
 .debug_macro   0x0000000000000000       0x6d ./Core/Src/crc32_mpeg2.o
 .debug_macro   0x000000000000006d      0xa9c ./Core/Src/crc32_mpeg2.o
 .debug_macro   0x0000000000000b09       0x22 ./Core/Src/crc32_mpeg2.o
 .debug_macro   0x0000000000000b2b       0x8e ./Core/Src/crc32_mpeg2.o
 .debug_macro   0x0000000000000bb9       0x51 ./Core/Src/crc32_mpeg2.o
 .debug_macro   0x0000000000000c0a      0x103 ./Core/Src/crc32_mpeg2.o
 .debug_macro   0x0000000000000d0d       0x6a ./Core/Src/crc32_mpeg2.o
 .debug_macro   0x0000000000000d77      0x1df ./Core/Src/crc32_mpeg2.o
 .debug_macro   0x0000000000000f56      0x2bc ./Core/Src/firmware_update_config.o
 .debug_macro   0x0000000000001212       0x10 ./Core/Src/firmware_update_config.o
 .debug_macro   0x0000000000001222       0x16 ./Core/Src/firmware_update_config.o
 .debug_macro   0x0000000000001238       0x2e ./Core/Src/firmware_update_config.o
 .debug_macro   0x0000000000001266       0x10 ./Core/Src/firmware_update_config.o
 .debug_macro   0x0000000000001276       0x61 ./Core/Src/firmware_update_config.o
 .debug_macro   0x00000000000012d7       0x24 ./Core/Src/firmware_update_config.o
 .debug_macro   0x00000000000012fb       0x43 ./Core/Src/firmware_update_config.o
 .debug_macro   0x000000000000133e       0x34 ./Core/Src/firmware_update_config.o
 .debug_macro   0x0000000000001372      0x174 ./Core/Src/firmware_update_config.o
 .debug_macro   0x00000000000014e6       0x16 ./Core/Src/firmware_update_config.o
 .debug_macro   0x00000000000014fc       0x43 ./Core/Src/firmware_update_config.o
 .debug_macro   0x000000000000153f       0x34 ./Core/Src/firmware_update_config.o
 .debug_macro   0x0000000000001573       0x10 ./Core/Src/firmware_update_config.o
 .debug_macro   0x0000000000001583       0x58 ./Core/Src/firmware_update_config.o
 .debug_macro   0x00000000000015db       0x8e ./Core/Src/firmware_update_config.o
 .debug_macro   0x0000000000001669       0x1c ./Core/Src/firmware_update_config.o
 .debug_macro   0x0000000000001685      0x177 ./Core/Src/firmware_update_config.o
 .debug_macro   0x00000000000017fc      0x369 ./Core/Src/firmware_update_config.o
 .debug_macro   0x0000000000001b65       0x10 ./Core/Src/firmware_update_config.o
 .debug_macro   0x0000000000001b75       0x35 ./Core/Src/firmware_update_config.o
 .debug_macro   0x0000000000001baa       0x20 ./Core/Src/firmware_update_config.o
 .debug_macro   0x0000000000001bca      0x20f ./Core/Src/firmware_update_config.o
 .debug_macro   0x0000000000001dd9       0x2e ./Core/Src/firmware_update_config.o
 .debug_macro   0x0000000000001e07       0x22 ./Core/Src/firmware_update_config.o
 .debug_macro   0x0000000000001e29       0x1c ./Core/Src/firmware_update_config.o
 .debug_macro   0x0000000000001e45       0x22 ./Core/Src/firmware_update_config.o
 .debug_macro   0x0000000000001e67       0xbd ./Core/Src/firmware_update_config.o
 .debug_macro   0x0000000000001f24      0xd23 ./Core/Src/firmware_update_config.o
 .debug_macro   0x0000000000002c47     0xe09e ./Core/Src/firmware_update_config.o
 .debug_macro   0x0000000000010ce5       0x6d ./Core/Src/firmware_update_config.o
 .debug_macro   0x0000000000010d52     0x348d ./Core/Src/firmware_update_config.o
 .debug_macro   0x00000000000141df       0x56 ./Core/Src/firmware_update_config.o
 .debug_macro   0x0000000000014235      0x5bc ./Core/Src/firmware_update_config.o
 .debug_macro   0x00000000000147f1      0x289 ./Core/Src/firmware_update_config.o
 .debug_macro   0x0000000000014a7a      0x1cb ./Core/Src/firmware_update_config.o
 .debug_macro   0x0000000000014c45      0x114 ./Core/Src/firmware_update_config.o
 .debug_macro   0x0000000000014d59      0x1b2 ./Core/Src/firmware_update_config.o
 .debug_macro   0x0000000000014f0b       0x27 ./Core/Src/firmware_update_config.o
 .debug_macro   0x0000000000014f32      0x136 ./Core/Src/firmware_update_config.o
 .debug_macro   0x0000000000015068      0x1bc ./Core/Src/firmware_update_config.o
 .debug_macro   0x0000000000015224       0x34 ./Core/Src/firmware_update_config.o
 .debug_macro   0x0000000000015258       0x3c ./Core/Src/firmware_update_config.o
 .debug_macro   0x0000000000015294       0x57 ./Core/Src/firmware_update_config.o
 .debug_macro   0x00000000000152eb       0x87 ./Core/Src/firmware_update_config.o
 .debug_macro   0x0000000000015372      0x240 ./Core/Src/firmware_update_config.o
 .debug_macro   0x00000000000155b2      0x140 ./Core/Src/firmware_update_config.o
 .debug_macro   0x00000000000156f2       0x83 ./Core/Src/firmware_update_config.o
 .debug_macro   0x0000000000015775      0x2c4 ./Core/Src/main.o
 .debug_macro   0x0000000000015a39       0x5c ./Core/Src/main.o
 .debug_macro   0x0000000000015a95       0x16 ./Core/Src/main.o
 .debug_macro   0x0000000000015aab       0x10 ./Core/Src/main.o
 .debug_macro   0x0000000000015abb       0x16 ./Core/Src/main.o
 .debug_macro   0x0000000000015ad1       0x16 ./Core/Src/main.o
 .debug_macro   0x0000000000015ae7      0x147 ./Core/Src/main.o
 .debug_macro   0x0000000000015c2e      0x1be ./Core/Src/pre_bl_side_etx_ota.o
 .debug_macro   0x0000000000015dec      0x18e ./Core/Src/stm32f1xx_hal_msp.o
 .debug_macro   0x0000000000015f7a      0x198 ./Core/Src/stm32f1xx_it.o
 .debug_macro   0x0000000000016112      0x184 ./Core/Src/system_stm32f1xx.o
 .debug_macro   0x0000000000016296      0x1a8 ./Drivers/STM32F1xx_HAL_Driver/Src/stm32f1xx_hal.o
 .debug_macro   0x000000000001643e      0x184 ./Drivers/STM32F1xx_HAL_Driver/Src/stm32f1xx_hal_cortex.o
 .debug_macro   0x00000000000165c2      0x184 ./Drivers/STM32F1xx_HAL_Driver/Src/stm32f1xx_hal_flash.o
 .debug_macro   0x0000000000016746      0x196 ./Drivers/STM32F1xx_HAL_Driver/Src/stm32f1xx_hal_flash_ex.o
 .debug_macro   0x00000000000168dc      0x196 ./Drivers/STM32F1xx_HAL_Driver/Src/stm32f1xx_hal_rcc.o

.debug_line     0x0000000000000000     0x7f94
 .debug_line    0x0000000000000000      0x493 ./Core/Src/crc32_mpeg2.o
 .debug_line    0x0000000000000493      0xc24 ./Core/Src/firmware_update_config.o
 .debug_line    0x00000000000010b7      0xabc ./Core/Src/main.o
 .debug_line    0x0000000000001b73      0x85a ./Core/Src/pre_bl_side_etx_ota.o
 .debug_line    0x00000000000023cd      0x6c6 ./Core/Src/stm32f1xx_hal_msp.o
 .debug_line    0x0000000000002a93      0x789 ./Core/Src/stm32f1xx_it.o
 .debug_line    0x000000000000321c      0x737 ./Core/Src/system_stm32f1xx.o
 .debug_line    0x0000000000003953       0x78 ./Core/Startup/startup_stm32f103c8tx.o
 .debug_line    0x00000000000039cb      0xa05 ./Drivers/STM32F1xx_HAL_Driver/Src/stm32f1xx_hal.o
 .debug_line    0x00000000000043d0      0xbea ./Drivers/STM32F1xx_HAL_Driver/Src/stm32f1xx_hal_cortex.o
 .debug_line    0x0000000000004fba      0xedb ./Drivers/STM32F1xx_HAL_Driver/Src/stm32f1xx_hal_flash.o
 .debug_line    0x0000000000005e95      0xee9 ./Drivers/STM32F1xx_HAL_Driver/Src/stm32f1xx_hal_flash_ex.o
 .debug_line    0x0000000000006d7e     0x1216 ./Drivers/STM32F1xx_HAL_Driver/Src/stm32f1xx_hal_rcc.o

.debug_str      0x0000000000000000    0x8005d
 .debug_str     0x0000000000000000     0x3be9 ./Core/Src/crc32_mpeg2.o
                                       0x3d5a (size before relaxing)
 .debug_str     0x0000000000003be9    0x7a6c4 ./Core/Src/firmware_update_config.o
                                      0x7e5df (size before relaxing)
 .debug_str     0x000000000007e2ad      0xb11 ./Core/Src/main.o
                                      0x7ebb8 (size before relaxing)
 .debug_str     0x000000000007edbe       0x3c ./Core/Src/pre_bl_side_etx_ota.o
                                      0x7b134 (size before relaxing)
 .debug_str     0x000000000007edfa       0x2c ./Core/Src/stm32f1xx_hal_msp.o
                                      0x7ac78 (size before relaxing)
 .debug_str     0x000000000007ee26       0xc9 ./Core/Src/stm32f1xx_it.o
                                      0x7acbb (size before relaxing)
 .debug_str     0x000000000007eeef       0x7e ./Core/Src/system_stm32f1xx.o
                                      0x7acd1 (size before relaxing)
 .debug_str     0x000000000007ef6d       0x34 ./Core/Startup/startup_stm32f103c8tx.o
                                         0xc6 (size before relaxing)
 .debug_str     0x000000000007efa1      0x605 ./Drivers/STM32F1xx_HAL_Driver/Src/stm32f1xx_hal.o
                                      0x7b404 (size before relaxing)
 .debug_str     0x000000000007f5a6      0x2b0 ./Drivers/STM32F1xx_HAL_Driver/Src/stm32f1xx_hal_cortex.o
                                      0x7b350 (size before relaxing)
 .debug_str     0x000000000007f856      0x289 ./Drivers/STM32F1xx_HAL_Driver/Src/stm32f1xx_hal_flash.o
                                      0x7afac (size before relaxing)
 .debug_str     0x000000000007fadf      0x314 ./Drivers/STM32F1xx_HAL_Driver/Src/stm32f1xx_hal_flash_ex.o
                                      0x7b15a (size before relaxing)
 .debug_str     0x000000000007fdf3      0x26a ./Drivers/STM32F1xx_HAL_Driver/Src/stm32f1xx_hal_rcc.o
                                      0x7b100 (size before relaxing)

.debug_frame    0x0000000000000000      0x960
 .debug_frame   0x0000000000000000       0x2c ./Core/Src/crc32_mpeg2.o
 .debug_frame   0x000000000000002c       0xbc ./Core/Src/firmware_update_config.o
 .debug_frame   0x00000000000000e8       0x5c ./Core/Src/main.o
 .debug_frame   0x0000000000000144       0x3c ./Core/Src/pre_bl_side_etx_ota.o
 .debug_frame   0x0000000000000180       0x28 ./Core/Src/stm32f1xx_hal_msp.o
 .debug_frame   0x00000000000001a8       0xa0 ./Core/Src/stm32f1xx_it.o
 .debug_frame   0x0000000000000248       0x30 ./Core/Src/system_stm32f1xx.o
 .debug_frame   0x0000000000000278      0x1d4 ./Drivers/STM32F1xx_HAL_Driver/Src/stm32f1xx_hal.o
 .debug_frame   0x000000000000044c      0x128 ./Drivers/STM32F1xx_HAL_Driver/Src/stm32f1xx_hal_cortex.o
 .debug_frame   0x0000000000000574      0x148 ./Drivers/STM32F1xx_HAL_Driver/Src/stm32f1xx_hal_flash.o
 .debug_frame   0x00000000000006bc       0xc8 ./Drivers/STM32F1xx_HAL_Driver/Src/stm32f1xx_hal_flash_ex.o
 .debug_frame   0x0000000000000784      0x190 ./Drivers/STM32F1xx_HAL_Driver/Src/stm32f1xx_hal_rcc.o
 .debug_frame   0x0000000000000914       0x20 C:/ST/STM32CubeIDE_1.13.1/STM32CubeIDE/plugins/com.st.stm32cube.ide.mcu.externaltools.gnu-tools-for-stm32.11.3.rel1.win32_1.1.0.202305231506/tools/bin/../lib/gcc/arm-none-eabi/11.3.1/../../../../arm-none-eabi/lib/thumb/v7-m/nofp\libc_nano.a(libc_a-memset.o)
 .debug_frame   0x0000000000000934       0x2c C:/ST/STM32CubeIDE_1.13.1/STM32CubeIDE/plugins/com.st.stm32cube.ide.mcu.externaltools.gnu-tools-for-stm32.11.3.rel1.win32_1.1.0.202305231506/tools/bin/../lib/gcc/arm-none-eabi/11.3.1/../../../../arm-none-eabi/lib/thumb/v7-m/nofp\libc_nano.a(libc_a-init.o)

.debug_line_str
                0x0000000000000000       0xba
 .debug_line_str
                0x0000000000000000       0xba ./Core/Startup/startup_stm32f103c8tx.o
                                         0xd2 (size before relaxing)
